Archive member included to satisfy reference by file (symbol)

motorDriver\libmotorDriver.a(driver.cpp.obj)
                              CMakeFiles/Roomba.dir/main.cpp.obj (driver::driver(int, int, int, int, int, int))
c:/progra~2/gnuarm~1/102021~1.10/bin/../lib/gcc/arm-none-eabi/10.3.1/thumb/v6-m/nofp\libgcc.a(_dvmd_tls.o)
                              CMakeFiles/Roomba.dir/D_/RaspberryPiPico/Pico/pico-sdk/src/rp2_common/pico_divider/divider.S.obj (__aeabi_idiv0)
c:/progra~2/gnuarm~1/102021~1.10/bin/../lib/gcc/arm-none-eabi/10.3.1/../../../../arm-none-eabi/lib/thumb/v6-m/nofp\libg.a(lib_a-calloc.o)
                              CMakeFiles/Roomba.dir/D_/RaspberryPiPico/Pico/pico-sdk/src/rp2_common/pico_malloc/pico_malloc.c.obj (calloc)
c:/progra~2/gnuarm~1/102021~1.10/bin/../lib/gcc/arm-none-eabi/10.3.1/../../../../arm-none-eabi/lib/thumb/v6-m/nofp\libg.a(lib_a-callocr.o)
                              c:/progra~2/gnuarm~1/102021~1.10/bin/../lib/gcc/arm-none-eabi/10.3.1/../../../../arm-none-eabi/lib/thumb/v6-m/nofp\libg.a(lib_a-calloc.o) (_calloc_r)
c:/progra~2/gnuarm~1/102021~1.10/bin/../lib/gcc/arm-none-eabi/10.3.1/../../../../arm-none-eabi/lib/thumb/v6-m/nofp\libg.a(lib_a-ctype_.o)
                              CMakeFiles/Roomba.dir/D_/RaspberryPiPico/Pico/pico-sdk/lib/tinyusb/src/tusb.c.obj (_ctype_)
c:/progra~2/gnuarm~1/102021~1.10/bin/../lib/gcc/arm-none-eabi/10.3.1/../../../../arm-none-eabi/lib/thumb/v6-m/nofp\libg.a(lib_a-errno.o)
                              c:/progra~2/gnuarm~1/102021~1.10/bin/../lib/gcc/arm-none-eabi/10.3.1/../../../../arm-none-eabi/lib/thumb/v6-m/nofp\libg.a(lib_a-callocr.o) (__errno)
c:/progra~2/gnuarm~1/102021~1.10/bin/../lib/gcc/arm-none-eabi/10.3.1/../../../../arm-none-eabi/lib/thumb/v6-m/nofp\libg.a(lib_a-impure.o)
                              c:/progra~2/gnuarm~1/102021~1.10/bin/../lib/gcc/arm-none-eabi/10.3.1/../../../../arm-none-eabi/lib/thumb/v6-m/nofp\libg.a(lib_a-calloc.o) (_impure_ptr)
c:/progra~2/gnuarm~1/102021~1.10/bin/../lib/gcc/arm-none-eabi/10.3.1/../../../../arm-none-eabi/lib/thumb/v6-m/nofp\libg.a(lib_a-init.o)
                              c:/progra~2/gnuarm~1/102021~1.10/bin/../lib/gcc/arm-none-eabi/10.3.1/../../../../arm-none-eabi/lib/thumb/v6-m/nofp/crt0.o (__libc_init_array)
c:/progra~2/gnuarm~1/102021~1.10/bin/../lib/gcc/arm-none-eabi/10.3.1/../../../../arm-none-eabi/lib/thumb/v6-m/nofp\libg.a(lib_a-malloc.o)
                              CMakeFiles/Roomba.dir/D_/RaspberryPiPico/Pico/pico-sdk/src/rp2_common/pico_malloc/pico_malloc.c.obj (malloc)
c:/progra~2/gnuarm~1/102021~1.10/bin/../lib/gcc/arm-none-eabi/10.3.1/../../../../arm-none-eabi/lib/thumb/v6-m/nofp\libg.a(lib_a-mallocr.o)
                              c:/progra~2/gnuarm~1/102021~1.10/bin/../lib/gcc/arm-none-eabi/10.3.1/../../../../arm-none-eabi/lib/thumb/v6-m/nofp\libg.a(lib_a-callocr.o) (_malloc_r)
c:/progra~2/gnuarm~1/102021~1.10/bin/../lib/gcc/arm-none-eabi/10.3.1/../../../../arm-none-eabi/lib/thumb/v6-m/nofp\libg.a(lib_a-mlock.o)
                              c:/progra~2/gnuarm~1/102021~1.10/bin/../lib/gcc/arm-none-eabi/10.3.1/../../../../arm-none-eabi/lib/thumb/v6-m/nofp\libg.a(lib_a-mallocr.o) (__malloc_lock)
c:/progra~2/gnuarm~1/102021~1.10/bin/../lib/gcc/arm-none-eabi/10.3.1/../../../../arm-none-eabi/lib/thumb/v6-m/nofp\libg.a(lib_a-rand.o)
                              CMakeFiles/Roomba.dir/main.cpp.obj (srand)
c:/progra~2/gnuarm~1/102021~1.10/bin/../lib/gcc/arm-none-eabi/10.3.1/../../../../arm-none-eabi/lib/thumb/v6-m/nofp\libg.a(lib_a-realloc.o)
                              CMakeFiles/Roomba.dir/D_/RaspberryPiPico/Pico/pico-sdk/src/rp2_common/pico_malloc/pico_malloc.c.obj (realloc)
c:/progra~2/gnuarm~1/102021~1.10/bin/../lib/gcc/arm-none-eabi/10.3.1/../../../../arm-none-eabi/lib/thumb/v6-m/nofp\libg.a(lib_a-reallocr.o)
                              c:/progra~2/gnuarm~1/102021~1.10/bin/../lib/gcc/arm-none-eabi/10.3.1/../../../../arm-none-eabi/lib/thumb/v6-m/nofp\libg.a(lib_a-realloc.o) (_realloc_r)
c:/progra~2/gnuarm~1/102021~1.10/bin/../lib/gcc/arm-none-eabi/10.3.1/../../../../arm-none-eabi/lib/thumb/v6-m/nofp\libg.a(lib_a-sbrkr.o)
                              c:/progra~2/gnuarm~1/102021~1.10/bin/../lib/gcc/arm-none-eabi/10.3.1/../../../../arm-none-eabi/lib/thumb/v6-m/nofp\libg.a(lib_a-mallocr.o) (_sbrk_r)
c:/progra~2/gnuarm~1/102021~1.10/bin/../lib/gcc/arm-none-eabi/10.3.1/../../../../arm-none-eabi/lib/thumb/v6-m/nofp\libg.a(lib_a-strlen-stub.o)
                              CMakeFiles/Roomba.dir/D_/RaspberryPiPico/Pico/pico-sdk/src/rp2_common/pico_stdio/stdio.c.obj (strlen)
c:/progra~2/gnuarm~1/102021~1.10/bin/../lib/gcc/arm-none-eabi/10.3.1/../../../../arm-none-eabi/lib/thumb/v6-m/nofp\libg.a(lib_a-freer.o)
                              c:/progra~2/gnuarm~1/102021~1.10/bin/../lib/gcc/arm-none-eabi/10.3.1/../../../../arm-none-eabi/lib/thumb/v6-m/nofp\libg.a(lib_a-malloc.o) (_free_r)
[...]
Memory Configuration

Name             Origin             Length             Attributes
FLASH            0x10000000         0x00200000         xr
RAM              0x20000000         0x00040000         xrw
SCRATCH_X        0x20040000         0x00001000         xrw
SCRATCH_Y        0x20041000         0x00001000         xrw
*default*        0x00000000         0xffffffff

Linker script and memory map

LOAD c:/progra~2/gnuarm~1/102021~1.10/bin/../lib/gcc/arm-none-eabi/10.3.1/thumb/v6-m/nofp/crti.o
LOAD c:/progra~2/gnuarm~1/102021~1.10/bin/../lib/gcc/arm-none-eabi/10.3.1/thumb/v6-m/nofp/crtbegin.o
LOAD c:/progra~2/gnuarm~1/102021~1.10/bin/../lib/gcc/arm-none-eabi/10.3.1/../../../../arm-none-eabi/lib/thumb/v6-m/nofp/crt0.o

.flash_begin    0x10000000        0x0
                0x10000000                __flash_binary_start = .

.boot2          0x10000000      0x100
                0x10000000                __boot2_start__ = .
 *(.boot2)
 .boot2         0x10000000      0x100 C:\Users\Aerkany\AppData\Local\Temp\ccgqS9Ab.o
                0x10000100                __boot2_end__ = .
                0x00000001                ASSERT (((__boot2_end__ - __boot2_start__) == 0x100), ERROR: Pico second stage bootloader must be 256 bytes in size)

.text           0x10000100     0x7bb8
                0x10000100                __logical_binary_start = .
 *(.vectors)
 .vectors       0x10000100       0xd4 CMakeFiles/Roomba.dir/D_/RaspberryPiPico/Pico/pico-sdk/src/rp2_common/pico_standard_link/crt0.S.obj
                0x10000100                __VECTOR_TABLE
                0x10000100                __vectors
                0x100001c0                isr_invalid
                0x100001c0                __default_isrs_start
                0x100001c2                isr_nmi
                0x100001c4                isr_hardfault
                0x100001c6                isr_svcall
                0x100001c8                isr_pendsv
                0x100001ca                isr_systick
                0x100001cc                isr_irq23
                0x100001cc                isr_irq18
                0x100001cc                isr_irq11
                0x100001cc                isr_irq28
                0x100001cc                isr_irq19
                0x100001cc                isr_irq0
                0x100001cc                isr_irq6
                0x100001cc                isr_irq5
                0x100001cc                isr_irq12
                0x100001cc                isr_irq22
                0x100001cc                isr_irq31
                0x100001cc                isr_irq17
                0x100001cc                isr_irq27
                0x100001cc                isr_irq30
                0x100001cc                isr_irq2
                0x100001cc                isr_irq10
                0x100001cc                isr_irq8
                0x100001cc                isr_irq24
                0x100001cc                isr_irq1
                0x100001cc                isr_irq7
                0x100001cc                isr_irq21
                0x100001cc                isr_irq20
                0x100001cc                isr_irq15
                0x100001cc                isr_irq25
                0x100001cc                isr_irq13
                0x100001cc                __unhandled_user_irq
                0x100001cc                isr_irq4
                0x100001cc                isr_irq16
                0x100001cc                isr_irq29
                0x100001cc                isr_irq26
                0x100001cc                __default_isrs_end
                0x100001cc                isr_irq3
                0x100001cc                isr_irq14
                0x100001cc                isr_irq9
                0x100001d2                unhandled_user_irq_num_in_r0
 *(.binary_info_header)
 .binary_info_header
                0x100001d4       0x14 CMakeFiles/Roomba.dir/D_/RaspberryPiPico/Pico/pico-sdk/src/rp2_common/pico_standard_link/crt0.S.obj
                0x100001e8                __binary_info_header_end = .
 *(.reset)
 .reset         0x100001e8       0xa8 CMakeFiles/Roomba.dir/D_/RaspberryPiPico/Pico/pico-sdk/src/rp2_common/pico_standard_link/crt0.S.obj
                0x100001e8                _entry_point
                0x10000266                __get_current_exception
 .reset         0x10000290       0x30 CMakeFiles/Roomba.dir/D_/RaspberryPiPico/Pico/pico-sdk/src/rp2_common/pico_standard_link/binary_info.c.obj
 *(.init)
 .init          0x100002c0        0x4 c:/progra~2/gnuarm~1/102021~1.10/bin/../lib/gcc/arm-none-eabi/10.3.1/thumb/v6-m/nofp/crti.o
                0x100002c0                _init
 *(EXCLUDE_FILE(*libm.a: *libc.a:*lib_a-mem*.o *libgcc.a:) .text*)
 .text          0x100002c4       0x48 c:/progra~2/gnuarm~1/102021~1.10/bin/../lib/gcc/arm-none-eabi/10.3.1/thumb/v6-m/nofp/crtbegin.o
 .text._Z41__static_initialization_and_destruction_0ii
                0x1000030c       0x34 CMakeFiles/Roomba.dir/main.cpp.obj
 .text._Z21seed_random_from_roscv
                0x10000340       0x50 CMakeFiles/Roomba.dir/main.cpp.obj
                0x10000340                seed_random_from_rosc()
 .text._Z13reserved_addrh
                0x10000390       0x1a CMakeFiles/Roomba.dir/main.cpp.obj
                0x10000390                reserved_addr(unsigned char)
 *fill*         0x100003aa        0x2 
 .text._Z7busScanv
                0x100003ac       0xd0 CMakeFiles/Roomba.dir/main.cpp.obj
                0x100003ac                busScan()
 .text.main     0x1000047c       0x7c CMakeFiles/Roomba.dir/main.cpp.obj
                0x1000047c                main
 .text._GLOBAL__sub_I__Z21seed_random_from_roscv
                0x100004f8       0x10 CMakeFiles/Roomba.dir/main.cpp.obj
 .text.gpio_set_function
                0x10000508       0x30 CMakeFiles/Roomba.dir/D_/RaspberryPiPico/Pico/pico-sdk/src/rp2_common/hardware_gpio/gpio.c.obj
                0x10000508                gpio_set_function
 .text.gpio_init
                0x10000538       0x16 CMakeFiles/Roomba.dir/D_/RaspberryPiPico/Pico/pico-sdk/src/rp2_common/hardware_gpio/gpio.c.obj
                0x10000538                gpio_init
 .text.gpio_init_mask
                0x1000054e       0x1e CMakeFiles/Roomba.dir/D_/RaspberryPiPico/Pico/pico-sdk/src/rp2_common/hardware_gpio/gpio.c.obj
                0x1000054e                gpio_init_mask
 .text.hw_claim_lock
                0x1000056c       0x18 CMakeFiles/Roomba.dir/D_/RaspberryPiPico/Pico/pico-sdk/src/rp2_common/hardware_claim/claim.c.obj
                0x1000056c                hw_claim_lock
 .text.hw_claim_unlock
                0x10000584       0x14 CMakeFiles/Roomba.dir/D_/RaspberryPiPico/Pico/pico-sdk/src/rp2_common/hardware_claim/claim.c.obj
                0x10000584                hw_claim_unlock
 .text.hw_claim_or_assert
                0x10000598       0x32 CMakeFiles/Roomba.dir/D_/RaspberryPiPico/Pico/pico-sdk/src/rp2_common/hardware_claim/claim.c.obj
                0x10000598                hw_claim_or_assert
 .text.hw_claim_unused_from_range
                0x100005ca       0x50 CMakeFiles/Roomba.dir/D_/RaspberryPiPico/Pico/pico-sdk/src/rp2_common/hardware_claim/claim.c.obj
                0x100005ca                hw_claim_unused_from_range
 *fill*         0x1000061a        0x2 
 .text.running_on_fpga
                0x1000061c       0x14 CMakeFiles/Roomba.dir/D_/RaspberryPiPico/Pico/pico-sdk/src/rp2_common/pico_platform/platform.c.obj
                0x1000061c                running_on_fpga
 .text.spin_locks_reset
                0x10000630       0x20 CMakeFiles/Roomba.dir/D_/RaspberryPiPico/Pico/pico-sdk/src/rp2_common/hardware_sync/sync.c.obj
                0x10000630                spin_locks_reset
 .text.next_striped_spin_lock_num
                0x10000650       0x1c CMakeFiles/Roomba.dir/D_/RaspberryPiPico/Pico/pico-sdk/src/rp2_common/hardware_sync/sync.c.obj
                0x10000650                next_striped_spin_lock_num
 .text.spin_lock_claim_unused
                0x1000066c       0x20 CMakeFiles/Roomba.dir/D_/RaspberryPiPico/Pico/pico-sdk/src/rp2_common/hardware_sync/sync.c.obj
                0x1000066c                spin_lock_claim_unused
 .text.set_raw_irq_handler_and_unlock
                0x1000068c       0x28 CMakeFiles/Roomba.dir/D_/RaspberryPiPico/Pico/pico-sdk/src/rp2_common/hardware_irq/irq.c.obj
 .text.make_branch
                0x100006b4       0x48 CMakeFiles/Roomba.dir/D_/RaspberryPiPico/Pico/pico-sdk/src/rp2_common/hardware_irq/irq.c.obj
 .text.insert_branch_and_link
                0x100006fc       0x40 CMakeFiles/Roomba.dir/D_/RaspberryPiPico/Pico/pico-sdk/src/rp2_common/hardware_irq/irq.c.obj
 .text.irq_is_enabled
                0x1000073c       0x18 CMakeFiles/Roomba.dir/D_/RaspberryPiPico/Pico/pico-sdk/src/rp2_common/hardware_irq/irq.c.obj
                0x1000073c                irq_is_enabled
 .text.irq_set_mask_enabled
                0x10000754       0x20 CMakeFiles/Roomba.dir/D_/RaspberryPiPico/Pico/pico-sdk/src/rp2_common/hardware_irq/irq.c.obj
                0x10000754                irq_set_mask_enabled
 .text.irq_set_enabled
                0x10000774        0xe CMakeFiles/Roomba.dir/D_/RaspberryPiPico/Pico/pico-sdk/src/rp2_common/hardware_irq/irq.c.obj
                0x10000774                irq_set_enabled
 *fill*         0x10000782        0x2 
 .text.irq_set_pending
                0x10000784       0x10 CMakeFiles/Roomba.dir/D_/RaspberryPiPico/Pico/pico-sdk/src/rp2_common/hardware_irq/irq.c.obj
                0x10000784                irq_set_pending
 .text.irq_get_vtable_handler
                0x10000794       0x10 CMakeFiles/Roomba.dir/D_/RaspberryPiPico/Pico/pico-sdk/src/rp2_common/hardware_irq/irq.c.obj
                0x10000794                irq_get_vtable_handler
 .text.irq_has_shared_handler
                0x100007a4       0x24 CMakeFiles/Roomba.dir/D_/RaspberryPiPico/Pico/pico-sdk/src/rp2_common/hardware_irq/irq.c.obj
                0x100007a4                irq_has_shared_handler
 .text.irq_set_exclusive_handler
                0x100007c8       0x54 CMakeFiles/Roomba.dir/D_/RaspberryPiPico/Pico/pico-sdk/src/rp2_common/hardware_irq/irq.c.obj
                0x100007c8                irq_set_exclusive_handler
 .text.irq_add_shared_handler
                0x1000081c      0x230 CMakeFiles/Roomba.dir/D_/RaspberryPiPico/Pico/pico-sdk/src/rp2_common/hardware_irq/irq.c.obj
                0x1000081c                irq_add_shared_handler
 .text.irq_remove_handler
                0x10000a4c      0x1a8 CMakeFiles/Roomba.dir/D_/RaspberryPiPico/Pico/pico-sdk/src/rp2_common/hardware_irq/irq.c.obj
                0x10000a4c                irq_remove_handler
 .text.irq_add_tail_to_free_list
                0x10000bf4       0xf0 CMakeFiles/Roomba.dir/D_/RaspberryPiPico/Pico/pico-sdk/src/rp2_common/hardware_irq/irq.c.obj
                0x10000bf4                irq_add_tail_to_free_list
 .text.irq_init_priorities
                0x10000ce4       0x1c CMakeFiles/Roomba.dir/D_/RaspberryPiPico/Pico/pico-sdk/src/rp2_common/hardware_irq/irq.c.obj
                0x10000ce4                irq_init_priorities
 .text.user_irq_claim_unused
                0x10000d00       0x30 CMakeFiles/Roomba.dir/D_/RaspberryPiPico/Pico/pico-sdk/src/rp2_common/hardware_irq/irq.c.obj
                0x10000d00                user_irq_claim_unused
 .text.lock_init
                0x10000d30       0x10 CMakeFiles/Roomba.dir/D_/RaspberryPiPico/Pico/pico-sdk/src/common/pico_sync/lock_core.c.obj
                0x10000d30                lock_init
 .text.alarm_pool_post_alloc_init
                0x10000d40       0x40 CMakeFiles/Roomba.dir/D_/RaspberryPiPico/Pico/pico-sdk/src/common/pico_time/time.c.obj
 .text.sleep_until_callback
                0x10000d80       0x30 CMakeFiles/Roomba.dir/D_/RaspberryPiPico/Pico/pico-sdk/src/common/pico_time/time.c.obj
 .text.timer_pool_entry_comparator
                0x10000db0       0x7c CMakeFiles/Roomba.dir/D_/RaspberryPiPico/Pico/pico-sdk/src/common/pico_time/time.c.obj
                0x10000db0                timer_pool_entry_comparator
 .text.ph_add_child_node
                0x10000e2c       0xa4 CMakeFiles/Roomba.dir/D_/RaspberryPiPico/Pico/pico-sdk/src/common/pico_time/time.c.obj
 .text.ph_merge_nodes
                0x10000ed0       0x3e CMakeFiles/Roomba.dir/D_/RaspberryPiPico/Pico/pico-sdk/src/common/pico_time/time.c.obj
 *fill*         0x10000f0e        0x2 
 .text.add_alarm_under_lock
                0x10000f10      0x174 CMakeFiles/Roomba.dir/D_/RaspberryPiPico/Pico/pico-sdk/src/common/pico_time/time.c.obj
 .text.alarm_pool_alarm_callback
                0x10001084      0x328 CMakeFiles/Roomba.dir/D_/RaspberryPiPico/Pico/pico-sdk/src/common/pico_time/time.c.obj
 .text.alarm_pool_init_default
                0x100013ac       0x38 CMakeFiles/Roomba.dir/D_/RaspberryPiPico/Pico/pico-sdk/src/common/pico_time/time.c.obj
                0x100013ac                alarm_pool_init_default
 .text.alarm_pool_get_default
                0x100013e4       0x2c CMakeFiles/Roomba.dir/D_/RaspberryPiPico/Pico/pico-sdk/src/common/pico_time/time.c.obj
                0x100013e4                alarm_pool_get_default
 .text.alarm_pool_add_alarm_at
                0x10001410      0x170 CMakeFiles/Roomba.dir/D_/RaspberryPiPico/Pico/pico-sdk/src/common/pico_time/time.c.obj
                0x10001410                alarm_pool_add_alarm_at
 .text.alarm_pool_cancel_alarm
                0x10001580       0xf0 CMakeFiles/Roomba.dir/D_/RaspberryPiPico/Pico/pico-sdk/src/common/pico_time/time.c.obj
                0x10001580                alarm_pool_cancel_alarm
 .text.sleep_until
                0x10001670       0xfc CMakeFiles/Roomba.dir/D_/RaspberryPiPico/Pico/pico-sdk/src/common/pico_time/time.c.obj
                0x10001670                sleep_until
 .text.sleep_us
                0x1000176c       0x58 CMakeFiles/Roomba.dir/D_/RaspberryPiPico/Pico/pico-sdk/src/common/pico_time/time.c.obj
                0x1000176c                sleep_us
 .text.sleep_ms
                0x100017c4       0x14 CMakeFiles/Roomba.dir/D_/RaspberryPiPico/Pico/pico-sdk/src/common/pico_time/time.c.obj
                0x100017c4                sleep_ms
 .text.best_effort_wfe_or_timeout
                0x100017d8       0x80 CMakeFiles/Roomba.dir/D_/RaspberryPiPico/Pico/pico-sdk/src/common/pico_time/time.c.obj
                0x100017d8                best_effort_wfe_or_timeout
 .text.hardware_alarm_irq_handler
                0x10001858       0x8c CMakeFiles/Roomba.dir/D_/RaspberryPiPico/Pico/pico-sdk/src/rp2_common/hardware_timer/timer.c.obj
 .text.hardware_alarm_claim
                0x100018e4       0x18 CMakeFiles/Roomba.dir/D_/RaspberryPiPico/Pico/pico-sdk/src/rp2_common/hardware_timer/timer.c.obj
                0x100018e4                hardware_alarm_claim
 .text.time_us_64
                0x100018fc       0x18 CMakeFiles/Roomba.dir/D_/RaspberryPiPico/Pico/pico-sdk/src/rp2_common/hardware_timer/timer.c.obj
                0x100018fc                time_us_64
 .text.busy_wait_until
                0x10001914       0x28 CMakeFiles/Roomba.dir/D_/RaspberryPiPico/Pico/pico-sdk/src/rp2_common/hardware_timer/timer.c.obj
                0x10001914                busy_wait_until
 .text.busy_wait_us
                0x1000193c       0x48 CMakeFiles/Roomba.dir/D_/RaspberryPiPico/Pico/pico-sdk/src/rp2_common/hardware_timer/timer.c.obj
                0x1000193c                busy_wait_us
 .text.hardware_alarm_set_callback
                0x10001984       0x90 CMakeFiles/Roomba.dir/D_/RaspberryPiPico/Pico/pico-sdk/src/rp2_common/hardware_timer/timer.c.obj
                0x10001984                hardware_alarm_set_callback
 .text.hardware_alarm_set_target
                0x10001a14       0xe8 CMakeFiles/Roomba.dir/D_/RaspberryPiPico/Pico/pico-sdk/src/rp2_common/hardware_timer/timer.c.obj
                0x10001a14                hardware_alarm_set_target
 .text.hardware_alarm_cancel
                0x10001afc       0x40 CMakeFiles/Roomba.dir/D_/RaspberryPiPico/Pico/pico-sdk/src/rp2_common/hardware_timer/timer.c.obj
                0x10001afc                hardware_alarm_cancel
 .text.ph_add_child_node
                0x10001b3c       0xa4 CMakeFiles/Roomba.dir/D_/RaspberryPiPico/Pico/pico-sdk/src/common/pico_util/pheap.c.obj
 .text.ph_merge_nodes
                0x10001be0       0x3e CMakeFiles/Roomba.dir/D_/RaspberryPiPico/Pico/pico-sdk/src/common/pico_util/pheap.c.obj
 *fill*         0x10001c1e        0x2 
 .text.ph_clear
                0x10001c20       0x70 CMakeFiles/Roomba.dir/D_/RaspberryPiPico/Pico/pico-sdk/src/common/pico_util/pheap.c.obj
                0x10001c20                ph_clear
 .text.ph_post_alloc_init
                0x10001c90        0xe CMakeFiles/Roomba.dir/D_/RaspberryPiPico/Pico/pico-sdk/src/common/pico_util/pheap.c.obj
                0x10001c90                ph_post_alloc_init
 *fill*         0x10001c9e        0x2 
 .text.ph_merge_two_pass
                0x10001ca0       0xa8 CMakeFiles/Roomba.dir/D_/RaspberryPiPico/Pico/pico-sdk/src/common/pico_util/pheap.c.obj
                0x10001ca0                ph_merge_two_pass
 .text.ph_remove_any_head
                0x10001d48      0x108 CMakeFiles/Roomba.dir/D_/RaspberryPiPico/Pico/pico-sdk/src/common/pico_util/pheap.c.obj
 .text.ph_remove_head
                0x10001e50       0x14 CMakeFiles/Roomba.dir/D_/RaspberryPiPico/Pico/pico-sdk/src/common/pico_util/pheap.c.obj
                0x10001e50                ph_remove_head
 .text.ph_remove_and_free_node
                0x10001e64       0xf8 CMakeFiles/Roomba.dir/D_/RaspberryPiPico/Pico/pico-sdk/src/common/pico_util/pheap.c.obj
                0x10001e64                ph_remove_and_free_node
 .text.mutex_init
                0x10001f5c       0x1a CMakeFiles/Roomba.dir/D_/RaspberryPiPico/Pico/pico-sdk/src/common/pico_sync/mutex.c.obj
                0x10001f5c                mutex_init
 .text.recursive_mutex_init
                0x10001f76       0x1e CMakeFiles/Roomba.dir/D_/RaspberryPiPico/Pico/pico-sdk/src/common/pico_sync/mutex.c.obj
                0x10001f76                recursive_mutex_init
 .text.critical_section_init_with_lock_num
                0x10001f94       0x14 CMakeFiles/Roomba.dir/D_/RaspberryPiPico/Pico/pico-sdk/src/common/pico_sync/critical_section.c.obj
                0x10001f94                critical_section_init_with_lock_num
 .text.critical_section_init
                0x10001fa8       0x14 CMakeFiles/Roomba.dir/D_/RaspberryPiPico/Pico/pico-sdk/src/common/pico_sync/critical_section.c.obj
                0x10001fa8                critical_section_init
 .text._exit    0x10001fbc        0x4 CMakeFiles/Roomba.dir/D_/RaspberryPiPico/Pico/pico-sdk/src/rp2_common/pico_runtime/runtime.c.obj
                0x10001fbc                _exit
 .text.exit     0x10001fc0        0x6 CMakeFiles/Roomba.dir/D_/RaspberryPiPico/Pico/pico-sdk/src/rp2_common/pico_runtime/runtime.c.obj
                0x10001fc0                exit
 *fill*         0x10001fc6        0x2 
 .text.__assert_func
                0x10001fc8       0x3c CMakeFiles/Roomba.dir/D_/RaspberryPiPico/Pico/pico-sdk/src/rp2_common/pico_runtime/runtime.c.obj
                0x10001fc8                __assert_func
 .text.runtime_init
                0x10002004       0xf8 CMakeFiles/Roomba.dir/D_/RaspberryPiPico/Pico/pico-sdk/src/rp2_common/pico_runtime/runtime.c.obj
                0x10002004                runtime_init
 .text.panic    0x100020fc       0x30 CMakeFiles/Roomba.dir/D_/RaspberryPiPico/Pico/pico-sdk/src/rp2_common/pico_runtime/runtime.c.obj
                0x100020fc                panic
 .text.clock_configure
                0x1000212c      0x104 CMakeFiles/Roomba.dir/D_/RaspberryPiPico/Pico/pico-sdk/src/rp2_common/hardware_clocks/clocks.c.obj
                0x1000212c                clock_configure
 .text.clocks_init
                0x10002230      0x100 CMakeFiles/Roomba.dir/D_/RaspberryPiPico/Pico/pico-sdk/src/rp2_common/hardware_clocks/clocks.c.obj
                0x10002230                clocks_init
 .text.clock_get_hz
                0x10002330        0xc CMakeFiles/Roomba.dir/D_/RaspberryPiPico/Pico/pico-sdk/src/rp2_common/hardware_clocks/clocks.c.obj
                0x10002330                clock_get_hz
 .text.pll_init
                0x1000233c      0x140 CMakeFiles/Roomba.dir/D_/RaspberryPiPico/Pico/pico-sdk/src/rp2_common/hardware_pll/pll.c.obj
                0x1000233c                pll_init
 .text.watchdog_start_tick
                0x1000247c       0x10 CMakeFiles/Roomba.dir/D_/RaspberryPiPico/Pico/pico-sdk/src/rp2_common/hardware_watchdog/watchdog.c.obj
                0x1000247c                watchdog_start_tick
 .text.watchdog_update
                0x1000248c       0x14 CMakeFiles/Roomba.dir/D_/RaspberryPiPico/Pico/pico-sdk/src/rp2_common/hardware_watchdog/watchdog.c.obj
                0x1000248c                watchdog_update
 .text._watchdog_enable
                0x100024a0       0x78 CMakeFiles/Roomba.dir/D_/RaspberryPiPico/Pico/pico-sdk/src/rp2_common/hardware_watchdog/watchdog.c.obj
                0x100024a0                _watchdog_enable
 .text.watchdog_reboot
                0x10002518       0x48 CMakeFiles/Roomba.dir/D_/RaspberryPiPico/Pico/pico-sdk/src/rp2_common/hardware_watchdog/watchdog.c.obj
                0x10002518                watchdog_reboot
 .text.xosc_init
                0x10002560       0x28 CMakeFiles/Roomba.dir/D_/RaspberryPiPico/Pico/pico-sdk/src/rp2_common/hardware_xosc/xosc.c.obj
                0x10002560                xosc_init
 .text._out_null
                0x10002588        0x2 CMakeFiles/Roomba.dir/D_/RaspberryPiPico/Pico/pico-sdk/src/rp2_common/pico_printf/printf.c.obj
 .text._out_fct
                0x1000258a        0xe CMakeFiles/Roomba.dir/D_/RaspberryPiPico/Pico/pico-sdk/src/rp2_common/pico_printf/printf.c.obj
 .text._atoi    0x10002598       0x24 CMakeFiles/Roomba.dir/D_/RaspberryPiPico/Pico/pico-sdk/src/rp2_common/pico_printf/printf.c.obj
 .text._out_rev
                0x100025bc       0xae CMakeFiles/Roomba.dir/D_/RaspberryPiPico/Pico/pico-sdk/src/rp2_common/pico_printf/printf.c.obj
 .text._ntoa_format
                0x1000266a      0x112 CMakeFiles/Roomba.dir/D_/RaspberryPiPico/Pico/pico-sdk/src/rp2_common/pico_printf/printf.c.obj
 .text._ntoa_long
                0x1000277c       0xbc CMakeFiles/Roomba.dir/D_/RaspberryPiPico/Pico/pico-sdk/src/rp2_common/pico_printf/printf.c.obj
 .text._ntoa_long_long
                0x10002838       0xe2 CMakeFiles/Roomba.dir/D_/RaspberryPiPico/Pico/pico-sdk/src/rp2_common/pico_printf/printf.c.obj
 *fill*         0x1000291a        0x2 
 .text._etoa    0x1000291c      0x414 CMakeFiles/Roomba.dir/D_/RaspberryPiPico/Pico/pico-sdk/src/rp2_common/pico_printf/printf.c.obj
 .text._ftoa    0x10002d30      0x354 CMakeFiles/Roomba.dir/D_/RaspberryPiPico/Pico/pico-sdk/src/rp2_common/pico_printf/printf.c.obj
 .text._vsnprintf
                0x10003084      0x624 CMakeFiles/Roomba.dir/D_/RaspberryPiPico/Pico/pico-sdk/src/rp2_common/pico_printf/printf.c.obj
 .text.vfctprintf
                0x100036a8       0x20 CMakeFiles/Roomba.dir/D_/RaspberryPiPico/Pico/pico-sdk/src/rp2_common/pico_printf/printf.c.obj
                0x100036a8                vfctprintf
 .text          0x100036c8       0x10 CMakeFiles/Roomba.dir/D_/RaspberryPiPico/Pico/pico-sdk/src/rp2_common/pico_bit_ops/bit_ops_aeabi.S.obj
 .text.rom_func_lookup
                0x100036d8       0x10 CMakeFiles/Roomba.dir/D_/RaspberryPiPico/Pico/pico-sdk/src/rp2_common/pico_bootrom/bootrom.c.obj
                0x100036d8                rom_func_lookup
 .text.rom_data_lookup
                0x100036e8       0x10 CMakeFiles/Roomba.dir/D_/RaspberryPiPico/Pico/pico-sdk/src/rp2_common/pico_bootrom/bootrom.c.obj
                0x100036e8                rom_data_lookup
 .text.rom_funcs_lookup
                0x100036f8       0x36 CMakeFiles/Roomba.dir/D_/RaspberryPiPico/Pico/pico-sdk/src/rp2_common/pico_bootrom/bootrom.c.obj
                0x100036f8                rom_funcs_lookup
 *fill*         0x1000372e        0x2 
 .text.__wrap___aeabi_idiv
                0x10003730       0x50 CMakeFiles/Roomba.dir/D_/RaspberryPiPico/Pico/pico-sdk/src/rp2_common/pico_divider/divider.S.obj
                0x10003730                __wrap___aeabi_idivmod
                0x10003730                divmod_s32s32
                0x10003730                div_s32s32
                0x10003730                __wrap___aeabi_idiv
                0x10003738                divmod_s32s32_unsafe
                0x10003764                divmod_s32s32_savestate
 .text.__wrap___aeabi_uidiv
                0x10003780       0x4c CMakeFiles/Roomba.dir/D_/RaspberryPiPico/Pico/pico-sdk/src/rp2_common/pico_divider/divider.S.obj
                0x10003780                __wrap___aeabi_uidiv
                0x10003780                __wrap___aeabi_uidivmod
                0x10003780                div_u32u32
                0x10003780                divmod_u32u32
                0x10003788                divmod_u32u32_unsafe
                0x100037b0                divmod_u32u32_savestate
 .text.__wrap___aeabi_ldiv
                0x100037cc      0x434 CMakeFiles/Roomba.dir/D_/RaspberryPiPico/Pico/pico-sdk/src/rp2_common/pico_divider/divider.S.obj
                0x100037cc                div_s64s64
                0x100037cc                divmod_s64s64
                0x100037cc                __wrap___aeabi_ldivmod
                0x10003804                divmod_u64u64
                0x10003804                div_u64u64
                0x10003804                __wrap___aeabi_uldivmod
                0x10003814                divmod_u64u64_savestate
                0x1000383c                divmod_s64s64_unsafe
                0x100038c4                divmod_u64u64_unsafe
 .text.__wrap___aeabi_darithmetic
                0x10003c00       0x80 CMakeFiles/Roomba.dir/D_/RaspberryPiPico/Pico/pico-sdk/src/rp2_common/pico_double/double_aeabi.S.obj
                0x10003c00                __wrap___aeabi_drsub
                0x10003c06                __wrap___aeabi_dsub
                0x10003c18                __wrap___aeabi_dadd
                0x10003c2a                __wrap___aeabi_ddiv
                0x10003c66                __wrap___aeabi_dmul
 .text.__wrap___aeabi_cdcmple
                0x10003c80       0x6c CMakeFiles/Roomba.dir/D_/RaspberryPiPico/Pico/pico-sdk/src/rp2_common/pico_double/double_aeabi.S.obj
                0x10003c80                __wrap___aeabi_cdrcmple
                0x10003c90                __wrap___aeabi_cdcmpeq
                0x10003c90                __wrap___aeabi_cdcmple
 .text.__wrap___aeabi_dcmplt
                0x10003cec        0xc CMakeFiles/Roomba.dir/D_/RaspberryPiPico/Pico/pico-sdk/src/rp2_common/pico_double/double_aeabi.S.obj
                0x10003cec                __wrap___aeabi_dcmplt
 .text.__wrap___aeabi_dcmple
                0x10003cf8       0x10 CMakeFiles/Roomba.dir/D_/RaspberryPiPico/Pico/pico-sdk/src/rp2_common/pico_double/double_aeabi.S.obj
                0x10003cf8                __wrap___aeabi_dcmple
 .text.__wrap___aeabi_dcmpge
                0x10003d08       0x10 CMakeFiles/Roomba.dir/D_/RaspberryPiPico/Pico/pico-sdk/src/rp2_common/pico_double/double_aeabi.S.obj
                0x10003d08                __wrap___aeabi_dcmpge
 .text.__wrap___aeabi_dcmpgt
                0x10003d18        0xa CMakeFiles/Roomba.dir/D_/RaspberryPiPico/Pico/pico-sdk/src/rp2_common/pico_double/double_aeabi.S.obj
                0x10003d18                __wrap___aeabi_dcmpgt
 .text.__wrap___aeabi_dcmpun
                0x10003d22       0x1c CMakeFiles/Roomba.dir/D_/RaspberryPiPico/Pico/pico-sdk/src/rp2_common/pico_double/double_aeabi.S.obj
                0x10003d22                __wrap___aeabi_dcmpun
 *fill*         0x10003d3e        0x2 
 .text.__wrap___aeabi_i2d
                0x10003d40       0x38 CMakeFiles/Roomba.dir/D_/RaspberryPiPico/Pico/pico-sdk/src/rp2_common/pico_double/double_aeabi.S.obj
                0x10003d40                __wrap___aeabi_ui2d
                0x10003d48                __wrap___aeabi_i2d
 .text.__wrap___aeabi_d2iz
                0x10003d78       0x48 CMakeFiles/Roomba.dir/D_/RaspberryPiPico/Pico/pico-sdk/src/rp2_common/pico_double/double_aeabi.S.obj
                0x10003d78                double2int_z
                0x10003d78                __wrap___aeabi_d2iz
 .text.__wrap___aeabi_d2uiz
                0x10003dc0       0x18 CMakeFiles/Roomba.dir/D_/RaspberryPiPico/Pico/pico-sdk/src/rp2_common/pico_double/double_aeabi.S.obj
                0x10003dc0                __wrap___aeabi_d2uiz
                0x10003dc0                double2uint
 .text.__aeabi_double_init
                0x10003dd8       0xc8 CMakeFiles/Roomba.dir/D_/RaspberryPiPico/Pico/pico-sdk/src/rp2_common/pico_double/double_init_rom.c.obj
                0x10003dd8                __aeabi_double_init
 .text.double_table_shim_on_use_helper
                0x10003ea0       0x34 CMakeFiles/Roomba.dir/D_/RaspberryPiPico/Pico/pico-sdk/src/rp2_common/pico_double/double_v1_rom_shim.S.obj
                0x10003ea0                double_table_shim_on_use_helper
 .text.__wrap___aeabi_dsub
                0x10003ed4       0x10 CMakeFiles/Roomba.dir/D_/RaspberryPiPico/Pico/pico-sdk/src/rp2_common/pico_double/double_v1_rom_shim.S.obj
                0x10003ed4                drsub_shim
                0x10003eda                dsub_shim
 .text.dadd_shim
                0x10003ee4      0x15c CMakeFiles/Roomba.dir/D_/RaspberryPiPico/Pico/pico-sdk/src/rp2_common/pico_double/double_v1_rom_shim.S.obj
                0x10003ee4                dadd_shim
 .text.dmul_shim
                0x10004040      0x15c CMakeFiles/Roomba.dir/D_/RaspberryPiPico/Pico/pico-sdk/src/rp2_common/pico_double/double_v1_rom_shim.S.obj
                0x10004040                dmul_shim
 .text.ddiv_shim
                0x1000419c      0x1b0 CMakeFiles/Roomba.dir/D_/RaspberryPiPico/Pico/pico-sdk/src/rp2_common/pico_double/double_v1_rom_shim.S.obj
                0x1000419c                ddiv_shim
 .text.double2uint_shim
                0x1000434c        0xe CMakeFiles/Roomba.dir/D_/RaspberryPiPico/Pico/pico-sdk/src/rp2_common/pico_double/double_v1_rom_shim.S.obj
                0x1000434c                double2uint_shim
                0x1000434e                double2ufix_shim
 *fill*         0x1000435a        0x2 
 .text.double2uint64_shim
                0x1000435c       0x70 CMakeFiles/Roomba.dir/D_/RaspberryPiPico/Pico/pico-sdk/src/rp2_common/pico_double/double_v1_rom_shim.S.obj
                0x1000435c                double2uint64_shim
                0x1000435e                double2ufix64_shim
                0x1000437e                d2fix_a
 .text.dunpacks
                0x100043cc       0x3c CMakeFiles/Roomba.dir/D_/RaspberryPiPico/Pico/pico-sdk/src/rp2_common/pico_double/double_v1_rom_shim.S.obj
                0x100043cc                dunpacks
 .text.__aeabi_lmul
                0x10004408       0x32 CMakeFiles/Roomba.dir/D_/RaspberryPiPico/Pico/pico-sdk/src/rp2_common/pico_int64_ops/pico_int64_ops_aeabi.S.obj
                0x10004408                __wrap___aeabi_lmul
 *fill*         0x1000443a        0x2 
 .text.__wrap___aeabi_farithmetic
                0x1000443c       0x58 CMakeFiles/Roomba.dir/D_/RaspberryPiPico/Pico/pico-sdk/src/rp2_common/pico_float/float_aeabi.S.obj
                0x1000443c                __wrap___aeabi_frsub
                0x10004442                __wrap___aeabi_fsub
                0x1000444c                __wrap___aeabi_fadd
                0x10004456                __wrap___aeabi_fdiv
                0x10004482                __wrap___aeabi_fmul
 .text.__wrap___aeabi_ui2f
                0x10004494        0xa CMakeFiles/Roomba.dir/D_/RaspberryPiPico/Pico/pico-sdk/src/rp2_common/pico_float/float_aeabi.S.obj
                0x10004494                __wrap___aeabi_ui2f
 *fill*         0x1000449e        0x2 
 .text.__wrap___aeabi_i2f
                0x100044a0       0x44 CMakeFiles/Roomba.dir/D_/RaspberryPiPico/Pico/pico-sdk/src/rp2_common/pico_float/float_aeabi.S.obj
                0x100044a0                __wrap___aeabi_i2f
 .text.__wrap___aeabi_f2uiz
                0x100044e4       0x10 CMakeFiles/Roomba.dir/D_/RaspberryPiPico/Pico/pico-sdk/src/rp2_common/pico_float/float_aeabi.S.obj
                0x100044e4                __wrap___aeabi_f2uiz
 .text.__aeabi_float_init
                0x100044f4       0xfc CMakeFiles/Roomba.dir/D_/RaspberryPiPico/Pico/pico-sdk/src/rp2_common/pico_float/float_init_rom.c.obj
                0x100044f4                __aeabi_float_init
 .text.float_table_shim_on_use_helper
                0x100045f0       0x34 CMakeFiles/Roomba.dir/D_/RaspberryPiPico/Pico/pico-sdk/src/rp2_common/pico_float/float_v1_rom_shim.S.obj
                0x100045f0                float_table_shim_on_use_helper
 .text          0x10004624       0x10 CMakeFiles/Roomba.dir/D_/RaspberryPiPico/Pico/pico-sdk/src/rp2_common/pico_mem_ops/mem_ops_aeabi.S.obj
                0x10004624                __aeabi_mem_init
 .text.memset   0x10004634        0xc CMakeFiles/Roomba.dir/D_/RaspberryPiPico/Pico/pico-sdk/src/rp2_common/pico_mem_ops/mem_ops_aeabi.S.obj
                0x10004634                __wrap_memset
 .text.memcpy   0x10004640        0xc CMakeFiles/Roomba.dir/D_/RaspberryPiPico/Pico/pico-sdk/src/rp2_common/pico_mem_ops/mem_ops_aeabi.S.obj
                0x10004640                __wrap_memcpy
                0x10004640                __wrap___aeabi_memcpy
 .text.stdio_out_chars_no_crlf
                0x1000464c        0xe CMakeFiles/Roomba.dir/D_/RaspberryPiPico/Pico/pico-sdk/src/rp2_common/pico_stdio/stdio.c.obj
 *fill*         0x1000465a        0x2 
 .text.stdio_out_chars_crlf
                0x1000465c       0x80 CMakeFiles/Roomba.dir/D_/RaspberryPiPico/Pico/pico-sdk/src/rp2_common/pico_stdio/stdio.c.obj
 .text.stdio_stack_buffer_flush
                0x100046dc       0x44 CMakeFiles/Roomba.dir/D_/RaspberryPiPico/Pico/pico-sdk/src/rp2_common/pico_stdio/stdio.c.obj
 .text.stdio_buffered_printer
                0x10004720       0x20 CMakeFiles/Roomba.dir/D_/RaspberryPiPico/Pico/pico-sdk/src/rp2_common/pico_stdio/stdio.c.obj
 .text.stdout_serialize_begin
                0x10004740       0x30 CMakeFiles/Roomba.dir/D_/RaspberryPiPico/Pico/pico-sdk/src/rp2_common/pico_stdio/stdio.c.obj
                0x10004740                stdout_serialize_begin
 .text.stdout_serialize_end
                0x10004770       0x10 CMakeFiles/Roomba.dir/D_/RaspberryPiPico/Pico/pico-sdk/src/rp2_common/pico_stdio/stdio.c.obj
                0x10004770                stdout_serialize_end
 .text.stdio_put_string
                0x10004780       0x98 CMakeFiles/Roomba.dir/D_/RaspberryPiPico/Pico/pico-sdk/src/rp2_common/pico_stdio/stdio.c.obj
 .text.stdio_set_driver_enabled
                0x10004818       0x2c CMakeFiles/Roomba.dir/D_/RaspberryPiPico/Pico/pico-sdk/src/rp2_common/pico_stdio/stdio.c.obj
                0x10004818                stdio_set_driver_enabled
 .text.stdio_flush
                0x10004844       0x20 CMakeFiles/Roomba.dir/D_/RaspberryPiPico/Pico/pico-sdk/src/rp2_common/pico_stdio/stdio.c.obj
                0x10004844                stdio_flush
 .text.__wrap_puts
                0x10004864       0x1e CMakeFiles/Roomba.dir/D_/RaspberryPiPico/Pico/pico-sdk/src/rp2_common/pico_stdio/stdio.c.obj
                0x10004864                __wrap_puts
 *fill*         0x10004882        0x2 
 .text.__wrap_vprintf
                0x10004884       0x44 CMakeFiles/Roomba.dir/D_/RaspberryPiPico/Pico/pico-sdk/src/rp2_common/pico_stdio/stdio.c.obj
                0x10004884                __wrap_vprintf
 .text.__wrap_printf
                0x100048c8       0x18 CMakeFiles/Roomba.dir/D_/RaspberryPiPico/Pico/pico-sdk/src/rp2_common/pico_stdio/stdio.c.obj
                0x100048c8                __wrap_printf
 .text.stdio_init_all
                0x100048e0        0x8 CMakeFiles/Roomba.dir/D_/RaspberryPiPico/Pico/pico-sdk/src/rp2_common/pico_stdio/stdio.c.obj
                0x100048e0                stdio_init_all
 .text.resetd_init
                0x100048e8        0x2 CMakeFiles/Roomba.dir/D_/RaspberryPiPico/Pico/pico-sdk/src/rp2_common/pico_stdio_usb/reset_interface.c.obj
 *fill*         0x100048ea        0x2 
 .text.resetd_reset
                0x100048ec        0xc CMakeFiles/Roomba.dir/D_/RaspberryPiPico/Pico/pico-sdk/src/rp2_common/pico_stdio_usb/reset_interface.c.obj
 .text.resetd_open
                0x100048f8       0x34 CMakeFiles/Roomba.dir/D_/RaspberryPiPico/Pico/pico-sdk/src/rp2_common/pico_stdio_usb/reset_interface.c.obj
 .text.resetd_xfer_cb
                0x1000492c        0x4 CMakeFiles/Roomba.dir/D_/RaspberryPiPico/Pico/pico-sdk/src/rp2_common/pico_stdio_usb/reset_interface.c.obj
 .text.reset_usb_boot
                0x10004930       0x18 CMakeFiles/Roomba.dir/D_/RaspberryPiPico/Pico/pico-sdk/src/rp2_common/pico_stdio_usb/reset_interface.c.obj
 .text.resetd_control_xfer_cb
                0x10004948       0x5c CMakeFiles/Roomba.dir/D_/RaspberryPiPico/Pico/pico-sdk/src/rp2_common/pico_stdio_usb/reset_interface.c.obj
 .text.usbd_app_driver_get_cb
                0x100049a4        0xc CMakeFiles/Roomba.dir/D_/RaspberryPiPico/Pico/pico-sdk/src/rp2_common/pico_stdio_usb/reset_interface.c.obj
                0x100049a4                usbd_app_driver_get_cb
 .text.tud_cdc_line_coding_cb
                0x100049b0       0x28 CMakeFiles/Roomba.dir/D_/RaspberryPiPico/Pico/pico-sdk/src/rp2_common/pico_stdio_usb/reset_interface.c.obj
                0x100049b0                tud_cdc_line_coding_cb
 .text.stdio_usb_in_chars
                0x100049d8       0x70 CMakeFiles/Roomba.dir/D_/RaspberryPiPico/Pico/pico-sdk/src/rp2_common/pico_stdio_usb/stdio_usb.c.obj
                0x100049d8                stdio_usb_in_chars
 .text.low_priority_worker_irq
                0x10004a48       0x20 CMakeFiles/Roomba.dir/D_/RaspberryPiPico/Pico/pico-sdk/src/rp2_common/pico_stdio_usb/stdio_usb.c.obj
 .text.stdio_usb_out_chars
                0x10004a68       0xd4 CMakeFiles/Roomba.dir/D_/RaspberryPiPico/Pico/pico-sdk/src/rp2_common/pico_stdio_usb/stdio_usb.c.obj
 .text.timer_task
                0x10004b3c       0x40 CMakeFiles/Roomba.dir/D_/RaspberryPiPico/Pico/pico-sdk/src/rp2_common/pico_stdio_usb/stdio_usb.c.obj
 .text.usb_irq  0x10004b7c       0x10 CMakeFiles/Roomba.dir/D_/RaspberryPiPico/Pico/pico-sdk/src/rp2_common/pico_stdio_usb/stdio_usb.c.obj
 .text.stdio_usb_init
                0x10004b8c       0xec CMakeFiles/Roomba.dir/D_/RaspberryPiPico/Pico/pico-sdk/src/rp2_common/pico_stdio_usb/stdio_usb.c.obj
                0x10004b8c                stdio_usb_init
 .text.tud_descriptor_device_cb
                0x10004c78        0x8 CMakeFiles/Roomba.dir/D_/RaspberryPiPico/Pico/pico-sdk/src/rp2_common/pico_stdio_usb/stdio_usb_descriptors.c.obj
                0x10004c78                tud_descriptor_device_cb
 .text.tud_descriptor_configuration_cb
                0x10004c80        0x8 CMakeFiles/Roomba.dir/D_/RaspberryPiPico/Pico/pico-sdk/src/rp2_common/pico_stdio_usb/stdio_usb_descriptors.c.obj
                0x10004c80                tud_descriptor_configuration_cb
 .text.tud_descriptor_string_cb
                0x10004c88       0x6c CMakeFiles/Roomba.dir/D_/RaspberryPiPico/Pico/pico-sdk/src/rp2_common/pico_stdio_usb/stdio_usb_descriptors.c.obj
                0x10004c88                tud_descriptor_string_cb
 .text.hw_endpoint_get_by_addr
                0x10004cf4       0x18 CMakeFiles/Roomba.dir/D_/RaspberryPiPico/Pico/pico-sdk/lib/tinyusb/src/portable/raspberrypi/rp2040/dcd_rp2040.c.obj
 .text.reset_ep0_pid
                0x10004d0c       0x28 CMakeFiles/Roomba.dir/D_/RaspberryPiPico/Pico/pico-sdk/lib/tinyusb/src/portable/raspberrypi/rp2040/dcd_rp2040.c.obj
 .text._hw_endpoint_alloc
                0x10004d34       0x70 CMakeFiles/Roomba.dir/D_/RaspberryPiPico/Pico/pico-sdk/lib/tinyusb/src/portable/raspberrypi/rp2040/dcd_rp2040.c.obj
 .text.hw_endpoint_init
                0x10004da4       0x88 CMakeFiles/Roomba.dir/D_/RaspberryPiPico/Pico/pico-sdk/lib/tinyusb/src/portable/raspberrypi/rp2040/dcd_rp2040.c.obj
 .text.reset_non_control_endpoints
                0x10004e2c       0x40 CMakeFiles/Roomba.dir/D_/RaspberryPiPico/Pico/pico-sdk/lib/tinyusb/src/portable/raspberrypi/rp2040/dcd_rp2040.c.obj
 .text.hw_handle_buff_status
                0x10004e6c       0x8c CMakeFiles/Roomba.dir/D_/RaspberryPiPico/Pico/pico-sdk/lib/tinyusb/src/portable/raspberrypi/rp2040/dcd_rp2040.c.obj
 .text.dcd_rp2040_irq
                0x10004ef8       0xc0 CMakeFiles/Roomba.dir/D_/RaspberryPiPico/Pico/pico-sdk/lib/tinyusb/src/portable/raspberrypi/rp2040/dcd_rp2040.c.obj
 .text.hw_endpoint_xfer
                0x10004fb8       0x14 CMakeFiles/Roomba.dir/D_/RaspberryPiPico/Pico/pico-sdk/lib/tinyusb/src/portable/raspberrypi/rp2040/dcd_rp2040.c.obj
 .text.dcd_int_enable
                0x10004fcc       0x2c CMakeFiles/Roomba.dir/D_/RaspberryPiPico/Pico/pico-sdk/lib/tinyusb/src/portable/raspberrypi/rp2040/dcd_rp2040.c.obj
                0x10004fcc                dcd_int_enable
 .text.dcd_set_address
                0x10004ff8       0x2c CMakeFiles/Roomba.dir/D_/RaspberryPiPico/Pico/pico-sdk/lib/tinyusb/src/portable/raspberrypi/rp2040/dcd_rp2040.c.obj
                0x10004ff8                dcd_set_address
 .text.dcd_connect
                0x10005024       0x10 CMakeFiles/Roomba.dir/D_/RaspberryPiPico/Pico/pico-sdk/lib/tinyusb/src/portable/raspberrypi/rp2040/dcd_rp2040.c.obj
                0x10005024                dcd_connect
 .text.dcd_init
                0x10005034       0x7c CMakeFiles/Roomba.dir/D_/RaspberryPiPico/Pico/pico-sdk/lib/tinyusb/src/portable/raspberrypi/rp2040/dcd_rp2040.c.obj
                0x10005034                dcd_init
 .text.dcd_edpt0_status_complete
                0x100050b0       0x1c CMakeFiles/Roomba.dir/D_/RaspberryPiPico/Pico/pico-sdk/lib/tinyusb/src/portable/raspberrypi/rp2040/dcd_rp2040.c.obj
                0x100050b0                dcd_edpt0_status_complete
 .text.dcd_edpt_open
                0x100050cc       0x40 CMakeFiles/Roomba.dir/D_/RaspberryPiPico/Pico/pico-sdk/lib/tinyusb/src/portable/raspberrypi/rp2040/dcd_rp2040.c.obj
                0x100050cc                dcd_edpt_open
 .text.dcd_edpt_close_all
                0x1000510c        0x8 CMakeFiles/Roomba.dir/D_/RaspberryPiPico/Pico/pico-sdk/lib/tinyusb/src/portable/raspberrypi/rp2040/dcd_rp2040.c.obj
                0x1000510c                dcd_edpt_close_all
 .text.dcd_edpt_xfer
                0x10005114       0x30 CMakeFiles/Roomba.dir/D_/RaspberryPiPico/Pico/pico-sdk/lib/tinyusb/src/portable/raspberrypi/rp2040/dcd_rp2040.c.obj
                0x10005114                dcd_edpt_xfer
 .text.dcd_edpt_stall
                0x10005144       0x2c CMakeFiles/Roomba.dir/D_/RaspberryPiPico/Pico/pico-sdk/lib/tinyusb/src/portable/raspberrypi/rp2040/dcd_rp2040.c.obj
                0x10005144                dcd_edpt_stall
 .text.dcd_edpt_clear_stall
                0x10005170       0x20 CMakeFiles/Roomba.dir/D_/RaspberryPiPico/Pico/pico-sdk/lib/tinyusb/src/portable/raspberrypi/rp2040/dcd_rp2040.c.obj
                0x10005170                dcd_edpt_clear_stall
 .text.prepare_ep_buffer
                0x10005190       0x70 CMakeFiles/Roomba.dir/D_/RaspberryPiPico/Pico/pico-sdk/lib/tinyusb/src/portable/raspberrypi/rp2040/rp2040_usb.c.obj
 .text.sync_ep_buffer
                0x10005200       0x7c CMakeFiles/Roomba.dir/D_/RaspberryPiPico/Pico/pico-sdk/lib/tinyusb/src/portable/raspberrypi/rp2040/rp2040_usb.c.obj
 .text._hw_endpoint_xfer_sync
                0x1000527c       0x28 CMakeFiles/Roomba.dir/D_/RaspberryPiPico/Pico/pico-sdk/lib/tinyusb/src/portable/raspberrypi/rp2040/rp2040_usb.c.obj
 .text.rp2040_usb_init
                0x100052a4       0x4c CMakeFiles/Roomba.dir/D_/RaspberryPiPico/Pico/pico-sdk/lib/tinyusb/src/portable/raspberrypi/rp2040/rp2040_usb.c.obj
                0x100052a4                rp2040_usb_init
 .text.hw_endpoint_reset_transfer
                0x100052f0        0xc CMakeFiles/Roomba.dir/D_/RaspberryPiPico/Pico/pico-sdk/lib/tinyusb/src/portable/raspberrypi/rp2040/rp2040_usb.c.obj
                0x100052f0                hw_endpoint_reset_transfer
 .text._hw_endpoint_buffer_control_update32
                0x100052fc       0x58 CMakeFiles/Roomba.dir/D_/RaspberryPiPico/Pico/pico-sdk/lib/tinyusb/src/portable/raspberrypi/rp2040/rp2040_usb.c.obj
                0x100052fc                _hw_endpoint_buffer_control_update32
 .text._hw_endpoint_start_next_buffer
                0x10005354       0x74 CMakeFiles/Roomba.dir/D_/RaspberryPiPico/Pico/pico-sdk/lib/tinyusb/src/portable/raspberrypi/rp2040/rp2040_usb.c.obj
 .text.hw_endpoint_xfer_start
                0x100053c8       0x48 CMakeFiles/Roomba.dir/D_/RaspberryPiPico/Pico/pico-sdk/lib/tinyusb/src/portable/raspberrypi/rp2040/rp2040_usb.c.obj
                0x100053c8                hw_endpoint_xfer_start
 .text.hw_endpoint_xfer_continue
                0x10005410       0x38 CMakeFiles/Roomba.dir/D_/RaspberryPiPico/Pico/pico-sdk/lib/tinyusb/src/portable/raspberrypi/rp2040/rp2040_usb.c.obj
                0x10005410                hw_endpoint_xfer_continue
 .text.configuration_reset
                0x10005448       0x84 CMakeFiles/Roomba.dir/D_/RaspberryPiPico/Pico/pico-sdk/lib/tinyusb/src/device/usbd.c.obj
 .text.usbd_reset
                0x100054cc        0xc CMakeFiles/Roomba.dir/D_/RaspberryPiPico/Pico/pico-sdk/lib/tinyusb/src/device/usbd.c.obj
 .text.invoke_class_control
                0x100054d8       0x1a CMakeFiles/Roomba.dir/D_/RaspberryPiPico/Pico/pico-sdk/lib/tinyusb/src/device/usbd.c.obj
 *fill*         0x100054f2        0x2 
 .text.process_set_config
                0x100054f4      0x1b0 CMakeFiles/Roomba.dir/D_/RaspberryPiPico/Pico/pico-sdk/lib/tinyusb/src/device/usbd.c.obj
 .text.process_get_descriptor
                0x100056a4       0xec CMakeFiles/Roomba.dir/D_/RaspberryPiPico/Pico/pico-sdk/lib/tinyusb/src/device/usbd.c.obj
 .text.tud_mounted
                0x10005790       0x10 CMakeFiles/Roomba.dir/D_/RaspberryPiPico/Pico/pico-sdk/lib/tinyusb/src/device/usbd.c.obj
                0x10005790                tud_mounted
 .text.tud_suspended
                0x100057a0       0x10 CMakeFiles/Roomba.dir/D_/RaspberryPiPico/Pico/pico-sdk/lib/tinyusb/src/device/usbd.c.obj
                0x100057a0                tud_suspended
 .text.tud_inited
                0x100057b0        0xc CMakeFiles/Roomba.dir/D_/RaspberryPiPico/Pico/pico-sdk/lib/tinyusb/src/device/usbd.c.obj
                0x100057b0                tud_inited
 .text.tud_init
                0x100057bc       0xcc CMakeFiles/Roomba.dir/D_/RaspberryPiPico/Pico/pico-sdk/lib/tinyusb/src/device/usbd.c.obj
                0x100057bc                tud_init
 .text.dcd_event_handler
                0x10005888      0x1e0 CMakeFiles/Roomba.dir/D_/RaspberryPiPico/Pico/pico-sdk/lib/tinyusb/src/device/usbd.c.obj
                0x10005888                dcd_event_handler
 .text.dcd_event_bus_signal
                0x10005a68       0x26 CMakeFiles/Roomba.dir/D_/RaspberryPiPico/Pico/pico-sdk/lib/tinyusb/src/device/usbd.c.obj
                0x10005a68                dcd_event_bus_signal
 .text.dcd_event_bus_reset
                0x10005a8e       0x2a CMakeFiles/Roomba.dir/D_/RaspberryPiPico/Pico/pico-sdk/lib/tinyusb/src/device/usbd.c.obj
                0x10005a8e                dcd_event_bus_reset
 .text.dcd_event_setup_received
                0x10005ab8       0x34 CMakeFiles/Roomba.dir/D_/RaspberryPiPico/Pico/pico-sdk/lib/tinyusb/src/device/usbd.c.obj
                0x10005ab8                dcd_event_setup_received
 .text.dcd_event_xfer_complete
                0x10005aec       0x44 CMakeFiles/Roomba.dir/D_/RaspberryPiPico/Pico/pico-sdk/lib/tinyusb/src/device/usbd.c.obj
                0x10005aec                dcd_event_xfer_complete
 .text.usbd_edpt_open
                0x10005b30       0x58 CMakeFiles/Roomba.dir/D_/RaspberryPiPico/Pico/pico-sdk/lib/tinyusb/src/device/usbd.c.obj
                0x10005b30                usbd_edpt_open
 .text.usbd_open_edpt_pair
                0x10005b88       0x8c CMakeFiles/Roomba.dir/D_/RaspberryPiPico/Pico/pico-sdk/lib/tinyusb/src/device/usbd.c.obj
                0x10005b88                usbd_open_edpt_pair
 .text.usbd_edpt_claim
                0x10005c14       0x8c CMakeFiles/Roomba.dir/D_/RaspberryPiPico/Pico/pico-sdk/lib/tinyusb/src/device/usbd.c.obj
                0x10005c14                usbd_edpt_claim
 .text.usbd_edpt_release
                0x10005ca0       0x68 CMakeFiles/Roomba.dir/D_/RaspberryPiPico/Pico/pico-sdk/lib/tinyusb/src/device/usbd.c.obj
                0x10005ca0                usbd_edpt_release
 .text.usbd_edpt_xfer
                0x10005d08       0x80 CMakeFiles/Roomba.dir/D_/RaspberryPiPico/Pico/pico-sdk/lib/tinyusb/src/device/usbd.c.obj
                0x10005d08                usbd_edpt_xfer
 .text.usbd_edpt_stall
                0x10005d88       0x40 CMakeFiles/Roomba.dir/D_/RaspberryPiPico/Pico/pico-sdk/lib/tinyusb/src/device/usbd.c.obj
                0x10005d88                usbd_edpt_stall
 .text.usbd_edpt_clear_stall
                0x10005dc8       0x40 CMakeFiles/Roomba.dir/D_/RaspberryPiPico/Pico/pico-sdk/lib/tinyusb/src/device/usbd.c.obj
                0x10005dc8                usbd_edpt_clear_stall
 .text.usbd_edpt_stalled
                0x10005e08       0x1c CMakeFiles/Roomba.dir/D_/RaspberryPiPico/Pico/pico-sdk/lib/tinyusb/src/device/usbd.c.obj
                0x10005e08                usbd_edpt_stalled
 .text.process_control_request
                0x10005e24      0x3b8 CMakeFiles/Roomba.dir/D_/RaspberryPiPico/Pico/pico-sdk/lib/tinyusb/src/device/usbd.c.obj
 .text.tud_task
                0x100061dc      0x218 CMakeFiles/Roomba.dir/D_/RaspberryPiPico/Pico/pico-sdk/lib/tinyusb/src/device/usbd.c.obj
                0x100061dc                tud_task
 .text._data_stage_xact
                0x100063f4       0x58 CMakeFiles/Roomba.dir/D_/RaspberryPiPico/Pico/pico-sdk/lib/tinyusb/src/device/usbd_control.c.obj
 .text.tud_control_status
                0x1000644c       0x38 CMakeFiles/Roomba.dir/D_/RaspberryPiPico/Pico/pico-sdk/lib/tinyusb/src/device/usbd_control.c.obj
                0x1000644c                tud_control_status
 .text.tud_control_xfer
                0x10006484       0xa8 CMakeFiles/Roomba.dir/D_/RaspberryPiPico/Pico/pico-sdk/lib/tinyusb/src/device/usbd_control.c.obj
                0x10006484                tud_control_xfer
 .text.usbd_control_reset
                0x1000652c       0x14 CMakeFiles/Roomba.dir/D_/RaspberryPiPico/Pico/pico-sdk/lib/tinyusb/src/device/usbd_control.c.obj
                0x1000652c                usbd_control_reset
 .text.usbd_control_set_complete_callback
                0x10006540        0xc CMakeFiles/Roomba.dir/D_/RaspberryPiPico/Pico/pico-sdk/lib/tinyusb/src/device/usbd_control.c.obj
                0x10006540                usbd_control_set_complete_callback
 .text.usbd_control_set_request
                0x1000654c       0x1c CMakeFiles/Roomba.dir/D_/RaspberryPiPico/Pico/pico-sdk/lib/tinyusb/src/device/usbd_control.c.obj
                0x1000654c                usbd_control_set_request
 .text.usbd_control_xfer_cb
                0x10006568       0xfc CMakeFiles/Roomba.dir/D_/RaspberryPiPico/Pico/pico-sdk/lib/tinyusb/src/device/usbd_control.c.obj
                0x10006568                usbd_control_xfer_cb
 .text._prep_out_transaction
                0x10006664       0x46 CMakeFiles/Roomba.dir/D_/RaspberryPiPico/Pico/pico-sdk/lib/tinyusb/src/class/cdc/cdc_device.c.obj
 *fill*         0x100066aa        0x2 
 .text.tud_cdc_n_connected
                0x100066ac       0x44 CMakeFiles/Roomba.dir/D_/RaspberryPiPico/Pico/pico-sdk/lib/tinyusb/src/class/cdc/cdc_device.c.obj
                0x100066ac                tud_cdc_n_connected
 .text.tud_cdc_n_available
                0x100066f0       0x18 CMakeFiles/Roomba.dir/D_/RaspberryPiPico/Pico/pico-sdk/lib/tinyusb/src/class/cdc/cdc_device.c.obj
                0x100066f0                tud_cdc_n_available
 .text.tud_cdc_n_read
                0x10006708       0x28 CMakeFiles/Roomba.dir/D_/RaspberryPiPico/Pico/pico-sdk/lib/tinyusb/src/class/cdc/cdc_device.c.obj
                0x10006708                tud_cdc_n_read
 .text.tud_cdc_n_write_flush
                0x10006730       0xcc CMakeFiles/Roomba.dir/D_/RaspberryPiPico/Pico/pico-sdk/lib/tinyusb/src/class/cdc/cdc_device.c.obj
                0x10006730                tud_cdc_n_write_flush
 .text.tud_cdc_n_write
                0x100067fc       0x38 CMakeFiles/Roomba.dir/D_/RaspberryPiPico/Pico/pico-sdk/lib/tinyusb/src/class/cdc/cdc_device.c.obj
                0x100067fc                tud_cdc_n_write
 .text.tud_cdc_n_write_available
                0x10006834       0x1c CMakeFiles/Roomba.dir/D_/RaspberryPiPico/Pico/pico-sdk/lib/tinyusb/src/class/cdc/cdc_device.c.obj
                0x10006834                tud_cdc_n_write_available
 .text.cdcd_init
                0x10006850       0xbc CMakeFiles/Roomba.dir/D_/RaspberryPiPico/Pico/pico-sdk/lib/tinyusb/src/class/cdc/cdc_device.c.obj
                0x10006850                cdcd_init
 .text.cdcd_reset
                0x1000690c       0x44 CMakeFiles/Roomba.dir/D_/RaspberryPiPico/Pico/pico-sdk/lib/tinyusb/src/class/cdc/cdc_device.c.obj
                0x1000690c                cdcd_reset
 .text.cdcd_open
                0x10006950       0xf8 CMakeFiles/Roomba.dir/D_/RaspberryPiPico/Pico/pico-sdk/lib/tinyusb/src/class/cdc/cdc_device.c.obj
                0x10006950                cdcd_open
 .text.cdcd_control_xfer_cb
                0x10006a48      0x134 CMakeFiles/Roomba.dir/D_/RaspberryPiPico/Pico/pico-sdk/lib/tinyusb/src/class/cdc/cdc_device.c.obj
                0x10006a48                cdcd_control_xfer_cb
 .text.cdcd_xfer_cb
                0x10006b7c      0x144 CMakeFiles/Roomba.dir/D_/RaspberryPiPico/Pico/pico-sdk/lib/tinyusb/src/class/cdc/cdc_device.c.obj
                0x10006b7c                cdcd_xfer_cb
 .text.tusb_init
                0x10006cc0       0x24 CMakeFiles/Roomba.dir/D_/RaspberryPiPico/Pico/pico-sdk/lib/tinyusb/src/tusb.c.obj
                0x10006cc0                tusb_init
 .text.tusb_inited
                0x10006ce4        0xe CMakeFiles/Roomba.dir/D_/RaspberryPiPico/Pico/pico-sdk/lib/tinyusb/src/tusb.c.obj
                0x10006ce4                tusb_inited
 *fill*         0x10006cf2        0x2 
 .text.tu_edpt_validate
                0x10006cf4       0xa8 CMakeFiles/Roomba.dir/D_/RaspberryPiPico/Pico/pico-sdk/lib/tinyusb/src/tusb.c.obj
                0x10006cf4                tu_edpt_validate
 .text.tu_edpt_bind_driver
                0x10006d9c       0x2a CMakeFiles/Roomba.dir/D_/RaspberryPiPico/Pico/pico-sdk/lib/tinyusb/src/tusb.c.obj
                0x10006d9c                tu_edpt_bind_driver
 .text.advance_pointer
                0x10006dc6       0x18 CMakeFiles/Roomba.dir/D_/RaspberryPiPico/Pico/pico-sdk/lib/tinyusb/src/common/tusb_fifo.c.obj
 .text.backward_pointer
                0x10006dde       0x1e CMakeFiles/Roomba.dir/D_/RaspberryPiPico/Pico/pico-sdk/lib/tinyusb/src/common/tusb_fifo.c.obj
 .text.get_relative_pointer
                0x10006dfc       0x10 CMakeFiles/Roomba.dir/D_/RaspberryPiPico/Pico/pico-sdk/lib/tinyusb/src/common/tusb_fifo.c.obj
 .text._tu_fifo_peek
                0x10006e0c       0x50 CMakeFiles/Roomba.dir/D_/RaspberryPiPico/Pico/pico-sdk/lib/tinyusb/src/common/tusb_fifo.c.obj
 .text._ff_pull_const_addr
                0x10006e5c       0x4c CMakeFiles/Roomba.dir/D_/RaspberryPiPico/Pico/pico-sdk/lib/tinyusb/src/common/tusb_fifo.c.obj
 .text._ff_pull_n
                0x10006ea8      0x10c CMakeFiles/Roomba.dir/D_/RaspberryPiPico/Pico/pico-sdk/lib/tinyusb/src/common/tusb_fifo.c.obj
 .text._tu_fifo_peek_n
                0x10006fb4       0x5e CMakeFiles/Roomba.dir/D_/RaspberryPiPico/Pico/pico-sdk/lib/tinyusb/src/common/tusb_fifo.c.obj
 .text._tu_fifo_read_n
                0x10007012       0x4e CMakeFiles/Roomba.dir/D_/RaspberryPiPico/Pico/pico-sdk/lib/tinyusb/src/common/tusb_fifo.c.obj
 .text._ff_push_const_addr
                0x10007060       0x40 CMakeFiles/Roomba.dir/D_/RaspberryPiPico/Pico/pico-sdk/lib/tinyusb/src/common/tusb_fifo.c.obj
 .text._ff_push_n
                0x100070a0      0x108 CMakeFiles/Roomba.dir/D_/RaspberryPiPico/Pico/pico-sdk/lib/tinyusb/src/common/tusb_fifo.c.obj
 .text._tu_fifo_write_n
                0x100071a8       0x9e CMakeFiles/Roomba.dir/D_/RaspberryPiPico/Pico/pico-sdk/lib/tinyusb/src/common/tusb_fifo.c.obj
 .text.tu_fifo_config
                0x10007246       0x72 CMakeFiles/Roomba.dir/D_/RaspberryPiPico/Pico/pico-sdk/lib/tinyusb/src/common/tusb_fifo.c.obj
                0x10007246                tu_fifo_config
 .text.tu_fifo_count
                0x100072b8       0x26 CMakeFiles/Roomba.dir/D_/RaspberryPiPico/Pico/pico-sdk/lib/tinyusb/src/common/tusb_fifo.c.obj
                0x100072b8                tu_fifo_count
 .text.tu_fifo_empty
                0x100072de       0x10 CMakeFiles/Roomba.dir/D_/RaspberryPiPico/Pico/pico-sdk/lib/tinyusb/src/common/tusb_fifo.c.obj
                0x100072de                tu_fifo_empty
 .text.tu_fifo_remaining
                0x100072ee       0x20 CMakeFiles/Roomba.dir/D_/RaspberryPiPico/Pico/pico-sdk/lib/tinyusb/src/common/tusb_fifo.c.obj
                0x100072ee                tu_fifo_remaining
 .text.tu_fifo_read
                0x1000730e       0x42 CMakeFiles/Roomba.dir/D_/RaspberryPiPico/Pico/pico-sdk/lib/tinyusb/src/common/tusb_fifo.c.obj
                0x1000730e                tu_fifo_read
 .text.tu_fifo_read_n
                0x10007350        0xa CMakeFiles/Roomba.dir/D_/RaspberryPiPico/Pico/pico-sdk/lib/tinyusb/src/common/tusb_fifo.c.obj
                0x10007350                tu_fifo_read_n
 .text.tu_fifo_write
                0x1000735a       0x6c CMakeFiles/Roomba.dir/D_/RaspberryPiPico/Pico/pico-sdk/lib/tinyusb/src/common/tusb_fifo.c.obj
                0x1000735a                tu_fifo_write
 .text.tu_fifo_write_n
                0x100073c6        0xa CMakeFiles/Roomba.dir/D_/RaspberryPiPico/Pico/pico-sdk/lib/tinyusb/src/common/tusb_fifo.c.obj
                0x100073c6                tu_fifo_write_n
 .text.tu_fifo_clear
                0x100073d0       0x4c CMakeFiles/Roomba.dir/D_/RaspberryPiPico/Pico/pico-sdk/lib/tinyusb/src/common/tusb_fifo.c.obj
                0x100073d0                tu_fifo_clear
 .text.tu_fifo_set_overwritable
                0x1000741c       0x3c CMakeFiles/Roomba.dir/D_/RaspberryPiPico/Pico/pico-sdk/lib/tinyusb/src/common/tusb_fifo.c.obj
                0x1000741c                tu_fifo_set_overwritable
 .text._retrieve_unique_id_on_boot
                0x10007458       0x10 CMakeFiles/Roomba.dir/D_/RaspberryPiPico/Pico/pico-sdk/src/rp2_common/pico_unique_id/unique_id.c.obj
 .text.pico_get_unique_board_id_string
                0x10007468       0x60 CMakeFiles/Roomba.dir/D_/RaspberryPiPico/Pico/pico-sdk/src/rp2_common/pico_unique_id/unique_id.c.obj
                0x10007468                pico_get_unique_board_id_string
 .text.flash_get_unique_id
                0x100074c8       0x46 CMakeFiles/Roomba.dir/D_/RaspberryPiPico/Pico/pico-sdk/src/rp2_common/hardware_flash/flash.c.obj
                0x100074c8                flash_get_unique_id
 .text.i2c_read_blocking_internal
                0x1000750e       0xe6 CMakeFiles/Roomba.dir/D_/RaspberryPiPico/Pico/pico-sdk/src/rp2_common/hardware_i2c/i2c.c.obj
 .text.i2c_set_baudrate
                0x100075f4       0xf0 CMakeFiles/Roomba.dir/D_/RaspberryPiPico/Pico/pico-sdk/src/rp2_common/hardware_i2c/i2c.c.obj
                0x100075f4                i2c_set_baudrate
 .text.i2c_init
                0x100076e4       0x58 CMakeFiles/Roomba.dir/D_/RaspberryPiPico/Pico/pico-sdk/src/rp2_common/hardware_i2c/i2c.c.obj
                0x100076e4                i2c_init
 .text.i2c_read_blocking
                0x1000773c       0x18 CMakeFiles/Roomba.dir/D_/RaspberryPiPico/Pico/pico-sdk/src/rp2_common/hardware_i2c/i2c.c.obj
                0x1000773c                i2c_read_blocking
 .text.boot_double_tap_check
                0x10007754       0x64 CMakeFiles/Roomba.dir/D_/RaspberryPiPico/Pico/pico-sdk/src/rp2_common/pico_bootsel_via_double_reset/pico_bootsel_via_double_reset.c.obj
 .text._ZN6driverC2Eiiiiii
                0x100077b8      0x19c motorDriver\libmotorDriver.a(driver.cpp.obj)
                0x100077b8                driver::driver(int, int, int, int, int, int)
                0x100077b8                driver::driver(int, int, int, int, int, int)
 .text._ZN6driver7forwardEv
                0x10007954       0xe0 motorDriver\libmotorDriver.a(driver.cpp.obj)
                0x10007954                driver::forward()
 .text._ZN6driver4stopEv
                0x10007a34       0xbc motorDriver\libmotorDriver.a(driver.cpp.obj)
                0x10007a34                driver::stop()
 .text._ZN6driver8turnLeftEv
                0x10007af0       0xe0 motorDriver\libmotorDriver.a(driver.cpp.obj)
                0x10007af0                driver::turnLeft()
 .text.srand    0x10007bd0       0x14 c:/progra~2/gnuarm~1/102021~1.10/bin/../lib/gcc/arm-none-eabi/10.3.1/../../../../arm-none-eabi/lib/thumb/v6-m/nofp\libg.a(lib_a-rand.o)
                0x10007bd0                srand
 .text.strlen   0x10007be4       0x5c c:/progra~2/gnuarm~1/102021~1.10/bin/../lib/gcc/arm-none-eabi/10.3.1/../../../../arm-none-eabi/lib/thumb/v6-m/nofp\libg.a(lib_a-strlen-stub.o)
                0x10007be4                strlen
 *(.fini)
 .fini          0x10007c40        0x4 c:/progra~2/gnuarm~1/102021~1.10/bin/../lib/gcc/arm-none-eabi/10.3.1/thumb/v6-m/nofp/crti.o
                0x10007c40                _fini
 *fill*         0x10007c44        0x4 
 .fini.__stub   0x10007c48       0x70 linker stubs
 *crtbegin.o(.ctors)
 *crtbegin?.o(.ctors)
 *(EXCLUDE_FILE(*crtend.o *crtend?.o) .ctors)
 *(SORT_BY_NAME(.ctors.*))
 *(.ctors)
 *crtbegin.o(.dtors)
 *crtbegin?.o(.dtors)
 *(EXCLUDE_FILE(*crtend.o *crtend?.o) .dtors)
 *(SORT_BY_NAME(.dtors.*))
 *(.dtors)
 *(.eh_frame*)
 .eh_frame      0x10007cb8        0x0 c:/progra~2/gnuarm~1/102021~1.10/bin/../lib/gcc/arm-none-eabi/10.3.1/thumb/v6-m/nofp/crtbegin.o
                0x10007cb8                . = ALIGN (0x4)

.glue_7         0x10007cb8        0x0
 .glue_7        0x10007cb8        0x0 linker stubs

.glue_7t        0x10007cb8        0x0
 .glue_7t       0x10007cb8        0x0 linker stubs

.vfp11_veneer   0x10007cb8        0x0
 .vfp11_veneer  0x10007cb8        0x0 linker stubs

.v4_bx          0x10007cb8        0x0
 .v4_bx         0x10007cb8        0x0 linker stubs

.iplt           0x10007cb8        0x0
 .iplt          0x10007cb8        0x0 c:/progra~2/gnuarm~1/102021~1.10/bin/../lib/gcc/arm-none-eabi/10.3.1/thumb/v6-m/nofp/crtbegin.o

.rodata         0x10007cb8     0x1878
 *(EXCLUDE_FILE(*libm.a: *libc.a:*lib_a-mem*.o *libgcc.a:) .rodata*)
 .rodata._Z7busScanv.str1.4
                0x10007cb8       0x5e CMakeFiles/Roomba.dir/main.cpp.obj
                                 0x62 (size before relaxing)
 *fill*         0x10007d16        0x2 
 .rodata.spin_lock_claim_unused.str1.4
                0x10007d18       0x1b CMakeFiles/Roomba.dir/D_/RaspberryPiPico/Pico/pico-sdk/src/rp2_common/hardware_sync/sync.c.obj
 *fill*         0x10007d33        0x1 
 .rodata.make_branch.str1.4
                0x10007d34       0x73 CMakeFiles/Roomba.dir/D_/RaspberryPiPico/Pico/pico-sdk/src/rp2_common/hardware_irq/irq.c.obj
 *fill*         0x10007da7        0x1 
 .rodata.insert_branch_and_link.str1.4
                0x10007da8       0x10 CMakeFiles/Roomba.dir/D_/RaspberryPiPico/Pico/pico-sdk/src/rp2_common/hardware_irq/irq.c.obj
 .rodata.irq_set_exclusive_handler.str1.4
                0x10007db8       0x36 CMakeFiles/Roomba.dir/D_/RaspberryPiPico/Pico/pico-sdk/src/rp2_common/hardware_irq/irq.c.obj
 *fill*         0x10007dee        0x2 
 .rodata.irq_add_shared_handler.str1.4
                0x10007df0       0xd9 CMakeFiles/Roomba.dir/D_/RaspberryPiPico/Pico/pico-sdk/src/rp2_common/hardware_irq/irq.c.obj
 *fill*         0x10007ec9        0x3 
 .rodata.irq_remove_handler.str1.4
                0x10007ecc       0x2a CMakeFiles/Roomba.dir/D_/RaspberryPiPico/Pico/pico-sdk/src/rp2_common/hardware_irq/irq.c.obj
 *fill*         0x10007ef6        0x2 
 .rodata.irq_add_tail_to_free_list.str1.4
                0x10007ef8       0x3a CMakeFiles/Roomba.dir/D_/RaspberryPiPico/Pico/pico-sdk/src/rp2_common/hardware_irq/irq.c.obj
 *fill*         0x10007f32        0x2 
 .rodata.user_irq_claim_unused.str1.4
                0x10007f34       0x1b CMakeFiles/Roomba.dir/D_/RaspberryPiPico/Pico/pico-sdk/src/rp2_common/hardware_irq/irq.c.obj
 *fill*         0x10007f4f        0x1 
 .rodata.__func__.0
                0x10007f50       0x1a CMakeFiles/Roomba.dir/D_/RaspberryPiPico/Pico/pico-sdk/src/rp2_common/hardware_irq/irq.c.obj
 *fill*         0x10007f6a        0x2 
 .rodata.__func__.1
                0x10007f6c       0x17 CMakeFiles/Roomba.dir/D_/RaspberryPiPico/Pico/pico-sdk/src/rp2_common/hardware_irq/irq.c.obj
 *fill*         0x10007f83        0x1 
 .rodata.__func__.2
                0x10007f84       0x13 CMakeFiles/Roomba.dir/D_/RaspberryPiPico/Pico/pico-sdk/src/rp2_common/hardware_irq/irq.c.obj
 *fill*         0x10007f97        0x1 
 .rodata.__func__.3
                0x10007f98        0xc CMakeFiles/Roomba.dir/D_/RaspberryPiPico/Pico/pico-sdk/src/rp2_common/hardware_irq/irq.c.obj
 .rodata.__func__.4
                0x10007fa4        0xf CMakeFiles/Roomba.dir/D_/RaspberryPiPico/Pico/pico-sdk/src/rp2_common/hardware_irq/irq.c.obj
 *fill*         0x10007fb3        0x1 
 .rodata.__func__.5
                0x10007fb4       0x17 CMakeFiles/Roomba.dir/D_/RaspberryPiPico/Pico/pico-sdk/src/rp2_common/hardware_irq/irq.c.obj
 *fill*         0x10007fcb        0x1 
 .rodata.__func__.6
                0x10007fcc       0x1a CMakeFiles/Roomba.dir/D_/RaspberryPiPico/Pico/pico-sdk/src/rp2_common/hardware_irq/irq.c.obj
 *fill*         0x10007fe6        0x2 
 .rodata.repeating_timer_callback.str1.4
                0x10007fe8       0x51 CMakeFiles/Roomba.dir/D_/RaspberryPiPico/Pico/pico-sdk/src/common/pico_time/time.c.obj
 *fill*         0x10008039        0x3 
 .rodata.alarm_pool_dump_key.str1.4
                0x1000803c       0x33 CMakeFiles/Roomba.dir/D_/RaspberryPiPico/Pico/pico-sdk/src/common/pico_time/time.c.obj
 *fill*         0x1000806f        0x1 
 .rodata.ph_add_child_node.str1.4
                0x10008070       0x9a CMakeFiles/Roomba.dir/D_/RaspberryPiPico/Pico/pico-sdk/src/common/pico_time/time.c.obj
 *fill*         0x1000810a        0x2 
 .rodata.add_alarm_under_lock.str1.4
                0x1000810c       0x28 CMakeFiles/Roomba.dir/D_/RaspberryPiPico/Pico/pico-sdk/src/common/pico_time/time.c.obj
                                 0x2b (size before relaxing)
 .rodata.alarm_pool_alarm_callback.str1.4
                0x10008134       0xea CMakeFiles/Roomba.dir/D_/RaspberryPiPico/Pico/pico-sdk/src/common/pico_time/time.c.obj
 *fill*         0x1000821e        0x2 
 .rodata.alarm_pool_get_default.str1.4
                0x10008220       0x21 CMakeFiles/Roomba.dir/D_/RaspberryPiPico/Pico/pico-sdk/src/common/pico_time/time.c.obj
 *fill*         0x10008241        0x3 
 .rodata.alarm_pool_cancel_alarm.str1.4
                0x10008244       0x27 CMakeFiles/Roomba.dir/D_/RaspberryPiPico/Pico/pico-sdk/src/common/pico_time/time.c.obj
 *fill*         0x1000826b        0x1 
 .rodata.sleep_until.str1.4
                0x1000826c       0x4d CMakeFiles/Roomba.dir/D_/RaspberryPiPico/Pico/pico-sdk/src/common/pico_time/time.c.obj
 *fill*         0x100082b9        0x3 
 .rodata.__func__.1
                0x100082bc       0x18 CMakeFiles/Roomba.dir/D_/RaspberryPiPico/Pico/pico-sdk/src/common/pico_time/time.c.obj
 .rodata.__func__.10
                0x100082d4       0x15 CMakeFiles/Roomba.dir/D_/RaspberryPiPico/Pico/pico-sdk/src/common/pico_time/time.c.obj
 *fill*         0x100082e9        0x3 
 .rodata.__func__.11
                0x100082ec       0x1a CMakeFiles/Roomba.dir/D_/RaspberryPiPico/Pico/pico-sdk/src/common/pico_time/time.c.obj
 *fill*         0x10008306        0x2 
 .rodata.__func__.12
                0x10008308        0xa CMakeFiles/Roomba.dir/D_/RaspberryPiPico/Pico/pico-sdk/src/common/pico_time/time.c.obj
 *fill*         0x10008312        0x2 
 .rodata.__func__.3
                0x10008314       0x17 CMakeFiles/Roomba.dir/D_/RaspberryPiPico/Pico/pico-sdk/src/common/pico_time/time.c.obj
 *fill*         0x1000832b        0x1 
 .rodata.__func__.4
                0x1000832c       0x12 CMakeFiles/Roomba.dir/D_/RaspberryPiPico/Pico/pico-sdk/src/common/pico_time/time.c.obj
 *fill*         0x1000833e        0x2 
 .rodata.__func__.5
                0x10008340        0xd CMakeFiles/Roomba.dir/D_/RaspberryPiPico/Pico/pico-sdk/src/common/pico_time/time.c.obj
 *fill*         0x1000834d        0x3 
 .rodata.__func__.6
                0x10008350       0x12 CMakeFiles/Roomba.dir/D_/RaspberryPiPico/Pico/pico-sdk/src/common/pico_time/time.c.obj
 *fill*         0x10008362        0x2 
 .rodata.__func__.7
                0x10008364        0xf CMakeFiles/Roomba.dir/D_/RaspberryPiPico/Pico/pico-sdk/src/common/pico_time/time.c.obj
 *fill*         0x10008373        0x1 
 .rodata.__func__.8
                0x10008374        0xc CMakeFiles/Roomba.dir/D_/RaspberryPiPico/Pico/pico-sdk/src/common/pico_time/time.c.obj
 .rodata.__func__.9
                0x10008380       0x15 CMakeFiles/Roomba.dir/D_/RaspberryPiPico/Pico/pico-sdk/src/common/pico_time/time.c.obj
 *fill*         0x10008395        0x3 
 .rodata.hardware_alarm_claim.str1.4
                0x10008398       0x22 CMakeFiles/Roomba.dir/D_/RaspberryPiPico/Pico/pico-sdk/src/rp2_common/hardware_timer/timer.c.obj
 .rodata.busy_wait_us.str1.4
                0x100083ba       0x67 CMakeFiles/Roomba.dir/D_/RaspberryPiPico/Pico/pico-sdk/src/rp2_common/hardware_timer/timer.c.obj
 *fill*         0x100083ba        0x2 
 .rodata.hardware_alarm_set_target.str1.4
                0x100083bc       0x6b CMakeFiles/Roomba.dir/D_/RaspberryPiPico/Pico/pico-sdk/src/rp2_common/hardware_timer/timer.c.obj
 *fill*         0x10008427        0x1 
 .rodata.__func__.0
                0x10008428       0x1a CMakeFiles/Roomba.dir/D_/RaspberryPiPico/Pico/pico-sdk/src/rp2_common/hardware_timer/timer.c.obj
 *fill*         0x10008442        0x2 
 .rodata.__func__.1
                0x10008444       0x15 CMakeFiles/Roomba.dir/D_/RaspberryPiPico/Pico/pico-sdk/src/rp2_common/hardware_timer/timer.c.obj
 .rodata.ph_add_child_node.str1.4
                0x10008459       0x9a CMakeFiles/Roomba.dir/D_/RaspberryPiPico/Pico/pico-sdk/src/common/pico_util/pheap.c.obj
 *fill*         0x10008459        0x3 
 .rodata.ph_remove_any_head.str1.4
                0x1000845c       0x94 CMakeFiles/Roomba.dir/D_/RaspberryPiPico/Pico/pico-sdk/src/common/pico_util/pheap.c.obj
 .rodata.ph_remove_and_free_node.str1.4
                0x100084f0       0x1e CMakeFiles/Roomba.dir/D_/RaspberryPiPico/Pico/pico-sdk/src/common/pico_util/pheap.c.obj
                                 0x26 (size before relaxing)
 *fill*         0x1000850e        0x2 
 .rodata.__func__.0
                0x10008510       0x18 CMakeFiles/Roomba.dir/D_/RaspberryPiPico/Pico/pico-sdk/src/common/pico_util/pheap.c.obj
 .rodata.__func__.1
                0x10008528       0x13 CMakeFiles/Roomba.dir/D_/RaspberryPiPico/Pico/pico-sdk/src/common/pico_util/pheap.c.obj
 *fill*         0x1000853b        0x1 
 .rodata.__func__.2
                0x1000853c       0x12 CMakeFiles/Roomba.dir/D_/RaspberryPiPico/Pico/pico-sdk/src/common/pico_util/pheap.c.obj
 *fill*         0x1000854e        0x2 
 .rodata.__func__.3
                0x10008550        0xc CMakeFiles/Roomba.dir/D_/RaspberryPiPico/Pico/pico-sdk/src/common/pico_util/pheap.c.obj
 .rodata.str1.4
                0x1000855c       0x91 CMakeFiles/Roomba.dir/D_/RaspberryPiPico/Pico/pico-sdk/src/common/pico_sync/mutex.c.obj
                                 0xf9 (size before relaxing)
 *fill*         0x100085ed        0x3 
 .rodata.__func__.1
                0x100085f0        0xb CMakeFiles/Roomba.dir/D_/RaspberryPiPico/Pico/pico-sdk/src/common/pico_sync/mutex.c.obj
 *fill*         0x100085fb        0x1 
 .rodata.__func__.3
                0x100085fc       0x18 CMakeFiles/Roomba.dir/D_/RaspberryPiPico/Pico/pico-sdk/src/common/pico_sync/mutex.c.obj
 .rodata.__func__.4
                0x10008614       0x15 CMakeFiles/Roomba.dir/D_/RaspberryPiPico/Pico/pico-sdk/src/common/pico_sync/mutex.c.obj
 *fill*         0x10008629        0x3 
 .rodata.__assert_func.str1.4
                0x1000862c       0x3f CMakeFiles/Roomba.dir/D_/RaspberryPiPico/Pico/pico-sdk/src/rp2_common/pico_runtime/runtime.c.obj
                                 0x43 (size before relaxing)
 *fill*         0x1000866b        0x1 
 .rodata.runtime_init.str1.4
                0x1000866c       0x67 CMakeFiles/Roomba.dir/D_/RaspberryPiPico/Pico/pico-sdk/src/rp2_common/pico_runtime/runtime.c.obj
 *fill*         0x100086d3        0x1 
 .rodata.panic.str1.4
                0x100086d4       0x10 CMakeFiles/Roomba.dir/D_/RaspberryPiPico/Pico/pico-sdk/src/rp2_common/pico_runtime/runtime.c.obj
                                 0x12 (size before relaxing)
 .rodata.__func__.1
                0x100086e4        0xd CMakeFiles/Roomba.dir/D_/RaspberryPiPico/Pico/pico-sdk/src/rp2_common/pico_runtime/runtime.c.obj
 *fill*         0x100086f1        0x3 
 .rodata.clock_configure.str1.4
                0x100086f4       0x5d CMakeFiles/Roomba.dir/D_/RaspberryPiPico/Pico/pico-sdk/src/rp2_common/hardware_clocks/clocks.c.obj
 *fill*         0x10008751        0x3 
 .rodata.__func__.1
                0x10008754       0x10 CMakeFiles/Roomba.dir/D_/RaspberryPiPico/Pico/pico-sdk/src/rp2_common/hardware_clocks/clocks.c.obj
 .rodata.pll_init.str1.4
                0x10008764      0x13f CMakeFiles/Roomba.dir/D_/RaspberryPiPico/Pico/pico-sdk/src/rp2_common/hardware_pll/pll.c.obj
 *fill*         0x100088a3        0x1 
 .rodata.__func__.0
                0x100088a4        0x9 CMakeFiles/Roomba.dir/D_/RaspberryPiPico/Pico/pico-sdk/src/rp2_common/hardware_pll/pll.c.obj
 *fill*         0x100088ad        0x3 
 .rodata._ftoa.str1.4
                0x100088b0       0x15 CMakeFiles/Roomba.dir/D_/RaspberryPiPico/Pico/pico-sdk/src/rp2_common/pico_printf/printf.c.obj
 *fill*         0x100088c5        0x3 
 .rodata._vsnprintf
                0x100088c8      0x1e0 CMakeFiles/Roomba.dir/D_/RaspberryPiPico/Pico/pico-sdk/src/rp2_common/pico_printf/printf.c.obj
 .rodata.pow10.0
                0x10008aa8       0x50 CMakeFiles/Roomba.dir/D_/RaspberryPiPico/Pico/pico-sdk/src/rp2_common/pico_printf/printf.c.obj
 .rodata.__aeabi_double_init.str1.4
                0x10008af8       0xae CMakeFiles/Roomba.dir/D_/RaspberryPiPico/Pico/pico-sdk/src/rp2_common/pico_double/double_init_rom.c.obj
 *fill*         0x10008ba6        0x2 
 .rodata.__func__.0
                0x10008ba8       0x14 CMakeFiles/Roomba.dir/D_/RaspberryPiPico/Pico/pico-sdk/src/rp2_common/pico_double/double_init_rom.c.obj
 .rodata.__aeabi_float_init.str1.4
                0x10008bbc       0x80 CMakeFiles/Roomba.dir/D_/RaspberryPiPico/Pico/pico-sdk/src/rp2_common/pico_float/float_init_rom.c.obj
                                 0x84 (size before relaxing)
 .rodata.__func__.0
                0x10008c3c       0x13 CMakeFiles/Roomba.dir/D_/RaspberryPiPico/Pico/pico-sdk/src/rp2_common/pico_float/float_init_rom.c.obj
 *fill*         0x10008c4f        0x1 
 .rodata.str1.4
                0x10008c50       0x3c CMakeFiles/Roomba.dir/D_/RaspberryPiPico/Pico/pico-sdk/src/rp2_common/pico_standard_link/binary_info.c.obj
 .rodata.__bi_44
                0x10008c8c        0xc CMakeFiles/Roomba.dir/D_/RaspberryPiPico/Pico/pico-sdk/src/rp2_common/pico_standard_link/binary_info.c.obj
 .rodata.__bi_75
                0x10008c98        0xc CMakeFiles/Roomba.dir/D_/RaspberryPiPico/Pico/pico-sdk/src/rp2_common/pico_standard_link/binary_info.c.obj
 .rodata.__bi_81
                0x10008ca4        0xc CMakeFiles/Roomba.dir/D_/RaspberryPiPico/Pico/pico-sdk/src/rp2_common/pico_standard_link/binary_info.c.obj
 .rodata.crlf_str.3
                0x10008cb0        0x2 CMakeFiles/Roomba.dir/D_/RaspberryPiPico/Pico/pico-sdk/src/rp2_common/pico_stdio/stdio.c.obj
 *fill*         0x10008cb2        0x2 
 .rodata._resetd_driver
                0x10008cb4       0x18 CMakeFiles/Roomba.dir/D_/RaspberryPiPico/Pico/pico-sdk/src/rp2_common/pico_stdio_usb/reset_interface.c.obj
 .rodata.timer_task.str1.4
                0x10008ccc       0x73 CMakeFiles/Roomba.dir/D_/RaspberryPiPico/Pico/pico-sdk/src/rp2_common/pico_stdio_usb/stdio_usb.c.obj
 .rodata.stdio_usb_init.str1.4
                0x10008d3f       0x67 CMakeFiles/Roomba.dir/D_/RaspberryPiPico/Pico/pico-sdk/src/rp2_common/pico_stdio_usb/stdio_usb.c.obj
 *fill*         0x10008d3f        0x1 
 .rodata.str1.4
                0x10008d40       0x13 CMakeFiles/Roomba.dir/D_/RaspberryPiPico/Pico/pico-sdk/src/rp2_common/pico_stdio_usb/stdio_usb.c.obj
 *fill*         0x10008d53        0x1 
 .rodata.__bi_118.2
                0x10008d54        0xc CMakeFiles/Roomba.dir/D_/RaspberryPiPico/Pico/pico-sdk/src/rp2_common/pico_stdio_usb/stdio_usb.c.obj
 .rodata.__func__.0
                0x10008d60       0x15 CMakeFiles/Roomba.dir/D_/RaspberryPiPico/Pico/pico-sdk/src/rp2_common/pico_stdio_usb/stdio_usb.c.obj
 *fill*         0x10008d75        0x3 
 .rodata.__func__.1
                0x10008d78        0xb CMakeFiles/Roomba.dir/D_/RaspberryPiPico/Pico/pico-sdk/src/rp2_common/pico_stdio_usb/stdio_usb.c.obj
 *fill*         0x10008d83        0x1 
 .rodata.str1.4
                0x10008d84       0x2a CMakeFiles/Roomba.dir/D_/RaspberryPiPico/Pico/pico-sdk/src/rp2_common/pico_stdio_usb/stdio_usb_descriptors.c.obj
 *fill*         0x10008dae        0x2 
 .rodata.usbd_desc_cfg
                0x10008db0       0x54 CMakeFiles/Roomba.dir/D_/RaspberryPiPico/Pico/pico-sdk/src/rp2_common/pico_stdio_usb/stdio_usb_descriptors.c.obj
 .rodata.usbd_desc_device
                0x10008e04       0x12 CMakeFiles/Roomba.dir/D_/RaspberryPiPico/Pico/pico-sdk/src/rp2_common/pico_stdio_usb/stdio_usb_descriptors.c.obj
 *fill*         0x10008e16        0x2 
 .rodata.usbd_desc_str
                0x10008e18       0x18 CMakeFiles/Roomba.dir/D_/RaspberryPiPico/Pico/pico-sdk/src/rp2_common/pico_stdio_usb/stdio_usb_descriptors.c.obj
 .rodata._hw_endpoint_alloc.str1.4
                0x10008e30       0xbd CMakeFiles/Roomba.dir/D_/RaspberryPiPico/Pico/pico-sdk/lib/tinyusb/src/portable/raspberrypi/rp2040/dcd_rp2040.c.obj
 *fill*         0x10008eed        0x3 
 .rodata.dcd_rp2040_irq.str1.4
                0x10008ef0       0x14 CMakeFiles/Roomba.dir/D_/RaspberryPiPico/Pico/pico-sdk/lib/tinyusb/src/portable/raspberrypi/rp2040/dcd_rp2040.c.obj
 .rodata.dcd_int_enable.str1.4
                0x10008f04        0xc CMakeFiles/Roomba.dir/D_/RaspberryPiPico/Pico/pico-sdk/lib/tinyusb/src/portable/raspberrypi/rp2040/dcd_rp2040.c.obj
 .rodata.__func__.0
                0x10008f10        0xe CMakeFiles/Roomba.dir/D_/RaspberryPiPico/Pico/pico-sdk/lib/tinyusb/src/portable/raspberrypi/rp2040/dcd_rp2040.c.obj
 *fill*         0x10008f1e        0x2 
 .rodata.__func__.1
                0x10008f20        0xe CMakeFiles/Roomba.dir/D_/RaspberryPiPico/Pico/pico-sdk/lib/tinyusb/src/portable/raspberrypi/rp2040/dcd_rp2040.c.obj
 *fill*         0x10008f2e        0x2 
 .rodata.__func__.3
                0x10008f30       0x10 CMakeFiles/Roomba.dir/D_/RaspberryPiPico/Pico/pico-sdk/lib/tinyusb/src/portable/raspberrypi/rp2040/dcd_rp2040.c.obj
 .rodata.__func__.5
                0x10008f40        0xf CMakeFiles/Roomba.dir/D_/RaspberryPiPico/Pico/pico-sdk/lib/tinyusb/src/portable/raspberrypi/rp2040/dcd_rp2040.c.obj
 *fill*         0x10008f4f        0x1 
 .rodata.__func__.6
                0x10008f50       0x13 CMakeFiles/Roomba.dir/D_/RaspberryPiPico/Pico/pico-sdk/lib/tinyusb/src/portable/raspberrypi/rp2040/dcd_rp2040.c.obj
 *fill*         0x10008f63        0x1 
 .rodata.__func__.7
                0x10008f64        0x9 CMakeFiles/Roomba.dir/D_/RaspberryPiPico/Pico/pico-sdk/lib/tinyusb/src/portable/raspberrypi/rp2040/dcd_rp2040.c.obj
 *fill*         0x10008f6d        0x3 
 .rodata.sync_ep_buffer.str1.4
                0x10008f70       0x99 CMakeFiles/Roomba.dir/D_/RaspberryPiPico/Pico/pico-sdk/lib/tinyusb/src/portable/raspberrypi/rp2040/rp2040_usb.c.obj
 *fill*         0x10009009        0x3 
 .rodata._hw_endpoint_buffer_control_update32.str1.4
                0x1000900c       0x1f CMakeFiles/Roomba.dir/D_/RaspberryPiPico/Pico/pico-sdk/lib/tinyusb/src/portable/raspberrypi/rp2040/rp2040_usb.c.obj
 *fill*         0x1000902b        0x1 
 .rodata.hw_endpoint_xfer_start.str1.4
                0x1000902c       0x38 CMakeFiles/Roomba.dir/D_/RaspberryPiPico/Pico/pico-sdk/lib/tinyusb/src/portable/raspberrypi/rp2040/rp2040_usb.c.obj
 .rodata.hw_endpoint_xfer_continue.str1.4
                0x10009064       0x29 CMakeFiles/Roomba.dir/D_/RaspberryPiPico/Pico/pico-sdk/lib/tinyusb/src/portable/raspberrypi/rp2040/rp2040_usb.c.obj
 *fill*         0x1000908d        0x3 
 .rodata.str1.4
                0x10009090        0x7 CMakeFiles/Roomba.dir/D_/RaspberryPiPico/Pico/pico-sdk/lib/tinyusb/src/portable/raspberrypi/rp2040/rp2040_usb.c.obj
 *fill*         0x10009097        0x1 
 .rodata.__func__.0
                0x10009098        0xf CMakeFiles/Roomba.dir/D_/RaspberryPiPico/Pico/pico-sdk/lib/tinyusb/src/portable/raspberrypi/rp2040/rp2040_usb.c.obj
 *fill*         0x100090a7        0x1 
 .rodata.process_set_config.str1.4
                0x100090a8       0x17 CMakeFiles/Roomba.dir/D_/RaspberryPiPico/Pico/pico-sdk/lib/tinyusb/src/device/usbd.c.obj
 *fill*         0x100090bf        0x1 
 .rodata.process_get_descriptor
                0x100090c0       0x40 CMakeFiles/Roomba.dir/D_/RaspberryPiPico/Pico/pico-sdk/lib/tinyusb/src/device/usbd.c.obj
 .rodata.process_control_request
                0x10009100       0x28 CMakeFiles/Roomba.dir/D_/RaspberryPiPico/Pico/pico-sdk/lib/tinyusb/src/device/usbd.c.obj
 .rodata.tud_task
                0x10009128       0x24 CMakeFiles/Roomba.dir/D_/RaspberryPiPico/Pico/pico-sdk/lib/tinyusb/src/device/usbd.c.obj
 .rodata.__func__.2
                0x1000914c        0xf CMakeFiles/Roomba.dir/D_/RaspberryPiPico/Pico/pico-sdk/lib/tinyusb/src/device/usbd.c.obj
 *fill*         0x1000915b        0x1 
 .rodata.__func__.3
                0x1000915c        0xf CMakeFiles/Roomba.dir/D_/RaspberryPiPico/Pico/pico-sdk/lib/tinyusb/src/device/usbd.c.obj
 *fill*         0x1000916b        0x1 
 .rodata.__func__.4
                0x1000916c       0x14 CMakeFiles/Roomba.dir/D_/RaspberryPiPico/Pico/pico-sdk/lib/tinyusb/src/device/usbd.c.obj
 .rodata.__func__.5
                0x10009180       0x10 CMakeFiles/Roomba.dir/D_/RaspberryPiPico/Pico/pico-sdk/lib/tinyusb/src/device/usbd.c.obj
 .rodata.__func__.6
                0x10009190       0x17 CMakeFiles/Roomba.dir/D_/RaspberryPiPico/Pico/pico-sdk/lib/tinyusb/src/device/usbd.c.obj
 *fill*         0x100091a7        0x1 
 .rodata.__func__.7
                0x100091a8       0x13 CMakeFiles/Roomba.dir/D_/RaspberryPiPico/Pico/pico-sdk/lib/tinyusb/src/device/usbd.c.obj
 *fill*         0x100091bb        0x1 
 .rodata.__func__.8
                0x100091bc       0x18 CMakeFiles/Roomba.dir/D_/RaspberryPiPico/Pico/pico-sdk/lib/tinyusb/src/device/usbd.c.obj
 .rodata.__func__.9
                0x100091d4        0x9 CMakeFiles/Roomba.dir/D_/RaspberryPiPico/Pico/pico-sdk/lib/tinyusb/src/device/usbd.c.obj
 *fill*         0x100091dd        0x3 
 .rodata._usbd_driver
                0x100091e0       0x18 CMakeFiles/Roomba.dir/D_/RaspberryPiPico/Pico/pico-sdk/lib/tinyusb/src/device/usbd.c.obj
 .rodata.tud_control_xfer.str1.4
                0x100091f8       0x17 CMakeFiles/Roomba.dir/D_/RaspberryPiPico/Pico/pico-sdk/lib/tinyusb/src/device/usbd_control.c.obj
 .rodata.__func__.0
                0x100091f8       0x15 CMakeFiles/Roomba.dir/D_/RaspberryPiPico/Pico/pico-sdk/lib/tinyusb/src/device/usbd_control.c.obj
 *fill*         0x1000920d        0x3 
 .rodata.__func__.1
                0x10009210       0x11 CMakeFiles/Roomba.dir/D_/RaspberryPiPico/Pico/pico-sdk/lib/tinyusb/src/device/usbd_control.c.obj
 .rodata.tud_cdc_n_write_flush.str1.4
                0x10009221       0x17 CMakeFiles/Roomba.dir/D_/RaspberryPiPico/Pico/pico-sdk/lib/tinyusb/src/class/cdc/cdc_device.c.obj
 *fill*         0x10009221        0x3 
 .rodata.__func__.0
                0x10009224        0xd CMakeFiles/Roomba.dir/D_/RaspberryPiPico/Pico/pico-sdk/lib/tinyusb/src/class/cdc/cdc_device.c.obj
 *fill*         0x10009231        0x3 
 .rodata.__func__.1
                0x10009234        0xa CMakeFiles/Roomba.dir/D_/RaspberryPiPico/Pico/pico-sdk/lib/tinyusb/src/class/cdc/cdc_device.c.obj
 *fill*         0x1000923e        0x2 
 .rodata.__func__.2
                0x10009240       0x16 CMakeFiles/Roomba.dir/D_/RaspberryPiPico/Pico/pico-sdk/lib/tinyusb/src/class/cdc/cdc_device.c.obj
 .rodata.tusb_init.str1.4
                0x10009256       0x17 CMakeFiles/Roomba.dir/D_/RaspberryPiPico/Pico/pico-sdk/lib/tinyusb/src/tusb.c.obj
 *fill*         0x10009256        0x2 
 .rodata.__func__.0
                0x10009258       0x11 CMakeFiles/Roomba.dir/D_/RaspberryPiPico/Pico/pico-sdk/lib/tinyusb/src/tusb.c.obj
 *fill*         0x10009269        0x3 
 .rodata.__func__.1
                0x1000926c        0xa CMakeFiles/Roomba.dir/D_/RaspberryPiPico/Pico/pico-sdk/lib/tinyusb/src/tusb.c.obj
 *fill*         0x10009276        0x2 
 .rodata.pico_get_unique_board_id_string.str1.4
                0x10009278       0x53 CMakeFiles/Roomba.dir/D_/RaspberryPiPico/Pico/pico-sdk/src/rp2_common/pico_unique_id/unique_id.c.obj
 *fill*         0x100092cb        0x1 
 .rodata.__func__.0
                0x100092cc       0x20 CMakeFiles/Roomba.dir/D_/RaspberryPiPico/Pico/pico-sdk/src/rp2_common/pico_unique_id/unique_id.c.obj
 .rodata.str1.4
                0x100092ec      0x15e CMakeFiles/Roomba.dir/D_/RaspberryPiPico/Pico/pico-sdk/src/rp2_common/hardware_flash/flash.c.obj
 *fill*         0x1000944a        0x2 
 .rodata.__func__.0
                0x1000944c        0xd CMakeFiles/Roomba.dir/D_/RaspberryPiPico/Pico/pico-sdk/src/rp2_common/hardware_flash/flash.c.obj
 *fill*         0x10009459        0x3 
 .rodata.i2c_set_baudrate.str1.4
                0x1000945c       0x63 CMakeFiles/Roomba.dir/D_/RaspberryPiPico/Pico/pico-sdk/src/rp2_common/hardware_i2c/i2c.c.obj
 *fill*         0x100094bf        0x1 
 .rodata.__func__.0
                0x100094c0       0x11 CMakeFiles/Roomba.dir/D_/RaspberryPiPico/Pico/pico-sdk/src/rp2_common/hardware_i2c/i2c.c.obj
 *fill*         0x100094d1        0x3 
 .rodata.str1.4
                0x100094d4       0x18 CMakeFiles/Roomba.dir/D_/RaspberryPiPico/Pico/pico-sdk/src/rp2_common/pico_bootsel_via_double_reset/pico_bootsel_via_double_reset.c.obj
 .rodata.__bi_35
                0x100094ec        0xc CMakeFiles/Roomba.dir/D_/RaspberryPiPico/Pico/pico-sdk/src/rp2_common/pico_bootsel_via_double_reset/pico_bootsel_via_double_reset.c.obj
 .rodata.magic_token
                0x100094f8        0xc CMakeFiles/Roomba.dir/D_/RaspberryPiPico/Pico/pico-sdk/src/rp2_common/pico_bootsel_via_double_reset/pico_bootsel_via_double_reset.c.obj
 .rodata        0x10009504       0x2c motorDriver\libmotorDriver.a(driver.cpp.obj)
                0x10009530                . = ALIGN (0x4)
 *(SORT_BY_ALIGNMENT(SORT_BY_NAME(.flashdata*)))
                0x10009530                . = ALIGN (0x4)

.rel.dyn        0x10009530        0x0
 .rel.iplt      0x10009530        0x0 c:/progra~2/gnuarm~1/102021~1.10/bin/../lib/gcc/arm-none-eabi/10.3.1/thumb/v6-m/nofp/crtbegin.o

.ARM.extab
 *(.ARM.extab* .gnu.linkonce.armextab.*)
                0x10009530                __exidx_start = .

.ARM.exidx
 *(.ARM.exidx* .gnu.linkonce.armexidx.*)
                0x10009530                __exidx_end = .
                0x10009530                . = ALIGN (0x4)
                0x10009530                __binary_info_start = .

.binary_info    0x10009530       0x24
 *(.binary_info.keep.*)
 .binary_info.keep.__bi_ptr22
                0x10009530        0x4 CMakeFiles/Roomba.dir/D_/RaspberryPiPico/Pico/pico-sdk/src/rp2_common/pico_standard_link/binary_info.c.obj
 .binary_info.keep.__bi_ptr30
                0x10009534        0x4 CMakeFiles/Roomba.dir/D_/RaspberryPiPico/Pico/pico-sdk/src/rp2_common/pico_standard_link/binary_info.c.obj
 .binary_info.keep.__bi_ptr38
                0x10009538        0x4 CMakeFiles/Roomba.dir/D_/RaspberryPiPico/Pico/pico-sdk/src/rp2_common/pico_standard_link/binary_info.c.obj
 .binary_info.keep.__bi_ptr44
                0x1000953c        0x4 CMakeFiles/Roomba.dir/D_/RaspberryPiPico/Pico/pico-sdk/src/rp2_common/pico_standard_link/binary_info.c.obj
 .binary_info.keep.__bi_ptr50
                0x10009540        0x4 CMakeFiles/Roomba.dir/D_/RaspberryPiPico/Pico/pico-sdk/src/rp2_common/pico_standard_link/binary_info.c.obj
 .binary_info.keep.__bi_ptr75
                0x10009544        0x4 CMakeFiles/Roomba.dir/D_/RaspberryPiPico/Pico/pico-sdk/src/rp2_common/pico_standard_link/binary_info.c.obj
 .binary_info.keep.__bi_ptr81
                0x10009548        0x4 CMakeFiles/Roomba.dir/D_/RaspberryPiPico/Pico/pico-sdk/src/rp2_common/pico_standard_link/binary_info.c.obj
 .binary_info.keep.__bi_ptr35
                0x1000954c        0x4 CMakeFiles/Roomba.dir/D_/RaspberryPiPico/Pico/pico-sdk/src/rp2_common/pico_bootsel_via_double_reset/pico_bootsel_via_double_reset.c.obj
 *(.binary_info.*)
 .binary_info.__bi_ptr118
                0x10009550        0x4 CMakeFiles/Roomba.dir/D_/RaspberryPiPico/Pico/pico-sdk/src/rp2_common/pico_stdio_usb/stdio_usb.c.obj
                0x10009554                __binary_info_end = .
                0x10009554                . = ALIGN (0x4)
                0x10009554                __etext = .

.ram_vector_table
                0x20000000       0xc0
 *(.ram_vector_table)
 .ram_vector_table
                0x20000000       0xc0 CMakeFiles/Roomba.dir/D_/RaspberryPiPico/Pico/pico-sdk/src/rp2_common/pico_runtime/runtime.c.obj
                0x20000000                ram_vector_table

.data           0x200000c0      0x8a8 load address 0x10009554
                0x200000c0                __data_start__ = .
 *(vtable)
 *(.time_critical*)
 .time_critical.mutex_enter_blocking
                0x200000c0       0x48 CMakeFiles/Roomba.dir/D_/RaspberryPiPico/Pico/pico-sdk/src/common/pico_sync/mutex.c.obj
                0x200000c0                mutex_enter_blocking
 .time_critical.mutex_try_enter
                0x20000108       0x46 CMakeFiles/Roomba.dir/D_/RaspberryPiPico/Pico/pico-sdk/src/common/pico_sync/mutex.c.obj
                0x20000108                mutex_try_enter
 *fill*         0x2000014e        0x2 
 .time_critical.mutex_enter_block_until
                0x20000150       0x8c CMakeFiles/Roomba.dir/D_/RaspberryPiPico/Pico/pico-sdk/src/common/pico_sync/mutex.c.obj
                0x20000150                mutex_enter_block_until
 .time_critical.mutex_enter_timeout_ms
                0x200001dc       0x74 CMakeFiles/Roomba.dir/D_/RaspberryPiPico/Pico/pico-sdk/src/common/pico_sync/mutex.c.obj
                0x200001dc                mutex_enter_timeout_ms
 .time_critical.mutex_exit
                0x20000250       0x4c CMakeFiles/Roomba.dir/D_/RaspberryPiPico/Pico/pico-sdk/src/common/pico_sync/mutex.c.obj
                0x20000250                mutex_exit
 .time_critical.flash_init_boot2_copyout
                0x2000029c       0x30 CMakeFiles/Roomba.dir/D_/RaspberryPiPico/Pico/pico-sdk/src/rp2_common/hardware_flash/flash.c.obj
 .time_critical.flash_enable_xip_via_boot2
                0x200002cc       0x10 CMakeFiles/Roomba.dir/D_/RaspberryPiPico/Pico/pico-sdk/src/rp2_common/hardware_flash/flash.c.obj
 .time_critical.flash_cs_force
                0x200002dc       0x28 CMakeFiles/Roomba.dir/D_/RaspberryPiPico/Pico/pico-sdk/src/rp2_common/hardware_flash/flash.c.obj
 .time_critical.flash_do_cmd
                0x20000304       0xd8 CMakeFiles/Roomba.dir/D_/RaspberryPiPico/Pico/pico-sdk/src/rp2_common/hardware_flash/flash.c.obj
                0x20000304                flash_do_cmd
 *(.text*)
 .text          0x200003dc        0x4 c:/progra~2/gnuarm~1/102021~1.10/bin/../lib/gcc/arm-none-eabi/10.3.1/thumb/v6-m/nofp\libgcc.a(_dvmd_tls.o)
                0x200003dc                __aeabi_idiv0
                0x200003dc                __aeabi_ldiv0
 .text.__stub   0x200003e0       0x40 linker stubs
                0x20000420                . = ALIGN (0x4)
 *(.rodata*)
                0x20000420                . = ALIGN (0x4)
 *(.data*)
 .data.striped_spin_lock_num
                0x20000420        0x1 CMakeFiles/Roomba.dir/D_/RaspberryPiPico/Pico/pico-sdk/src/rp2_common/hardware_sync/sync.c.obj
 *fill*         0x20000421        0x3 
 .data          0x20000424       0x48 CMakeFiles/Roomba.dir/D_/RaspberryPiPico/Pico/pico-sdk/src/rp2_common/hardware_irq/irq_handler_chain.S.obj
                0x20000424                irq_handler_chain_slots
                0x20000454                irq_handler_chain_first_slot
                0x2000045e                irq_handler_chain_remove_tail
 .data.default_alarm_pool
                0x2000046c       0x18 CMakeFiles/Roomba.dir/D_/RaspberryPiPico/Pico/pico-sdk/src/common/pico_time/time.c.obj
 .data.default_alarm_pool_heap
                0x20000484       0x10 CMakeFiles/Roomba.dir/D_/RaspberryPiPico/Pico/pico-sdk/src/common/pico_time/time.c.obj
 *fill*         0x20000494        0xc 
 .data.aeabi_bits_funcs
                0x200004a0       0x10 CMakeFiles/Roomba.dir/D_/RaspberryPiPico/Pico/pico-sdk/src/rp2_common/pico_bit_ops/bit_ops_aeabi.S.obj
                0x200004a0                aeabi_bits_funcs
                0x200004b0                aeabi_bits_funcs_end
 .data.aeabi_mem_funcs
                0x200004b0       0x10 CMakeFiles/Roomba.dir/D_/RaspberryPiPico/Pico/pico-sdk/src/rp2_common/pico_mem_ops/mem_ops_aeabi.S.obj
                0x200004b0                aeabi_mem_funcs
                0x200004c0                aeabi_mem_funcs_end
 .data.stdio_usb
                0x200004c0       0x14 CMakeFiles/Roomba.dir/D_/RaspberryPiPico/Pico/pico-sdk/src/rp2_common/pico_stdio_usb/stdio_usb.c.obj
                0x200004c0                stdio_usb
 .data.ep_dir_string