Archive member included to satisfy reference by file (symbol)

c:/progra~2/gnuarm~1/102021~1.10/bin/../lib/gcc/arm-none-eabi/10.3.1/../../../../arm-none-eabi/lib/thumb/v6-m/nofp\libstdc++.a(functexcept.o)
                              CMakeFiles/pio_uart.dir/uart.cpp.obj (std::__throw_logic_error(char const*))
c:/progra~2/gnuarm~1/102021~1.10/bin/../lib/gcc/arm-none-eabi/10.3.1/../../../../arm-none-eabi/lib/thumb/v6-m/nofp\libstdc++.a(snprintf_lite.o)
                              c:/progra~2/gnuarm~1/102021~1.10/bin/../lib/gcc/arm-none-eabi/10.3.1/../../../../arm-none-eabi/lib/thumb/v6-m/nofp\libstdc++.a(functexcept.o) (__gnu_cxx::__snprintf_lite(char*, unsigned int, char const*, std::__va_list))
c:/progra~2/gnuarm~1/102021~1.10/bin/../lib/gcc/arm-none-eabi/10.3.1/../../../../arm-none-eabi/lib/thumb/v6-m/nofp\libstdc++.a(string-inst.o)
                              CMakeFiles/pio_uart.dir/uart.cpp.obj (std::__cxx11::basic_string<char, std::char_traits<char>, std::allocator<char> >::_M_create(unsigned int&, unsigned int))
c:/progra~2/gnuarm~1/102021~1.10/bin/../lib/gcc/arm-none-eabi/10.3.1/../../../../arm-none-eabi/lib/thumb/v6-m/nofp\libstdc++.a(bad_alloc.o)
                              c:/progra~2/gnuarm~1/102021~1.10/bin/../lib/gcc/arm-none-eabi/10.3.1/../../../../arm-none-eabi/lib/thumb/v6-m/nofp\libstdc++.a(functexcept.o) (std::bad_alloc::~bad_alloc())
c:/progra~2/gnuarm~1/102021~1.10/bin/../lib/gcc/arm-none-eabi/10.3.1/../../../../arm-none-eabi/lib/thumb/v6-m/nofp\libstdc++.a(bad_cast.o)
                              c:/progra~2/gnuarm~1/102021~1.10/bin/../lib/gcc/arm-none-eabi/10.3.1/../../../../arm-none-eabi/lib/thumb/v6-m/nofp\libstdc++.a(functexcept.o) (std::bad_cast::~bad_cast())
c:/progra~2/gnuarm~1/102021~1.10/bin/../lib/gcc/arm-none-eabi/10.3.1/../../../../arm-none-eabi/lib/thumb/v6-m/nofp\libstdc++.a(bad_typeid.o)
                              c:/progra~2/gnuarm~1/102021~1.10/bin/../lib/gcc/arm-none-eabi/10.3.1/../../../../arm-none-eabi/lib/thumb/v6-m/nofp\libstdc++.a(functexcept.o) (std::bad_typeid::~bad_typeid())
c:/progra~2/gnuarm~1/102021~1.10/bin/../lib/gcc/arm-none-eabi/10.3.1/../../../../arm-none-eabi/lib/thumb/v6-m/nofp\libstdc++.a(eh_alloc.o)
                              c:/progra~2/gnuarm~1/102021~1.10/bin/../lib/gcc/arm-none-eabi/10.3.1/../../../../arm-none-eabi/lib/thumb/v6-m/nofp\libstdc++.a(functexcept.o) (__cxa_allocate_exception)
c:/progra~2/gnuarm~1/102021~1.10/bin/../lib/gcc/arm-none-eabi/10.3.1/../../../../arm-none-eabi/lib/thumb/v6-m/nofp\libstdc++.a(eh_arm.o)
                              c:/progra~2/gnuarm~1/102021~1.10/bin/../lib/gcc/arm-none-eabi/10.3.1/../../../../arm-none-eabi/lib/thumb/v6-m/nofp\libstdc++.a(functexcept.o) (__cxa_end_cleanup)
c:/progra~2/gnuarm~1/102021~1.10/bin/../lib/gcc/arm-none-eabi/10.3.1/../../../../arm-none-eabi/lib/thumb/v6-m/nofp\libstdc++.a(eh_catch.o)
                              c:/progra~2/gnuarm~1/102021~1.10/bin/../lib/gcc/arm-none-eabi/10.3.1/../../../../arm-none-eabi/lib/thumb/v6-m/nofp\libstdc++.a(string-inst.o) (__cxa_begin_catch)
c:/progra~2/gnuarm~1/102021~1.10/bin/../lib/gcc/arm-none-eabi/10.3.1/../../../../arm-none-eabi/lib/thumb/v6-m/nofp\libstdc++.a(eh_exception.o)
                              c:/progra~2/gnuarm~1/102021~1.10/bin/../lib/gcc/arm-none-eabi/10.3.1/../../../../arm-none-eabi/lib/thumb/v6-m/nofp\libstdc++.a(bad_alloc.o) (std::exception::~exception())
c:/progra~2/gnuarm~1/102021~1.10/bin/../lib/gcc/arm-none-eabi/10.3.1/../../../../arm-none-eabi/lib/thumb/v6-m/nofp\libstdc++.a(eh_globals.o)
                              c:/progra~2/gnuarm~1/102021~1.10/bin/../lib/gcc/arm-none-eabi/10.3.1/../../../../arm-none-eabi/lib/thumb/v6-m/nofp\libstdc++.a(eh_catch.o) (__cxa_get_globals_fast)
c:/progra~2/gnuarm~1/102021~1.10/bin/../lib/gcc/arm-none-eabi/10.3.1/../../../../arm-none-eabi/lib/thumb/v6-m/nofp\libstdc++.a(eh_personality.o)
                              c:/progra~2/gnuarm~1/102021~1.10/bin/../lib/gcc/arm-none-eabi/10.3.1/../../../../arm-none-eabi/lib/thumb/v6-m/nofp\libstdc++.a(functexcept.o) (__gxx_personality_v0)
c:/progra~2/gnuarm~1/102021~1.10/bin/../lib/gcc/arm-none-eabi/10.3.1/../../../../arm-none-eabi/lib/thumb/v6-m/nofp\libstdc++.a(eh_terminate.o)
                              c:/progra~2/gnuarm~1/102021~1.10/bin/../lib/gcc/arm-none-eabi/10.3.1/../../../../arm-none-eabi/lib/thumb/v6-m/nofp\libstdc++.a(eh_alloc.o) (std::terminate())
c:/progra~2/gnuarm~1/102021~1.10/bin/../lib/gcc/arm-none-eabi/10.3.1/../../../../arm-none-eabi/lib/thumb/v6-m/nofp\libstdc++.a(eh_throw.o)
                              c:/progra~2/gnuarm~1/102021~1.10/bin/../lib/gcc/arm-none-eabi/10.3.1/../../../../arm-none-eabi/lib/thumb/v6-m/nofp\libstdc++.a(functexcept.o) (__cxa_throw)
c:/progra~2/gnuarm~1/102021~1.10/bin/../lib/gcc/arm-none-eabi/10.3.1/../../../../arm-none-eabi/lib/thumb/v6-m/nofp\libstdc++.a(eh_unex_handler.o)
[...]
Memory Configuration

Name             Origin             Length             Attributes
FLASH            0x10000000         0x00200000         xr
RAM              0x20000000         0x00040000         xrw
SCRATCH_X        0x20040000         0x00001000         xrw
SCRATCH_Y        0x20041000         0x00001000         xrw
*default*        0x00000000         0xffffffff

Linker script and memory map

LOAD c:/progra~2/gnuarm~1/102021~1.10/bin/../lib/gcc/arm-none-eabi/10.3.1/thumb/v6-m/nofp/crti.o
LOAD c:/progra~2/gnuarm~1/102021~1.10/bin/../lib/gcc/arm-none-eabi/10.3.1/thumb/v6-m/nofp/crtbegin.o
LOAD c:/progra~2/gnuarm~1/102021~1.10/bin/../lib/gcc/arm-none-eabi/10.3.1/../../../../arm-none-eabi/lib/thumb/v6-m/nofp/crt0.o

.flash_begin    0x10000000        0x0
                0x10000000                __flash_binary_start = .

.boot2          0x10000000      0x100
                0x10000000                __boot2_start__ = .
 *(.boot2)
 .boot2         0x10000000      0x100 C:\Users\Aerkany\AppData\Local\Temp\ccCB6xS2.o
                0x10000100                __boot2_end__ = .
                0x00000001                ASSERT (((__boot2_end__ - __boot2_start__) == 0x100), ERROR: Pico second stage bootloader must be 256 bytes in size)

.text           0x10000100     0xe5e0
                0x10000100                __logical_binary_start = .
 *(.vectors)
 .vectors       0x10000100       0xd4 CMakeFiles/pio_uart.dir/D_/RaspberryPiPico/Pico/pico-sdk/src/rp2_common/pico_standard_link/crt0.S.obj
                0x10000100                __VECTOR_TABLE
                0x10000100                __vectors
                0x100001c0                isr_invalid
                0x100001c0                __default_isrs_start
                0x100001c2                isr_nmi
                0x100001c4                isr_hardfault
                0x100001c6                isr_svcall
                0x100001c8                isr_pendsv
                0x100001ca                isr_systick
                0x100001cc                isr_irq23
                0x100001cc                isr_irq18
                0x100001cc                isr_irq11
                0x100001cc                isr_irq28
                0x100001cc                isr_irq19
                0x100001cc                isr_irq0
                0x100001cc                isr_irq6
                0x100001cc                isr_irq5
                0x100001cc                isr_irq12
                0x100001cc                isr_irq22
                0x100001cc                isr_irq31
                0x100001cc                isr_irq17
                0x100001cc                isr_irq27
                0x100001cc                isr_irq30
                0x100001cc                isr_irq2
                0x100001cc                isr_irq10
                0x100001cc                isr_irq8
                0x100001cc                isr_irq24
                0x100001cc                isr_irq1
                0x100001cc                isr_irq7
                0x100001cc                isr_irq21
                0x100001cc                isr_irq20
                0x100001cc                isr_irq15
                0x100001cc                isr_irq25
                0x100001cc                isr_irq13
                0x100001cc                __unhandled_user_irq
                0x100001cc                isr_irq4
                0x100001cc                isr_irq16
                0x100001cc                isr_irq29
                0x100001cc                isr_irq26
                0x100001cc                __default_isrs_end
                0x100001cc                isr_irq3
                0x100001cc                isr_irq14
                0x100001cc                isr_irq9
                0x100001d2                unhandled_user_irq_num_in_r0
 *(.binary_info_header)
 .binary_info_header
                0x100001d4       0x14 CMakeFiles/pio_uart.dir/D_/RaspberryPiPico/Pico/pico-sdk/src/rp2_common/pico_standard_link/crt0.S.obj
                0x100001e8                __binary_info_header_end = .
 *(.reset)
 .reset         0x100001e8       0xa8 CMakeFiles/pio_uart.dir/D_/RaspberryPiPico/Pico/pico-sdk/src/rp2_common/pico_standard_link/crt0.S.obj
                0x100001e8                _entry_point
                0x10000266                __get_current_exception
 .reset         0x10000290       0x30 CMakeFiles/pio_uart.dir/D_/RaspberryPiPico/Pico/pico-sdk/src/rp2_common/pico_standard_link/binary_info.c.obj
 *(.init)
 .init          0x100002c0        0x4 c:/progra~2/gnuarm~1/102021~1.10/bin/../lib/gcc/arm-none-eabi/10.3.1/thumb/v6-m/nofp/crti.o
                0x100002c0                _init
 *(EXCLUDE_FILE(*libm.a: *libc.a:*lib_a-mem*.o *libgcc.a:) .text*)
 .text          0x100002c4       0x48 c:/progra~2/gnuarm~1/102021~1.10/bin/../lib/gcc/arm-none-eabi/10.3.1/thumb/v6-m/nofp/crtbegin.o
 .text._Z8uartInitjjj
                0x1000030c      0x23c CMakeFiles/pio_uart.dir/uart.cpp.obj
                0x1000030c                uartInit(unsigned int, unsigned int, unsigned int)
 .text._ZNSt7__cxx1112basic_stringIcSt11char_traitsIcESaIcEE12_M_constructIPKcEEvT_S8_St20forward_iterator_tag
                0x10000548       0x5c CMakeFiles/pio_uart.dir/uart.cpp.obj
                0x10000548                void std::__cxx11::basic_string<char, std::char_traits<char>, std::allocator<char> >::_M_construct<char const*>(char const*, char const*, std::forward_iterator_tag)
 .text.main     0x100005a4       0x74 CMakeFiles/pio_uart.dir/uart.cpp.obj
                0x100005a4                main
 .text.gpio_set_function
                0x10000618       0x30 CMakeFiles/pio_uart.dir/D_/RaspberryPiPico/Pico/pico-sdk/src/rp2_common/hardware_gpio/gpio.c.obj
                0x10000618                gpio_set_function
 .text.gpio_set_pulls
                0x10000648       0x34 CMakeFiles/pio_uart.dir/D_/RaspberryPiPico/Pico/pico-sdk/src/rp2_common/hardware_gpio/gpio.c.obj
                0x10000648                gpio_set_pulls
 .text.gpio_init
                0x1000067c       0x16 CMakeFiles/pio_uart.dir/D_/RaspberryPiPico/Pico/pico-sdk/src/rp2_common/hardware_gpio/gpio.c.obj
                0x1000067c                gpio_init
 *fill*         0x10000692        0x2 
 .text.hw_claim_lock
                0x10000694       0x18 CMakeFiles/pio_uart.dir/D_/RaspberryPiPico/Pico/pico-sdk/src/rp2_common/hardware_claim/claim.c.obj
                0x10000694                hw_claim_lock
 .text.hw_claim_unlock
                0x100006ac       0x14 CMakeFiles/pio_uart.dir/D_/RaspberryPiPico/Pico/pico-sdk/src/rp2_common/hardware_claim/claim.c.obj
                0x100006ac                hw_claim_unlock
 .text.hw_claim_or_assert
                0x100006c0       0x32 CMakeFiles/pio_uart.dir/D_/RaspberryPiPico/Pico/pico-sdk/src/rp2_common/hardware_claim/claim.c.obj
                0x100006c0                hw_claim_or_assert
 *fill*         0x100006f2        0x2 
 .text.running_on_fpga
                0x100006f4       0x14 CMakeFiles/pio_uart.dir/D_/RaspberryPiPico/Pico/pico-sdk/src/rp2_common/pico_platform/platform.c.obj
                0x100006f4                running_on_fpga
 .text.spin_locks_reset
                0x10000708       0x20 CMakeFiles/pio_uart.dir/D_/RaspberryPiPico/Pico/pico-sdk/src/rp2_common/hardware_sync/sync.c.obj
                0x10000708                spin_locks_reset
 .text.next_striped_spin_lock_num
                0x10000728       0x1c CMakeFiles/pio_uart.dir/D_/RaspberryPiPico/Pico/pico-sdk/src/rp2_common/hardware_sync/sync.c.obj
                0x10000728                next_striped_spin_lock_num
 .text.set_raw_irq_handler_and_unlock
                0x10000744       0x28 CMakeFiles/pio_uart.dir/D_/RaspberryPiPico/Pico/pico-sdk/src/rp2_common/hardware_irq/irq.c.obj
 .text.make_branch
                0x1000076c       0x48 CMakeFiles/pio_uart.dir/D_/RaspberryPiPico/Pico/pico-sdk/src/rp2_common/hardware_irq/irq.c.obj
 .text.insert_branch_and_link
                0x100007b4       0x40 CMakeFiles/pio_uart.dir/D_/RaspberryPiPico/Pico/pico-sdk/src/rp2_common/hardware_irq/irq.c.obj
 .text.irq_is_enabled
                0x100007f4       0x18 CMakeFiles/pio_uart.dir/D_/RaspberryPiPico/Pico/pico-sdk/src/rp2_common/hardware_irq/irq.c.obj
                0x100007f4                irq_is_enabled
 .text.irq_set_mask_enabled
                0x1000080c       0x20 CMakeFiles/pio_uart.dir/D_/RaspberryPiPico/Pico/pico-sdk/src/rp2_common/hardware_irq/irq.c.obj
                0x1000080c                irq_set_mask_enabled
 .text.irq_set_enabled
                0x1000082c        0xe CMakeFiles/pio_uart.dir/D_/RaspberryPiPico/Pico/pico-sdk/src/rp2_common/hardware_irq/irq.c.obj
                0x1000082c                irq_set_enabled
 *fill*         0x1000083a        0x2 
 .text.irq_get_vtable_handler
                0x1000083c       0x10 CMakeFiles/pio_uart.dir/D_/RaspberryPiPico/Pico/pico-sdk/src/rp2_common/hardware_irq/irq.c.obj
                0x1000083c                irq_get_vtable_handler
 .text.irq_set_exclusive_handler
                0x1000084c       0x54 CMakeFiles/pio_uart.dir/D_/RaspberryPiPico/Pico/pico-sdk/src/rp2_common/hardware_irq/irq.c.obj
                0x1000084c                irq_set_exclusive_handler
 .text.irq_remove_handler
                0x100008a0      0x1a8 CMakeFiles/pio_uart.dir/D_/RaspberryPiPico/Pico/pico-sdk/src/rp2_common/hardware_irq/irq.c.obj
                0x100008a0                irq_remove_handler
 .text.irq_add_tail_to_free_list
                0x10000a48       0xf0 CMakeFiles/pio_uart.dir/D_/RaspberryPiPico/Pico/pico-sdk/src/rp2_common/hardware_irq/irq.c.obj
                0x10000a48                irq_add_tail_to_free_list
 .text.irq_init_priorities
                0x10000b38       0x1c CMakeFiles/pio_uart.dir/D_/RaspberryPiPico/Pico/pico-sdk/src/rp2_common/hardware_irq/irq.c.obj
                0x10000b38                irq_init_priorities
 .text.lock_init
                0x10000b54       0x10 CMakeFiles/pio_uart.dir/D_/RaspberryPiPico/Pico/pico-sdk/src/common/pico_sync/lock_core.c.obj
                0x10000b54                lock_init
 .text.alarm_pool_post_alloc_init
                0x10000b64       0x40 CMakeFiles/pio_uart.dir/D_/RaspberryPiPico/Pico/pico-sdk/src/common/pico_time/time.c.obj
 .text.sleep_until_callback
                0x10000ba4       0x30 CMakeFiles/pio_uart.dir/D_/RaspberryPiPico/Pico/pico-sdk/src/common/pico_time/time.c.obj
 .text.timer_pool_entry_comparator
                0x10000bd4       0x7c CMakeFiles/pio_uart.dir/D_/RaspberryPiPico/Pico/pico-sdk/src/common/pico_time/time.c.obj
                0x10000bd4                timer_pool_entry_comparator
 .text.ph_add_child_node
                0x10000c50       0xa4 CMakeFiles/pio_uart.dir/D_/RaspberryPiPico/Pico/pico-sdk/src/common/pico_time/time.c.obj
 .text.ph_merge_nodes
                0x10000cf4       0x3e CMakeFiles/pio_uart.dir/D_/RaspberryPiPico/Pico/pico-sdk/src/common/pico_time/time.c.obj
 *fill*         0x10000d32        0x2 
 .text.add_alarm_under_lock
                0x10000d34      0x174 CMakeFiles/pio_uart.dir/D_/RaspberryPiPico/Pico/pico-sdk/src/common/pico_time/time.c.obj
 .text.alarm_pool_alarm_callback
                0x10000ea8      0x328 CMakeFiles/pio_uart.dir/D_/RaspberryPiPico/Pico/pico-sdk/src/common/pico_time/time.c.obj
 .text.alarm_pool_init_default
                0x100011d0       0x38 CMakeFiles/pio_uart.dir/D_/RaspberryPiPico/Pico/pico-sdk/src/common/pico_time/time.c.obj
                0x100011d0                alarm_pool_init_default
 .text.alarm_pool_get_default
                0x10001208       0x2c CMakeFiles/pio_uart.dir/D_/RaspberryPiPico/Pico/pico-sdk/src/common/pico_time/time.c.obj
                0x10001208                alarm_pool_get_default
 .text.alarm_pool_add_alarm_at
                0x10001234      0x170 CMakeFiles/pio_uart.dir/D_/RaspberryPiPico/Pico/pico-sdk/src/common/pico_time/time.c.obj
                0x10001234                alarm_pool_add_alarm_at
 .text.sleep_until
                0x100013a4       0xfc CMakeFiles/pio_uart.dir/D_/RaspberryPiPico/Pico/pico-sdk/src/common/pico_time/time.c.obj
                0x100013a4                sleep_until
 .text.sleep_us
                0x100014a0       0x58 CMakeFiles/pio_uart.dir/D_/RaspberryPiPico/Pico/pico-sdk/src/common/pico_time/time.c.obj
                0x100014a0                sleep_us
 .text.sleep_ms
                0x100014f8       0x14 CMakeFiles/pio_uart.dir/D_/RaspberryPiPico/Pico/pico-sdk/src/common/pico_time/time.c.obj
                0x100014f8                sleep_ms
 .text.hardware_alarm_irq_handler
                0x1000150c       0x8c CMakeFiles/pio_uart.dir/D_/RaspberryPiPico/Pico/pico-sdk/src/rp2_common/hardware_timer/timer.c.obj
 .text.hardware_alarm_claim
                0x10001598       0x18 CMakeFiles/pio_uart.dir/D_/RaspberryPiPico/Pico/pico-sdk/src/rp2_common/hardware_timer/timer.c.obj
                0x10001598                hardware_alarm_claim
 .text.time_us_64
                0x100015b0       0x18 CMakeFiles/pio_uart.dir/D_/RaspberryPiPico/Pico/pico-sdk/src/rp2_common/hardware_timer/timer.c.obj
                0x100015b0                time_us_64
 .text.busy_wait_until
                0x100015c8       0x28 CMakeFiles/pio_uart.dir/D_/RaspberryPiPico/Pico/pico-sdk/src/rp2_common/hardware_timer/timer.c.obj
                0x100015c8                busy_wait_until
 .text.busy_wait_us
                0x100015f0       0x48 CMakeFiles/pio_uart.dir/D_/RaspberryPiPico/Pico/pico-sdk/src/rp2_common/hardware_timer/timer.c.obj
                0x100015f0                busy_wait_us
 .text.hardware_alarm_set_callback
                0x10001638       0x90 CMakeFiles/pio_uart.dir/D_/RaspberryPiPico/Pico/pico-sdk/src/rp2_common/hardware_timer/timer.c.obj
                0x10001638                hardware_alarm_set_callback
 .text.hardware_alarm_set_target
                0x100016c8       0xe8 CMakeFiles/pio_uart.dir/D_/RaspberryPiPico/Pico/pico-sdk/src/rp2_common/hardware_timer/timer.c.obj
                0x100016c8                hardware_alarm_set_target
 .text.hardware_alarm_cancel
                0x100017b0       0x40 CMakeFiles/pio_uart.dir/D_/RaspberryPiPico/Pico/pico-sdk/src/rp2_common/hardware_timer/timer.c.obj
                0x100017b0                hardware_alarm_cancel
 .text.ph_add_child_node
                0x100017f0       0xa4 CMakeFiles/pio_uart.dir/D_/RaspberryPiPico/Pico/pico-sdk/src/common/pico_util/pheap.c.obj
 .text.ph_merge_nodes
                0x10001894       0x3e CMakeFiles/pio_uart.dir/D_/RaspberryPiPico/Pico/pico-sdk/src/common/pico_util/pheap.c.obj
 *fill*         0x100018d2        0x2 
 .text.ph_clear
                0x100018d4       0x70 CMakeFiles/pio_uart.dir/D_/RaspberryPiPico/Pico/pico-sdk/src/common/pico_util/pheap.c.obj
                0x100018d4                ph_clear
 .text.ph_post_alloc_init
                0x10001944        0xe CMakeFiles/pio_uart.dir/D_/RaspberryPiPico/Pico/pico-sdk/src/common/pico_util/pheap.c.obj
                0x10001944                ph_post_alloc_init
 *fill*         0x10001952        0x2 
 .text.ph_merge_two_pass
                0x10001954       0xa8 CMakeFiles/pio_uart.dir/D_/RaspberryPiPico/Pico/pico-sdk/src/common/pico_util/pheap.c.obj
                0x10001954                ph_merge_two_pass
 .text.ph_remove_any_head
                0x100019fc      0x108 CMakeFiles/pio_uart.dir/D_/RaspberryPiPico/Pico/pico-sdk/src/common/pico_util/pheap.c.obj
 .text.ph_remove_head
                0x10001b04       0x14 CMakeFiles/pio_uart.dir/D_/RaspberryPiPico/Pico/pico-sdk/src/common/pico_util/pheap.c.obj
                0x10001b04                ph_remove_head
 .text.ph_remove_and_free_node
                0x10001b18       0xf8 CMakeFiles/pio_uart.dir/D_/RaspberryPiPico/Pico/pico-sdk/src/common/pico_util/pheap.c.obj
                0x10001b18                ph_remove_and_free_node
 .text.mutex_init
                0x10001c10       0x1a CMakeFiles/pio_uart.dir/D_/RaspberryPiPico/Pico/pico-sdk/src/common/pico_sync/mutex.c.obj
                0x10001c10                mutex_init
 .text.recursive_mutex_init
                0x10001c2a       0x1e CMakeFiles/pio_uart.dir/D_/RaspberryPiPico/Pico/pico-sdk/src/common/pico_sync/mutex.c.obj
                0x10001c2a                recursive_mutex_init
 .text.uart_set_baudrate
                0x10001c48       0x5c CMakeFiles/pio_uart.dir/D_/RaspberryPiPico/Pico/pico-sdk/src/rp2_common/hardware_uart/uart.c.obj
                0x10001c48                uart_set_baudrate
 .text.uart_set_translate_crlf
                0x10001ca4       0x28 CMakeFiles/pio_uart.dir/D_/RaspberryPiPico/Pico/pico-sdk/src/rp2_common/hardware_uart/uart.c.obj
                0x10001ca4                uart_set_translate_crlf
 .text.uart_init
                0x10001ccc       0x80 CMakeFiles/pio_uart.dir/D_/RaspberryPiPico/Pico/pico-sdk/src/rp2_common/hardware_uart/uart.c.obj
                0x10001ccc                uart_init
 .text._exit    0x10001d4c        0x4 CMakeFiles/pio_uart.dir/D_/RaspberryPiPico/Pico/pico-sdk/src/rp2_common/pico_runtime/runtime.c.obj
                0x10001d4c                _exit
 .text._sbrk    0x10001d50       0x38 CMakeFiles/pio_uart.dir/D_/RaspberryPiPico/Pico/pico-sdk/src/rp2_common/pico_runtime/runtime.c.obj
                0x10001d50                _sbrk
 .text.exit     0x10001d88        0x6 CMakeFiles/pio_uart.dir/D_/RaspberryPiPico/Pico/pico-sdk/src/rp2_common/pico_runtime/runtime.c.obj
                0x10001d88                exit
 *fill*         0x10001d8e        0x2 
 .text.__assert_func
                0x10001d90       0x3c CMakeFiles/pio_uart.dir/D_/RaspberryPiPico/Pico/pico-sdk/src/rp2_common/pico_runtime/runtime.c.obj
                0x10001d90                __assert_func
 .text.runtime_init
                0x10001dcc       0xf8 CMakeFiles/pio_uart.dir/D_/RaspberryPiPico/Pico/pico-sdk/src/rp2_common/pico_runtime/runtime.c.obj
                0x10001dcc                runtime_init
 .text.panic    0x10001ec4       0x30 CMakeFiles/pio_uart.dir/D_/RaspberryPiPico/Pico/pico-sdk/src/rp2_common/pico_runtime/runtime.c.obj
                0x10001ec4                panic
 .text.clock_configure
                0x10001ef4      0x104 CMakeFiles/pio_uart.dir/D_/RaspberryPiPico/Pico/pico-sdk/src/rp2_common/hardware_clocks/clocks.c.obj
                0x10001ef4                clock_configure
 .text.clocks_init
                0x10001ff8      0x100 CMakeFiles/pio_uart.dir/D_/RaspberryPiPico/Pico/pico-sdk/src/rp2_common/hardware_clocks/clocks.c.obj
                0x10001ff8                clocks_init
 .text.clock_get_hz
                0x100020f8        0xc CMakeFiles/pio_uart.dir/D_/RaspberryPiPico/Pico/pico-sdk/src/rp2_common/hardware_clocks/clocks.c.obj
                0x100020f8                clock_get_hz
 .text.pll_init
                0x10002104      0x140 CMakeFiles/pio_uart.dir/D_/RaspberryPiPico/Pico/pico-sdk/src/rp2_common/hardware_pll/pll.c.obj
                0x10002104                pll_init
 .text.watchdog_start_tick
                0x10002244       0x10 CMakeFiles/pio_uart.dir/D_/RaspberryPiPico/Pico/pico-sdk/src/rp2_common/hardware_watchdog/watchdog.c.obj
                0x10002244                watchdog_start_tick
 .text.xosc_init
                0x10002254       0x28 CMakeFiles/pio_uart.dir/D_/RaspberryPiPico/Pico/pico-sdk/src/rp2_common/hardware_xosc/xosc.c.obj
                0x10002254                xosc_init
 .text._out_buffer
                0x1000227c        0x8 CMakeFiles/pio_uart.dir/D_/RaspberryPiPico/Pico/pico-sdk/src/rp2_common/pico_printf/printf.c.obj
 .text._out_null
                0x10002284        0x2 CMakeFiles/pio_uart.dir/D_/RaspberryPiPico/Pico/pico-sdk/src/rp2_common/pico_printf/printf.c.obj
 .text._out_fct
                0x10002286        0xe CMakeFiles/pio_uart.dir/D_/RaspberryPiPico/Pico/pico-sdk/src/rp2_common/pico_printf/printf.c.obj
 .text._atoi    0x10002294       0x24 CMakeFiles/pio_uart.dir/D_/RaspberryPiPico/Pico/pico-sdk/src/rp2_common/pico_printf/printf.c.obj
 .text._out_rev
                0x100022b8       0xae CMakeFiles/pio_uart.dir/D_/RaspberryPiPico/Pico/pico-sdk/src/rp2_common/pico_printf/printf.c.obj
 .text._ntoa_format
                0x10002366      0x112 CMakeFiles/pio_uart.dir/D_/RaspberryPiPico/Pico/pico-sdk/src/rp2_common/pico_printf/printf.c.obj
 .text._ntoa_long
                0x10002478       0xbc CMakeFiles/pio_uart.dir/D_/RaspberryPiPico/Pico/pico-sdk/src/rp2_common/pico_printf/printf.c.obj
 .text._ntoa_long_long
                0x10002534       0xe2 CMakeFiles/pio_uart.dir/D_/RaspberryPiPico/Pico/pico-sdk/src/rp2_common/pico_printf/printf.c.obj
 *fill*         0x10002616        0x2 
 .text._etoa    0x10002618      0x414 CMakeFiles/pio_uart.dir/D_/RaspberryPiPico/Pico/pico-sdk/src/rp2_common/pico_printf/printf.c.obj
 .text._ftoa    0x10002a2c      0x354 CMakeFiles/pio_uart.dir/D_/RaspberryPiPico/Pico/pico-sdk/src/rp2_common/pico_printf/printf.c.obj
 .text._vsnprintf
                0x10002d80      0x624 CMakeFiles/pio_uart.dir/D_/RaspberryPiPico/Pico/pico-sdk/src/rp2_common/pico_printf/printf.c.obj
 .text.__wrap_sprintf
                0x100033a4       0x28 CMakeFiles/pio_uart.dir/D_/RaspberryPiPico/Pico/pico-sdk/src/rp2_common/pico_printf/printf.c.obj
                0x100033a4                __wrap_sprintf
 .text.vfctprintf
                0x100033cc       0x20 CMakeFiles/pio_uart.dir/D_/RaspberryPiPico/Pico/pico-sdk/src/rp2_common/pico_printf/printf.c.obj
                0x100033cc                vfctprintf
 .text          0x100033ec       0x10 CMakeFiles/pio_uart.dir/D_/RaspberryPiPico/Pico/pico-sdk/src/rp2_common/pico_bit_ops/bit_ops_aeabi.S.obj
 .text.ctzsi    0x100033fc        0xc CMakeFiles/pio_uart.dir/D_/RaspberryPiPico/Pico/pico-sdk/src/rp2_common/pico_bit_ops/bit_ops_aeabi.S.obj
                0x100033fc                __wrap___ctzsi2
 .text.rom_func_lookup
                0x10003408       0x10 CMakeFiles/pio_uart.dir/D_/RaspberryPiPico/Pico/pico-sdk/src/rp2_common/pico_bootrom/bootrom.c.obj
                0x10003408                rom_func_lookup
 .text.rom_data_lookup
                0x10003418       0x10 CMakeFiles/pio_uart.dir/D_/RaspberryPiPico/Pico/pico-sdk/src/rp2_common/pico_bootrom/bootrom.c.obj
                0x10003418                rom_data_lookup
 .text.rom_funcs_lookup
                0x10003428       0x36 CMakeFiles/pio_uart.dir/D_/RaspberryPiPico/Pico/pico-sdk/src/rp2_common/pico_bootrom/bootrom.c.obj
                0x10003428                rom_funcs_lookup
 *fill*         0x1000345e        0x2 
 .text.__wrap___aeabi_idiv
                0x10003460       0x50 CMakeFiles/pio_uart.dir/D_/RaspberryPiPico/Pico/pico-sdk/src/rp2_common/pico_divider/divider.S.obj
                0x10003460                __wrap___aeabi_idivmod
                0x10003460                divmod_s32s32
                0x10003460                div_s32s32
                0x10003460                __wrap___aeabi_idiv
                0x10003468                divmod_s32s32_unsafe
                0x10003494                divmod_s32s32_savestate
 .text.__wrap___aeabi_uidiv
                0x100034b0       0x4c CMakeFiles/pio_uart.dir/D_/RaspberryPiPico/Pico/pico-sdk/src/rp2_common/pico_divider/divider.S.obj
                0x100034b0                __wrap___aeabi_uidiv
                0x100034b0                __wrap___aeabi_uidivmod
                0x100034b0                div_u32u32
                0x100034b0                divmod_u32u32
                0x100034b8                divmod_u32u32_unsafe
                0x100034e0                divmod_u32u32_savestate
 .text.__wrap___aeabi_ldiv
                0x100034fc      0x434 CMakeFiles/pio_uart.dir/D_/RaspberryPiPico/Pico/pico-sdk/src/rp2_common/pico_divider/divider.S.obj
                0x100034fc                div_s64s64
                0x100034fc                divmod_s64s64
                0x100034fc                __wrap___aeabi_ldivmod
                0x10003534                divmod_u64u64
                0x10003534                div_u64u64
                0x10003534                __wrap___aeabi_uldivmod
                0x10003544                divmod_u64u64_savestate
                0x1000356c                divmod_s64s64_unsafe
                0x100035f4                divmod_u64u64_unsafe
 .text.__wrap___aeabi_darithmetic
                0x10003930       0x80 CMakeFiles/pio_uart.dir/D_/RaspberryPiPico/Pico/pico-sdk/src/rp2_common/pico_double/double_aeabi.S.obj
                0x10003930                __wrap___aeabi_drsub
                0x10003936                __wrap___aeabi_dsub
                0x10003948                __wrap___aeabi_dadd
                0x1000395a                __wrap___aeabi_ddiv
                0x10003996                __wrap___aeabi_dmul
 .text.__wrap___aeabi_cdcmple
                0x100039b0       0x6c CMakeFiles/pio_uart.dir/D_/RaspberryPiPico/Pico/pico-sdk/src/rp2_common/pico_double/double_aeabi.S.obj
                0x100039b0                __wrap___aeabi_cdrcmple
                0x100039c0                __wrap___aeabi_cdcmpeq
                0x100039c0                __wrap___aeabi_cdcmple
 .text.__wrap___aeabi_dcmplt
                0x10003a1c        0xc CMakeFiles/pio_uart.dir/D_/RaspberryPiPico/Pico/pico-sdk/src/rp2_common/pico_double/double_aeabi.S.obj
                0x10003a1c                __wrap___aeabi_dcmplt
 .text.__wrap___aeabi_dcmple
                0x10003a28       0x10 CMakeFiles/pio_uart.dir/D_/RaspberryPiPico/Pico/pico-sdk/src/rp2_common/pico_double/double_aeabi.S.obj
                0x10003a28                __wrap___aeabi_dcmple
 .text.__wrap___aeabi_dcmpge
                0x10003a38       0x10 CMakeFiles/pio_uart.dir/D_/RaspberryPiPico/Pico/pico-sdk/src/rp2_common/pico_double/double_aeabi.S.obj
                0x10003a38                __wrap___aeabi_dcmpge
 .text.__wrap___aeabi_dcmpgt
                0x10003a48        0xa CMakeFiles/pio_uart.dir/D_/RaspberryPiPico/Pico/pico-sdk/src/rp2_common/pico_double/double_aeabi.S.obj
                0x10003a48                __wrap___aeabi_dcmpgt
 .text.__wrap___aeabi_dcmpun
                0x10003a52       0x1c CMakeFiles/pio_uart.dir/D_/RaspberryPiPico/Pico/pico-sdk/src/rp2_common/pico_double/double_aeabi.S.obj
                0x10003a52                __wrap___aeabi_dcmpun
 *fill*         0x10003a6e        0x2 
 .text.__wrap___aeabi_i2d
                0x10003a70       0x38 CMakeFiles/pio_uart.dir/D_/RaspberryPiPico/Pico/pico-sdk/src/rp2_common/pico_double/double_aeabi.S.obj
                0x10003a70                __wrap___aeabi_ui2d
                0x10003a78                __wrap___aeabi_i2d
 .text.__wrap___aeabi_d2iz
                0x10003aa8       0x48 CMakeFiles/pio_uart.dir/D_/RaspberryPiPico/Pico/pico-sdk/src/rp2_common/pico_double/double_aeabi.S.obj
                0x10003aa8                double2int_z
                0x10003aa8                __wrap___aeabi_d2iz
 .text.__wrap___aeabi_d2uiz
                0x10003af0       0x18 CMakeFiles/pio_uart.dir/D_/RaspberryPiPico/Pico/pico-sdk/src/rp2_common/pico_double/double_aeabi.S.obj
                0x10003af0                __wrap___aeabi_d2uiz
                0x10003af0                double2uint
 .text.__aeabi_double_init
                0x10003b08       0xc8 CMakeFiles/pio_uart.dir/D_/RaspberryPiPico/Pico/pico-sdk/src/rp2_common/pico_double/double_init_rom.c.obj
                0x10003b08                __aeabi_double_init
 .text.double_table_shim_on_use_helper
                0x10003bd0       0x34 CMakeFiles/pio_uart.dir/D_/RaspberryPiPico/Pico/pico-sdk/src/rp2_common/pico_double/double_v1_rom_shim.S.obj
                0x10003bd0                double_table_shim_on_use_helper
 .text.__wrap___aeabi_dsub
                0x10003c04       0x10 CMakeFiles/pio_uart.dir/D_/RaspberryPiPico/Pico/pico-sdk/src/rp2_common/pico_double/double_v1_rom_shim.S.obj
                0x10003c04                drsub_shim
                0x10003c0a                dsub_shim
 .text.dadd_shim
                0x10003c14      0x15c CMakeFiles/pio_uart.dir/D_/RaspberryPiPico/Pico/pico-sdk/src/rp2_common/pico_double/double_v1_rom_shim.S.obj
                0x10003c14                dadd_shim
 .text.dmul_shim
                0x10003d70      0x15c CMakeFiles/pio_uart.dir/D_/RaspberryPiPico/Pico/pico-sdk/src/rp2_common/pico_double/double_v1_rom_shim.S.obj
                0x10003d70                dmul_shim
 .text.ddiv_shim
                0x10003ecc      0x1b0 CMakeFiles/pio_uart.dir/D_/RaspberryPiPico/Pico/pico-sdk/src/rp2_common/pico_double/double_v1_rom_shim.S.obj
                0x10003ecc                ddiv_shim
 .text.double2uint_shim
                0x1000407c        0xe CMakeFiles/pio_uart.dir/D_/RaspberryPiPico/Pico/pico-sdk/src/rp2_common/pico_double/double_v1_rom_shim.S.obj
                0x1000407c                double2uint_shim
                0x1000407e                double2ufix_shim
 *fill*         0x1000408a        0x2 
 .text.double2uint64_shim
                0x1000408c       0x70 CMakeFiles/pio_uart.dir/D_/RaspberryPiPico/Pico/pico-sdk/src/rp2_common/pico_double/double_v1_rom_shim.S.obj
                0x1000408c                double2uint64_shim
                0x1000408e                double2ufix64_shim
                0x100040ae                d2fix_a
 .text.dunpacks
                0x100040fc       0x3c CMakeFiles/pio_uart.dir/D_/RaspberryPiPico/Pico/pico-sdk/src/rp2_common/pico_double/double_v1_rom_shim.S.obj
                0x100040fc                dunpacks
 .text.__aeabi_lmul
                0x10004138       0x32 CMakeFiles/pio_uart.dir/D_/RaspberryPiPico/Pico/pico-sdk/src/rp2_common/pico_int64_ops/pico_int64_ops_aeabi.S.obj
                0x10004138                __wrap___aeabi_lmul
 *fill*         0x1000416a        0x2 
 .text.__wrap___aeabi_farithmetic
                0x1000416c       0x58 CMakeFiles/pio_uart.dir/D_/RaspberryPiPico/Pico/pico-sdk/src/rp2_common/pico_float/float_aeabi.S.obj
                0x1000416c                __wrap___aeabi_frsub
                0x10004172                __wrap___aeabi_fsub
                0x1000417c                __wrap___aeabi_fadd
                0x10004186                __wrap___aeabi_fdiv
                0x100041b2                __wrap___aeabi_fmul
 .text.__wrap___aeabi_ui2f
                0x100041c4        0xa CMakeFiles/pio_uart.dir/D_/RaspberryPiPico/Pico/pico-sdk/src/rp2_common/pico_float/float_aeabi.S.obj
                0x100041c4                __wrap___aeabi_ui2f
 *fill*         0x100041ce        0x2 
 .text.__wrap___aeabi_i2f
                0x100041d0       0x44 CMakeFiles/pio_uart.dir/D_/RaspberryPiPico/Pico/pico-sdk/src/rp2_common/pico_float/float_aeabi.S.obj
                0x100041d0                __wrap___aeabi_i2f
 .text.__wrap___aeabi_f2uiz
                0x10004214       0x10 CMakeFiles/pio_uart.dir/D_/RaspberryPiPico/Pico/pico-sdk/src/rp2_common/pico_float/float_aeabi.S.obj
                0x10004214                __wrap___aeabi_f2uiz
 .text.__aeabi_float_init
                0x10004224       0xfc CMakeFiles/pio_uart.dir/D_/RaspberryPiPico/Pico/pico-sdk/src/rp2_common/pico_float/float_init_rom.c.obj
                0x10004224                __aeabi_float_init
 .text.float_table_shim_on_use_helper
                0x10004320       0x34 CMakeFiles/pio_uart.dir/D_/RaspberryPiPico/Pico/pico-sdk/src/rp2_common/pico_float/float_v1_rom_shim.S.obj
                0x10004320                float_table_shim_on_use_helper
 .text.__wrap_malloc
                0x10004354       0x24 CMakeFiles/pio_uart.dir/D_/RaspberryPiPico/Pico/pico-sdk/src/rp2_common/pico_malloc/pico_malloc.c.obj
                0x10004354                __wrap_malloc
 .text.__wrap_realloc
                0x10004378       0x24 CMakeFiles/pio_uart.dir/D_/RaspberryPiPico/Pico/pico-sdk/src/rp2_common/pico_malloc/pico_malloc.c.obj
                0x10004378                __wrap_realloc
 .text.__wrap_free
                0x1000439c        0x8 CMakeFiles/pio_uart.dir/D_/RaspberryPiPico/Pico/pico-sdk/src/rp2_common/pico_malloc/pico_malloc.c.obj
                0x1000439c                __wrap_free
 .text          0x100043a4       0x10 CMakeFiles/pio_uart.dir/D_/RaspberryPiPico/Pico/pico-sdk/src/rp2_common/pico_mem_ops/mem_ops_aeabi.S.obj
                0x100043a4                __aeabi_mem_init
 .text.memset   0x100043b4        0xc CMakeFiles/pio_uart.dir/D_/RaspberryPiPico/Pico/pico-sdk/src/rp2_common/pico_mem_ops/mem_ops_aeabi.S.obj
                0x100043b4                __wrap_memset
 .text.memcpy   0x100043c0        0xc CMakeFiles/pio_uart.dir/D_/RaspberryPiPico/Pico/pico-sdk/src/rp2_common/pico_mem_ops/mem_ops_aeabi.S.obj
                0x100043c0                __wrap_memcpy
                0x100043c0                __wrap___aeabi_memcpy
 .text._Znwj    0x100043cc        0x8 CMakeFiles/pio_uart.dir/D_/RaspberryPiPico/Pico/pico-sdk/src/rp2_common/pico_standard_link/new_delete.cpp.obj
                0x100043cc                operator new(unsigned int)
 .text._ZdlPv   0x100043d4        0x8 CMakeFiles/pio_uart.dir/D_/RaspberryPiPico/Pico/pico-sdk/src/rp2_common/pico_standard_link/new_delete.cpp.obj
                0x100043d4                operator delete(void*)
 .text._ZdlPvj  0x100043dc        0x8 CMakeFiles/pio_uart.dir/D_/RaspberryPiPico/Pico/pico-sdk/src/rp2_common/pico_standard_link/new_delete.cpp.obj
                0x100043dc                operator delete(void*, unsigned int)
 .text.stdio_out_chars_no_crlf
                0x100043e4        0xe CMakeFiles/pio_uart.dir/D_/RaspberryPiPico/Pico/pico-sdk/src/rp2_common/pico_stdio/stdio.c.obj
 *fill*         0x100043f2        0x2 
 .text.stdio_out_chars_crlf
                0x100043f4       0x80 CMakeFiles/pio_uart.dir/D_/RaspberryPiPico/Pico/pico-sdk/src/rp2_common/pico_stdio/stdio.c.obj
 .text.stdio_stack_buffer_flush
                0x10004474       0x44 CMakeFiles/pio_uart.dir/D_/RaspberryPiPico/Pico/pico-sdk/src/rp2_common/pico_stdio/stdio.c.obj
 .text.stdio_buffered_printer
                0x100044b8       0x20 CMakeFiles/pio_uart.dir/D_/RaspberryPiPico/Pico/pico-sdk/src/rp2_common/pico_stdio/stdio.c.obj
 .text.stdio_get_until
                0x100044d8       0x80 CMakeFiles/pio_uart.dir/D_/RaspberryPiPico/Pico/pico-sdk/src/rp2_common/pico_stdio/stdio.c.obj
 .text.stdout_serialize_begin
                0x10004558       0x30 CMakeFiles/pio_uart.dir/D_/RaspberryPiPico/Pico/pico-sdk/src/rp2_common/pico_stdio/stdio.c.obj
                0x10004558                stdout_serialize_begin
 .text.stdout_serialize_end
                0x10004588       0x10 CMakeFiles/pio_uart.dir/D_/RaspberryPiPico/Pico/pico-sdk/src/rp2_common/pico_stdio/stdio.c.obj
                0x10004588                stdout_serialize_end
 .text.stdio_put_string
                0x10004598       0x98 CMakeFiles/pio_uart.dir/D_/RaspberryPiPico/Pico/pico-sdk/src/rp2_common/pico_stdio/stdio.c.obj
 .text._read    0x10004630       0x24 CMakeFiles/pio_uart.dir/D_/RaspberryPiPico/Pico/pico-sdk/src/rp2_common/pico_stdio/stdio.c.obj
                0x10004630                _read
 .text._write   0x10004654       0x22 CMakeFiles/pio_uart.dir/D_/RaspberryPiPico/Pico/pico-sdk/src/rp2_common/pico_stdio/stdio.c.obj
                0x10004654                _write
 *fill*         0x10004676        0x2 
 .text.stdio_set_driver_enabled
                0x10004678       0x2c CMakeFiles/pio_uart.dir/D_/RaspberryPiPico/Pico/pico-sdk/src/rp2_common/pico_stdio/stdio.c.obj
                0x10004678                stdio_set_driver_enabled
 .text.stdio_flush
                0x100046a4       0x20 CMakeFiles/pio_uart.dir/D_/RaspberryPiPico/Pico/pico-sdk/src/rp2_common/pico_stdio/stdio.c.obj
                0x100046a4                stdio_flush
 .text.__wrap_puts
                0x100046c4       0x1e CMakeFiles/pio_uart.dir/D_/RaspberryPiPico/Pico/pico-sdk/src/rp2_common/pico_stdio/stdio.c.obj
                0x100046c4                __wrap_puts
 *fill*         0x100046e2        0x2 
 .text.__wrap_vprintf
                0x100046e4       0x44 CMakeFiles/pio_uart.dir/D_/RaspberryPiPico/Pico/pico-sdk/src/rp2_common/pico_stdio/stdio.c.obj
                0x100046e4                __wrap_vprintf
 .text.__wrap_printf
                0x10004728       0x18 CMakeFiles/pio_uart.dir/D_/RaspberryPiPico/Pico/pico-sdk/src/rp2_common/pico_stdio/stdio.c.obj
                0x10004728                __wrap_printf
 .text.stdio_init_all
                0x10004740        0x8 CMakeFiles/pio_uart.dir/D_/RaspberryPiPico/Pico/pico-sdk/src/rp2_common/pico_stdio/stdio.c.obj
                0x10004740                stdio_init_all
 .text.stdio_uart_out_chars
                0x10004748       0x74 CMakeFiles/pio_uart.dir/D_/RaspberryPiPico/Pico/pico-sdk/src/rp2_common/pico_stdio_uart/stdio_uart.c.obj
 .text.stdio_uart_in_chars
                0x100047bc       0x58 CMakeFiles/pio_uart.dir/D_/RaspberryPiPico/Pico/pico-sdk/src/rp2_common/pico_stdio_uart/stdio_uart.c.obj
                0x100047bc                stdio_uart_in_chars
 .text.stdio_uart_init_full
                0x10004814       0x3c CMakeFiles/pio_uart.dir/D_/RaspberryPiPico/Pico/pico-sdk/src/rp2_common/pico_stdio_uart/stdio_uart.c.obj
                0x10004814                stdio_uart_init_full
 .text.stdio_uart_init
                0x10004850       0x28 CMakeFiles/pio_uart.dir/D_/RaspberryPiPico/Pico/pico-sdk/src/rp2_common/pico_stdio_uart/stdio_uart.c.obj
                0x10004850                stdio_uart_init
 .text._pio_can_add_program_at_offset
                0x10004878       0x3c CMakeFiles/pio_uart.dir/D_/RaspberryPiPico/Pico/pico-sdk/src/rp2_common/hardware_pio/pio.c.obj
 .text._pio_find_offset_for_program
                0x100048b4       0x7c CMakeFiles/pio_uart.dir/D_/RaspberryPiPico/Pico/pico-sdk/src/rp2_common/hardware_pio/pio.c.obj
 .text._pio_add_program_at_offset
                0x10004930       0x78 CMakeFiles/pio_uart.dir/D_/RaspberryPiPico/Pico/pico-sdk/src/rp2_common/hardware_pio/pio.c.obj
 .text.pio_add_program
                0x100049a8       0x38 CMakeFiles/pio_uart.dir/D_/RaspberryPiPico/Pico/pico-sdk/src/rp2_common/hardware_pio/pio.c.obj
                0x100049a8                pio_add_program
 .text.pio_sm_set_pins_with_mask
                0x100049e0       0x6c CMakeFiles/pio_uart.dir/D_/RaspberryPiPico/Pico/pico-sdk/src/rp2_common/hardware_pio/pio.c.obj
                0x100049e0                pio_sm_set_pins_with_mask
 .text.pio_sm_set_pindirs_with_mask
                0x10004a4c       0x70 CMakeFiles/pio_uart.dir/D_/RaspberryPiPico/Pico/pico-sdk/src/rp2_common/hardware_pio/pio.c.obj
                0x10004a4c                pio_sm_set_pindirs_with_mask
 .text.pio_sm_set_consecutive_pindirs
                0x10004abc       0x70 CMakeFiles/pio_uart.dir/D_/RaspberryPiPico/Pico/pico-sdk/src/rp2_common/hardware_pio/pio.c.obj
                0x10004abc                pio_sm_set_consecutive_pindirs
 .text.pio_sm_init
                0x10004b2c       0xe4 CMakeFiles/pio_uart.dir/D_/RaspberryPiPico/Pico/pico-sdk/src/rp2_common/hardware_pio/pio.c.obj
                0x10004b2c                pio_sm_init
 .text.boot_double_tap_check
                0x10004c10       0x64 CMakeFiles/pio_uart.dir/D_/RaspberryPiPico/Pico/pico-sdk/src/rp2_common/pico_bootsel_via_double_reset/pico_bootsel_via_double_reset.c.obj
 .text.unlikely._ZSt17__throw_bad_allocv
                0x10004c74       0x20 c:/progra~2/gnuarm~1/102021~1.10/bin/../lib/gcc/arm-none-eabi/10.3.1/../../../../arm-none-eabi/lib/thumb/v6-m/nofp\libstdc++.a(functexcept.o)
                0x10004c74                std::__throw_bad_alloc()
 .text.unlikely._ZSt19__throw_logic_errorPKc
                0x10004c94       0x30 c:/progra~2/gnuarm~1/102021~1.10/bin/../lib/gcc/arm-none-eabi/10.3.1/../../../../arm-none-eabi/lib/thumb/v6-m/nofp\libstdc++.a(functexcept.o)
                0x10004c94                std::__throw_logic_error(char const*)
 .text.unlikely._ZSt20__throw_length_errorPKc
                0x10004cc4       0x30 c:/progra~2/gnuarm~1/102021~1.10/bin/../lib/gcc/arm-none-eabi/10.3.1/../../../../arm-none-eabi/lib/thumb/v6-m/nofp\libstdc++.a(functexcept.o)
                0x10004cc4                std::__throw_length_error(char const*)
 .text._ZNSt7__cxx1112basic_stringIcSt11char_traitsIcESaIcEE9_M_createERjj
                0x10004cf4       0x3c c:/progra~2/gnuarm~1/102021~1.10/bin/../lib/gcc/arm-none-eabi/10.3.1/../../../../arm-none-eabi/lib/thumb/v6-m/nofp\libstdc++.a(string-inst.o)
                0x10004cf4                std::__cxx11::basic_string<char, std::char_traits<char>, std::allocator<char> >::_M_create(unsigned int&, unsigned int)
 .text._ZNKSt9bad_alloc4whatEv
                0x10004d30        0x8 c:/progra~2/gnuarm~1/102021~1.10/bin/../lib/gcc/arm-none-eabi/10.3.1/../../../../arm-none-eabi/lib/thumb/v6-m/nofp\libstdc++.a(bad_alloc.o)
                0x10004d30                std::bad_alloc::what() const
 .text._ZNSt9bad_allocD2Ev
                0x10004d38       0x18 c:/progra~2/gnuarm~1/102021~1.10/bin/../lib/gcc/arm-none-eabi/10.3.1/../../../../arm-none-eabi/lib/thumb/v6-m/nofp\libstdc++.a(bad_alloc.o)
                0x10004d38                std::bad_alloc::~bad_alloc()
                0x10004d38                std::bad_alloc::~bad_alloc()
 .text._ZNSt9bad_allocD0Ev
                0x10004d50       0x20 c:/progra~2/gnuarm~1/102021~1.10/bin/../lib/gcc/arm-none-eabi/10.3.1/../../../../arm-none-eabi/lib/thumb/v6-m/nofp\libstdc++.a(bad_alloc.o)
                0x10004d50                std::bad_alloc::~bad_alloc()
 .text._ZN12_GLOBAL__N_14pool4freeEPv.constprop.0
                0x10004d70       0x78 c:/progra~2/gnuarm~1/102021~1.10/bin/../lib/gcc/arm-none-eabi/10.3.1/../../../../arm-none-eabi/lib/thumb/v6-m/nofp\libstdc++.a(eh_alloc.o)
 .text._ZN12_GLOBAL__N_14pool8allocateEj.constprop.0
                0x10004de8       0x54 c:/progra~2/gnuarm~1/102021~1.10/bin/../lib/gcc/arm-none-eabi/10.3.1/../../../../arm-none-eabi/lib/thumb/v6-m/nofp\libstdc++.a(eh_alloc.o)
 .text.__cxa_allocate_exception
                0x10004e3c       0x2c c:/progra~2/gnuarm~1/102021~1.10/bin/../lib/gcc/arm-none-eabi/10.3.1/../../../../arm-none-eabi/lib/thumb/v6-m/nofp\libstdc++.a(eh_alloc.o)
                0x10004e3c                __cxa_allocate_exception
 .text.__cxa_free_exception
                0x10004e68       0x24 c:/progra~2/gnuarm~1/102021~1.10/bin/../lib/gcc/arm-none-eabi/10.3.1/../../../../arm-none-eabi/lib/thumb/v6-m/nofp\libstdc++.a(eh_alloc.o)
                0x10004e68                __cxa_free_exception
 .text.startup._GLOBAL__sub_I__ZN9__gnu_cxx9__freeresEv
                0x10004e8c       0x2c c:/progra~2/gnuarm~1/102021~1.10/bin/../lib/gcc/arm-none-eabi/10.3.1/../../../../arm-none-eabi/lib/thumb/v6-m/nofp\libstdc++.a(eh_alloc.o)
 .text.__cxa_end_cleanup
                0x10004eb8        0xc c:/progra~2/gnuarm~1/102021~1.10/bin/../lib/gcc/arm-none-eabi/10.3.1/../../../../arm-none-eabi/lib/thumb/v6-m/nofp\libstdc++.a(eh_arm.o)
                0x10004eb8                __cxa_end_cleanup
 .text.__cxa_type_match
                0x10004ec4       0xc0 c:/progra~2/gnuarm~1/102021~1.10/bin/../lib/gcc/arm-none-eabi/10.3.1/../../../../arm-none-eabi/lib/thumb/v6-m/nofp\libstdc++.a(eh_arm.o)
                0x10004ec4                __cxa_type_match
 .text.__cxa_begin_cleanup
                0x10004f84       0x60 c:/progra~2/gnuarm~1/102021~1.10/bin/../lib/gcc/arm-none-eabi/10.3.1/../../../../arm-none-eabi/lib/thumb/v6-m/nofp\libstdc++.a(eh_arm.o)
                0x10004f84                __cxa_begin_cleanup
 .text.__gnu_end_cleanup
                0x10004fe4       0x70 c:/progra~2/gnuarm~1/102021~1.10/bin/../lib/gcc/arm-none-eabi/10.3.1/../../../../arm-none-eabi/lib/thumb/v6-m/nofp\libstdc++.a(eh_arm.o)
                0x10004fe4                __gnu_end_cleanup
 .text.__cxa_begin_catch
                0x10005054       0x74 c:/progra~2/gnuarm~1/102021~1.10/bin/../lib/gcc/arm-none-eabi/10.3.1/../../../../arm-none-eabi/lib/thumb/v6-m/nofp\libstdc++.a(eh_catch.o)
                0x10005054                __cxa_begin_catch
 .text.__cxa_end_catch
                0x100050c8       0x90 c:/progra~2/gnuarm~1/102021~1.10/bin/../lib/gcc/arm-none-eabi/10.3.1/../../../../arm-none-eabi/lib/thumb/v6-m/nofp\libstdc++.a(eh_catch.o)
                0x100050c8                __cxa_end_catch
 .text._ZNSt9exceptionD2Ev
                0x10005158        0x4 c:/progra~2/gnuarm~1/102021~1.10/bin/../lib/gcc/arm-none-eabi/10.3.1/../../../../arm-none-eabi/lib/thumb/v6-m/nofp\libstdc++.a(eh_exception.o)
                0x10005158                std::exception::~exception()
                0x10005158                std::exception::~exception()
 .text._ZNSt13bad_exceptionD2Ev
                0x1000515c        0x4 c:/progra~2/gnuarm~1/102021~1.10/bin/../lib/gcc/arm-none-eabi/10.3.1/../../../../arm-none-eabi/lib/thumb/v6-m/nofp\libstdc++.a(eh_exception.o)
                0x1000515c                std::bad_exception::~bad_exception()
                0x1000515c                std::bad_exception::~bad_exception()
 .text._ZNKSt13bad_exception4whatEv
                0x10005160        0x8 c:/progra~2/gnuarm~1/102021~1.10/bin/../lib/gcc/arm-none-eabi/10.3.1/../../../../arm-none-eabi/lib/thumb/v6-m/nofp\libstdc++.a(eh_exception.o)
                0x10005160                std::bad_exception::what() const
                0x10005160                transaction clone for std::bad_exception::what() const
 .text._ZNSt13bad_exceptionD0Ev
                0x10005168       0x10 c:/progra~2/gnuarm~1/102021~1.10/bin/../lib/gcc/arm-none-eabi/10.3.1/../../../../arm-none-eabi/lib/thumb/v6-m/nofp\libstdc++.a(eh_exception.o)
                0x10005168                std::bad_exception::~bad_exception()
 .text.__cxa_get_globals_fast
                0x10005178        0x8 c:/progra~2/gnuarm~1/102021~1.10/bin/../lib/gcc/arm-none-eabi/10.3.1/../../../../arm-none-eabi/lib/thumb/v6-m/nofp\libstdc++.a(eh_globals.o)
                0x10005178                __cxa_get_globals_fast
 .text.__cxa_get_globals
                0x10005180        0x8 c:/progra~2/gnuarm~1/102021~1.10/bin/../lib/gcc/arm-none-eabi/10.3.1/../../../../arm-none-eabi/lib/thumb/v6-m/nofp\libstdc++.a(eh_globals.o)
                0x10005180                __cxa_get_globals
 .text._ZL28read_encoded_value_with_basehjPKhPj
                0x10005188      0x114 c:/progra~2/gnuarm~1/102021~1.10/bin/../lib/gcc/arm-none-eabi/10.3.1/../../../../arm-none-eabi/lib/thumb/v6-m/nofp\libstdc++.a(eh_personality.o)
 .text._ZL21base_of_encoded_valuehP15_Unwind_Context
                0x1000529c       0x48 c:/progra~2/gnuarm~1/102021~1.10/bin/../lib/gcc/arm-none-eabi/10.3.1/../../../../arm-none-eabi/lib/thumb/v6-m/nofp\libstdc++.a(eh_personality.o)
 .text._ZL17parse_lsda_headerP15_Unwind_ContextPKhP16lsda_header_info
                0x100052e4       0x98 c:/progra~2/gnuarm~1/102021~1.10/bin/../lib/gcc/arm-none-eabi/10.3.1/../../../../arm-none-eabi/lib/thumb/v6-m/nofp\libstdc++.a(eh_personality.o)
 .text.__gxx_personality_v0
                0x1000537c      0x4c8 c:/progra~2/gnuarm~1/102021~1.10/bin/../lib/gcc/arm-none-eabi/10.3.1/../../../../arm-none-eabi/lib/thumb/v6-m/nofp\libstdc++.a(eh_personality.o)
                0x1000537c                __gxx_personality_v0
 .text._ZN10__cxxabiv111__terminateEPFvvE
                0x10005844       0x28 c:/progra~2/gnuarm~1/102021~1.10/bin/../lib/gcc/arm-none-eabi/10.3.1/../../../../arm-none-eabi/lib/thumb/v6-m/nofp\libstdc++.a(eh_terminate.o)
                0x10005844                __cxxabiv1::__terminate(void (*)())
 .text._ZSt9terminatev
                0x1000586c       0x10 c:/progra~2/gnuarm~1/102021~1.10/bin/../lib/gcc/arm-none-eabi/10.3.1/../../../../arm-none-eabi/lib/thumb/v6-m/nofp\libstdc++.a(eh_terminate.o)
                0x1000586c                std::terminate()
 .text._ZN10__cxxabiv112__unexpectedEPFvvE
                0x1000587c        0x8 c:/progra~2/gnuarm~1/102021~1.10/bin/../lib/gcc/arm-none-eabi/10.3.1/../../../../arm-none-eabi/lib/thumb/v6-m/nofp\libstdc++.a(eh_terminate.o)
                0x1000587c                __cxxabiv1::__unexpected(void (*)())
 .text._ZSt10unexpectedv
                0x10005884       0x10 c:/progra~2/gnuarm~1/102021~1.10/bin/../lib/gcc/arm-none-eabi/10.3.1/../../../../arm-none-eabi/lib/thumb/v6-m/nofp\libstdc++.a(eh_terminate.o)
                0x10005884                std::unexpected()
 .text._ZSt13get_terminatev
                0x10005894        0xc c:/progra~2/gnuarm~1/102021~1.10/bin/../lib/gcc/arm-none-eabi/10.3.1/../../../../arm-none-eabi/lib/thumb/v6-m/nofp\libstdc++.a(eh_terminate.o)
                0x10005894                std::get_terminate()
 .text._ZSt14get_unexpectedv
                0x100058a0        0xc c:/progra~2/gnuarm~1/102021~1.10/bin/../lib/gcc/arm-none-eabi/10.3.1/../../../../arm-none-eabi/lib/thumb/v6-m/nofp\libstdc++.a(eh_terminate.o)
                0x100058a0                std::get_unexpected()
 .text._ZL23__gxx_exception_cleanup19_Unwind_Reason_CodeP21_Unwind_Control_Block
                0x100058ac       0x34 c:/progra~2/gnuarm~1/102021~1.10/bin/../lib/gcc/arm-none-eabi/10.3.1/../../../../arm-none-eabi/lib/thumb/v6-m/nofp\libstdc++.a(eh_throw.o)
 .text.__cxa_init_primary_exception
                0x100058e0       0x4c c:/progra~2/gnuarm~1/102021~1.10/bin/../lib/gcc/arm-none-eabi/10.3.1/../../../../arm-none-eabi/lib/thumb/v6-m/nofp\libstdc++.a(eh_throw.o)
                0x100058e0                __cxa_init_primary_exception
 .text.__cxa_throw
                0x1000592c       0x34 c:/progra~2/gnuarm~1/102021~1.10/bin/../lib/gcc/arm-none-eabi/10.3.1/../../../../arm-none-eabi/lib/thumb/v6-m/nofp\libstdc++.a(eh_throw.o)
                0x1000592c                __cxa_throw
 .text.__cxa_rethrow
                0x10005960       0x70 c:/progra~2/gnuarm~1/102021~1.10/bin/../lib/gcc/arm-none-eabi/10.3.1/../../../../arm-none-eabi/lib/thumb/v6-m/nofp\libstdc++.a(eh_throw.o)
                0x10005960                __cxa_rethrow
 .text._ZN10__cxxabiv120__si_class_type_infoD2Ev
                0x100059d0       0x18 c:/progra~2/gnuarm~1/102021~1.10/bin/../lib/gcc/arm-none-eabi/10.3.1/../../../../arm-none-eabi/lib/thumb/v6-m/nofp\libstdc++.a(si_class_type_info.o)
                0x100059d0                __cxxabiv1::__si_class_type_info::~__si_class_type_info()
                0x100059d0                __cxxabiv1::__si_class_type_info::~__si_class_type_info()
 .text._ZN10__cxxabiv120__si_class_type_infoD0Ev
                0x100059e8       0x20 c:/progra~2/gnuarm~1/102021~1.10/bin/../lib/gcc/arm-none-eabi/10.3.1/../../../../arm-none-eabi/lib/thumb/v6-m/nofp\libstdc++.a(si_class_type_info.o)
                0x100059e8                __cxxabiv1::__si_class_type_info::~__si_class_type_info()
 .text._ZNK10__cxxabiv120__si_class_type_info20__do_find_public_srcEiPKvPKNS_17__class_type_infoES2_
                0x10005a08       0x38 c:/progra~2/gnuarm~1/102021~1.10/bin/../lib/gcc/arm-none-eabi/10.3.1/../../../../arm-none-eabi/lib/thumb/v6-m/nofp\libstdc++.a(si_class_type_info.o)
                0x10005a08                __cxxabiv1::__si_class_type_info::__do_find_public_src(int, void const*, __cxxabiv1::__class_type_info const*, void const*) const
 .text._ZNK10__cxxabiv120__si_class_type_info12__do_dyncastEiNS_17__class_type_info10__sub_kindEPKS1_PKvS4_S6_RNS1_16__dyncast_resultE
                0x10005a40       0x9c c:/progra~2/gnuarm~1/102021~1.10/bin/../lib/gcc/arm-none-eabi/10.3.1/../../../../arm-none-eabi/lib/thumb/v6-m/nofp\libstdc++.a(si_class_type_info.o)
                0x10005a40                __cxxabiv1::__si_class_type_info::__do_dyncast(int, __cxxabiv1::__class_type_info::__sub_kind, __cxxabiv1::__class_type_info const*, void const*, __cxxabiv1::__class_type_info const*, void const*, __cxxabiv1::__class_type_info::__dyncast_result&) const
 .text._ZNK10__cxxabiv120__si_class_type_info11__do_upcastEPKNS_17__class_type_infoEPKvRNS1_15__upcast_resultE
                0x10005adc       0x24 c:/progra~2/gnuarm~1/102021~1.10/bin/../lib/gcc/arm-none-eabi/10.3.1/../../../../arm-none-eabi/lib/thumb/v6-m/nofp\libstdc++.a(si_class_type_info.o)
                0x10005adc                __cxxabiv1::__si_class_type_info::__do_upcast(__cxxabiv1::__class_type_info const*, void const*, __cxxabiv1::__class_type_info::__upcast_result&) const
 .text._ZNSt9type_infoD2Ev
                0x10005b00        0x4 c:/progra~2/gnuarm~1/102021~1.10/bin/../lib/gcc/arm-none-eabi/10.3.1/../../../../arm-none-eabi/lib/thumb/v6-m/nofp\libstdc++.a(tinfo.o)
                0x10005b00                std::type_info::~type_info()
                0x10005b00                std::type_info::~type_info()
 .text._ZNKSt9type_info14__is_pointer_pEv
                0x10005b04        0x4 c:/progra~2/gnuarm~1/102021~1.10/bin/../lib/gcc/arm-none-eabi/10.3.1/../../../../arm-none-eabi/lib/thumb/v6-m/nofp\libstdc++.a(tinfo.o)
                0x10005b04                std::type_info::__is_pointer_p() const
                0x10005b04                std::type_info::__is_function_p() const
 .text._ZNKSt9type_infoeqERKS_
                0x10005b08       0x30 c:/progra~2/gnuarm~1/102021~1.10/bin/../lib/gcc/arm-none-eabi/10.3.1/../../../../arm-none-eabi/lib/thumb/v6-m/nofp\libstdc++.a(tinfo.o)
                0x10005b08                std::type_info::operator==(std::type_info const&) const
 .text._ZN9__gnu_cxx27__verbose_terminate_handlerEv
                0x10005b38      0x114 c:/progra~2/gnuarm~1/102021~1.10/bin/../lib/gcc/arm-none-eabi/10.3.1/../../../../arm-none-eabi/lib/thumb/v6-m/nofp\libstdc++.a(vterminate.o)
                0x10005b38                __gnu_cxx::__verbose_terminate_handler()
 .text._ZNKSt11logic_error4whatEv
                0x10005c4c        0x4 c:/progra~2/gnuarm~1/102021~1.10/bin/../lib/gcc/arm-none-eabi/10.3.1/../../../../arm-none-eabi/lib/thumb/v6-m/nofp\libstdc++.a(stdexcept.o)
                0x10005c4c                std::logic_error::what() const
                0x10005c4c                std::runtime_error::what() const
 .text._ZNSt11logic_errorD2Ev
                0x10005c50       0x40 c:/progra~2/gnuarm~1/102021~1.10/bin/../lib/gcc/arm-none-eabi/10.3.1/../../../../arm-none-eabi/lib/thumb/v6-m/nofp\libstdc++.a(stdexcept.o)
                0x10005c50                std::logic_error::~logic_error()
                0x10005c50                std::logic_error::~logic_error()
 .text._ZNSt12length_errorD2Ev
                0x10005c90       0x40 c:/progra~2/gnuarm~1/102021~1.10/bin/../lib/gcc/arm-none-eabi/10.3.1/../../../../arm-none-eabi/lib/thumb/v6-m/nofp\libstdc++.a(stdexcept.o)
                0x10005c90                std::length_error::~length_error()
                0x10005c90                std::length_error::~length_error()
 .text._ZNSt11logic_errorD0Ev
                0x10005cd0       0x48 c:/progra~2/gnuarm~1/102021~1.10/bin/../lib/gcc/arm-none-eabi/10.3.1/../../../../arm-none-eabi/lib/thumb/v6-m/nofp\libstdc++.a(stdexcept.o)
                0x10005cd0                std::logic_error::~logic_error()
 .text._ZNSt12length_errorD0Ev
                0x10005d18       0x48 c:/progra~2/gnuarm~1/102021~1.10/bin/../lib/gcc/arm-none-eabi/10.3.1/../../../../arm-none-eabi/lib/thumb/v6-m/nofp\libstdc++.a(stdexcept.o)
                0x10005d18                std::length_error::~length_error()
 .text._ZNSt11logic_errorC2EPKc
                0x10005d60       0x88 c:/progra~2/gnuarm~1/102021~1.10/bin/../lib/gcc/arm-none-eabi/10.3.1/../../../../arm-none-eabi/lib/thumb/v6-m/nofp\libstdc++.a(cow-stdexcept.o)
                0x10005d60                std::logic_error::logic_error(char const*)
                0x10005d60                std::logic_error::logic_error(char const*)
 .text._ZNSt12length_errorC2EPKc
                0x10005de8       0x14 c:/progra~2/gnuarm~1/102021~1.10/bin/../lib/gcc/arm-none-eabi/10.3.1/../../../../arm-none-eabi/lib/thumb/v6-m/nofp\libstdc++.a(cow-stdexcept.o)
                0x10005de8                std::length_error::length_error(char const*)
                0x10005de8                std::length_error::length_error(char const*)
 .text._ZNSs4_Rep9_S_createEjjRKSaIcE
                0x10005dfc       0x78 c:/progra~2/gnuarm~1/102021~1.10/bin/../lib/gcc/arm-none-eabi/10.3.1/../../../../arm-none-eabi/lib/thumb/v6-m/nofp\libstdc++.a(cow-string-inst.o)
                0x10005dfc                std::string::_Rep::_S_create(unsigned int, unsigned int, std::allocator<char> const&)
 .text._ZNSs4_Rep10_M_destroyERKSaIcE
                0x10005e74        0x8 c:/progra~2/gnuarm~1/102021~1.10/bin/../lib/gcc/arm-none-eabi/10.3.1/../../../../arm-none-eabi/lib/thumb/v6-m/nofp\libstdc++.a(cow-string-inst.o)
                0x10005e74                std::string::_Rep::_M_destroy(std::allocator<char> const&)
 .text._ZNK10__cxxabiv117__class_type_info11__do_upcastEPKS0_PPv
                0x10005e7c       0x34 c:/progra~2/gnuarm~1/102021~1.10/bin/../lib/gcc/arm-none-eabi/10.3.1/../../../../arm-none-eabi/lib/thumb/v6-m/nofp\libstdc++.a(class_type_info.o)
                0x10005e7c                __cxxabiv1::__class_type_info::__do_upcast(__cxxabiv1::__class_type_info const*, void**) const
 .text._ZNK10__cxxabiv117__class_type_info20__do_find_public_srcEiPKvPKS0_S2_
                0x10005eb0       0x14 c:/progra~2/gnuarm~1/102021~1.10/bin/../lib/gcc/arm-none-eabi/10.3.1/../../../../arm-none-eabi/lib/thumb/v6-m/nofp\libstdc++.a(class_type_info.o)
                0x10005eb0                __cxxabiv1::__class_type_info::__do_find_public_src(int, void const*, __cxxabiv1::__class_type_info const*, void const*) const
 .text._ZN10__cxxabiv117__class_type_infoD2Ev
                0x10005ec4       0x18 c:/progra~2/gnuarm~1/102021~1.10/bin/../lib/gcc/arm-none-eabi/10.3.1/../../../../arm-none-eabi/lib/thumb/v6-m/nofp\libstdc++.a(class_type_info.o)
                0x10005ec4                __cxxabiv1::__class_type_info::~__class_type_info()
                0x10005ec4                __cxxabiv1::__class_type_info::~__class_type_info()
 .text._ZN10__cxxabiv117__class_type_infoD0Ev
                0x10005edc       0x20 c:/progra~2/gnuarm~1/102021~1.10/bin/../lib/gcc/arm-none-eabi/10.3.1/../../../../arm-none-eabi/lib/thumb/v6-m/nofp\libstdc++.a(class_type_info.o)
                0x10005edc                __cxxabiv1::__class_type_info::~__class_type_info()
 .text._ZNK10__cxxabiv117__class_type_info12__do_dyncastEiNS0_10__sub_kindEPKS0_PKvS3_S5_RNS0_16__dyncast_resultE
                0x10005efc       0x40 c:/progra~2/gnuarm~1/102021~1.10/bin/../lib/gcc/arm-none-eabi/10.3.1/../../../../arm-none-eabi/lib/thumb/v6-m/nofp\libstdc++.a(class_type_info.o)
                0x10005efc                __cxxabiv1::__class_type_info::__do_dyncast(int, __cxxabiv1::__class_type_info::__sub_kind, __cxxabiv1::__class_type_info const*, void const*, __cxxabiv1::__class_type_info const*, void const*, __cxxabiv1::__class_type_info::__dyncast_result&) const
 .text._ZNK10__cxxabiv117__class_type_info11__do_upcastEPKS0_PKvRNS0_15__upcast_resultE
                0x10005f3c       0x1c c:/progra~2/gnuarm~1/102021~1.10/bin/../lib/gcc/arm-none-eabi/10.3.1/../../../../arm-none-eabi/lib/thumb/v6-m/nofp\libstdc++.a(class_type_info.o)
                0x10005f3c                __cxxabiv1::__class_type_info::__do_upcast(__cxxabiv1::__class_type_info const*, void const*, __cxxabiv1::__class_type_info::__upcast_result&) const
 .text._ZNK10__cxxabiv117__class_type_info10__do_catchEPKSt9type_infoPPvj
                0x10005f58       0x24 c:/progra~2/gnuarm~1/102021~1.10/bin/../lib/gcc/arm-none-eabi/10.3.1/../../../../arm-none-eabi/lib/thumb/v6-m/nofp\libstdc++.a(class_type_info.o)
                0x10005f58                __cxxabiv1::__class_type_info::__do_catch(std::type_info const*, void**, unsigned int) const
 .text          0x10005f7c     0x67e4 c:/progra~2/gnuarm~1/102021~1.10/bin/../lib/gcc/arm-none-eabi/10.3.1/../../../../arm-none-eabi/lib/thumb/v6-m/nofp\libstdc++.a(cp-demangle.o)
                0x1000c66c                __cxa_demangle
                0x1000c740                __gcclibcxx_demangle_callback
 .text._ZN10__cxxabiv1L24__is_gxx_exception_classEPc
                0x1000c760       0x3c c:/progra~2/gnuarm~1/102021~1.10/bin/../lib/gcc/arm-none-eabi/10.3.1/../../../../arm-none-eabi/lib/thumb/v6-m/nofp\libstdc++.a(eh_call.o)
 .text.__cxa_call_terminate
                0x1000c79c       0x20 c:/progra~2/gnuarm~1/102021~1.10/bin/../lib/gcc/arm-none-eabi/10.3.1/../../../../arm-none-eabi/lib/thumb/v6-m/nofp\libstdc++.a(eh_call.o)
                0x1000c79c                __cxa_call_terminate
 .text.unlikely.__cxa_call_unexpected
                0x1000c7bc      0x100 c:/progra~2/gnuarm~1/102021~1.10/bin/../lib/gcc/arm-none-eabi/10.3.1/../../../../arm-none-eabi/lib/thumb/v6-m/nofp\libstdc++.a(eh_call.o)
                0x1000c7bc                __cxa_call_unexpected
 .text.__cxa_current_exception_type
                0x1000c8bc       0x20 c:/progra~2/gnuarm~1/102021~1.10/bin/../lib/gcc/arm-none-eabi/10.3.1/../../../../arm-none-eabi/lib/thumb/v6-m/nofp\libstdc++.a(eh_type.o)
                0x1000c8bc                __cxa_current_exception_type
 .text.abort    0x1000c8dc       0x10 c:/progra~2/gnuarm~1/102021~1.10/bin/../lib/gcc/arm-none-eabi/10.3.1/../../../../arm-none-eabi/lib/thumb/v6-m/nofp\libg.a(lib_a-abort.o)
                0x1000c8dc                abort
 .text.fputc    0x1000c8ec       0x58 c:/progra~2/gnuarm~1/102021~1.10/bin/../lib/gcc/arm-none-eabi/10.3.1/../../../../arm-none-eabi/lib/thumb/v6-m/nofp\libg.a(lib_a-fputc.o)
                0x1000c8ec                fputc
 .text._fputs_r
                0x1000c944       0x8c c:/progra~2/gnuarm~1/102021~1.10/bin/../lib/gcc/arm-none-eabi/10.3.1/../../../../arm-none-eabi/lib/thumb/v6-m/nofp\libg.a(lib_a-fputs.o)
                0x1000c944                _fputs_r
 .text.fputs    0x1000c9d0       0x18 c:/progra~2/gnuarm~1/102021~1.10/bin/../lib/gcc/arm-none-eabi/10.3.1/../../../../arm-none-eabi/lib/thumb/v6-m/nofp\libg.a(lib_a-fputs.o)
                0x1000c9d0                fputs
 .text.__sfvwrite_r
                0x1000c9e8      0x2f4 c:/progra~2/gnuarm~1/102021~1.10/bin/../lib/gcc/arm-none-eabi/10.3.1/../../../../arm-none-eabi/lib/thumb/v6-m/nofp\libg.a(lib_a-fvwrite.o)
                0x1000c9e8                __sfvwrite_r
 .text._fwrite_r
                0x1000ccdc       0xb0 c:/progra~2/gnuarm~1/102021~1.10/bin/../lib/gcc/arm-none-eabi/10.3.1/../../../../arm-none-eabi/lib/thumb/v6-m/nofp\libg.a(lib_a-fwrite.o)
                0x1000ccdc                _fwrite_r
 .text.fwrite   0x1000cd8c       0x20 c:/progra~2/gnuarm~1/102021~1.10/bin/../lib/gcc/arm-none-eabi/10.3.1/../../../../arm-none-eabi/lib/thumb/v6-m/nofp\libg.a(lib_a-fwrite.o)
                0x1000cd8c                fwrite
 .text.__retarget_lock_init_recursive
                0x1000cdac        0x4 c:/progra~2/gnuarm~1/102021~1.10/bin/../lib/gcc/arm-none-eabi/10.3.1/../../../../arm-none-eabi/lib/thumb/v6-m/nofp\libg.a(lib_a-lock.o)
                0x1000cdac                __retarget_lock_init_recursive
 .text.__retarget_lock_close_recursive
                0x1000cdb0        0x4 c:/progra~2/gnuarm~1/102021~1.10/bin/../lib/gcc/arm-none-eabi/10.3.1/../../../../arm-none-eabi/lib/thumb/v6-m/nofp\libg.a(lib_a-lock.o)
                0x1000cdb0                __retarget_lock_close_recursive
 .text.__retarget_lock_acquire_recursive
                0x1000cdb4        0x4 c:/progra~2/gnuarm~1/102021~1.10/bin/../lib/gcc/arm-none-eabi/10.3.1/../../../../arm-none-eabi/lib/thumb/v6-m/nofp\libg.a(lib_a-lock.o)
                0x1000cdb4                __retarget_lock_acquire_recursive
 .text.__retarget_lock_release_recursive
                0x1000cdb8        0x4 c:/progra~2/gnuarm~1/102021~1.10/bin/../lib/gcc/arm-none-eabi/10.3.1/../../../../arm-none-eabi/lib/thumb/v6-m/nofp\libg.a(lib_a-lock.o)
                0x1000cdb8                __retarget_lock_release_recursive
 .text.malloc   0x1000cdbc       0x14 c:/progra~2/gnuarm~1/102021~1.10/bin/../lib/gcc/arm-none-eabi/10.3.1/../../../../arm-none-eabi/lib/thumb/v6-m/nofp\libg.a(lib_a-malloc.o)
                0x1000cdbc                malloc
 .text.free     0x1000cdd0       0x14 c:/progra~2/gnuarm~1/102021~1.10/bin/../lib/gcc/arm-none-eabi/10.3.1/../../../../arm-none-eabi/lib/thumb/v6-m/nofp\libg.a(lib_a-malloc.o)
                0x1000cdd0                free
 .text._malloc_r
                0x1000cde4      0x584 c:/progra~2/gnuarm~1/102021~1.10/bin/../lib/gcc/arm-none-eabi/10.3.1/../../../../arm-none-eabi/lib/thumb/v6-m/nofp\libg.a(lib_a-mallocr.o)
                0x1000cde4                _malloc_r
 .text.memchr   0x1000d368       0x74 c:/progra~2/gnuarm~1/102021~1.10/bin/../lib/gcc/arm-none-eabi/10.3.1/../../../../arm-none-eabi/lib/thumb/v6-m/nofp\libg.a(lib_a-memchr-stub.o)
                0x1000d368                memchr
 .text.memcmp   0x1000d3dc       0x48 c:/progra~2/gnuarm~1/102021~1.10/bin/../lib/gcc/arm-none-eabi/10.3.1/../../../../arm-none-eabi/lib/thumb/v6-m/nofp\libg.a(lib_a-memcmp.o)
                0x1000d3dc                memcmp
 .text.memmove  0x1000d424       0xac c:/progra~2/gnuarm~1/102021~1.10/bin/../lib/gcc/arm-none-eabi/10.3.1/../../../../arm-none-eabi/lib/thumb/v6-m/nofp\libg.a(lib_a-memmove.o)
                0x1000d424                memmove
 .text.__malloc_lock
                0x1000d4d0       0x10 c:/progra~2/gnuarm~1/102021~1.10/bin/../lib/gcc/arm-none-eabi/10.3.1/../../../../arm-none-eabi/lib/thumb/v6-m/nofp\libg.a(lib_a-mlock.o)
                0x1000d4d0                __malloc_lock
 .text.__malloc_unlock
                0x1000d4e0       0x10 c:/progra~2/gnuarm~1/102021~1.10/bin/../lib/gcc/arm-none-eabi/10.3.1/../../../../arm-none-eabi/lib/thumb/v6-m/nofp\libg.a(lib_a-mlock.o)
                0x1000d4e0                __malloc_unlock
 .text._putc_r  0x1000d4f0       0x74 c:/progra~2/gnuarm~1/102021~1.10/bin/../lib/gcc/arm-none-eabi/10.3.1/../../../../arm-none-eabi/lib/thumb/v6-m/nofp\libg.a(lib_a-putc.o)
                0x1000d4f0                _putc_r
 .text.realloc  0x1000d564       0x18 c:/progra~2/gnuarm~1/102021~1.10/bin/../lib/gcc/arm-none-eabi/10.3.1/../../../../arm-none-eabi/lib/thumb/v6-m/nofp\libg.a(lib_a-realloc.o)
                0x1000d564                realloc
 .text._realloc_r
                0x1000d57c      0x354 c:/progra~2/gnuarm~1/102021~1.10/bin/../lib/gcc/arm-none-eabi/10.3.1/../../../../arm-none-eabi/lib/thumb/v6-m/nofp\libg.a(lib_a-reallocr.o)
                0x1000d57c                _realloc_r
 .text._sbrk_r  0x1000d8d0       0x24 c:/progra~2/gnuarm~1/102021~1.10/bin/../lib/gcc/arm-none-eabi/10.3.1/../../../../arm-none-eabi/lib/thumb/v6-m/nofp\libg.a(lib_a-sbrkr.o)
                0x1000d8d0                _sbrk_r
 .text.raise    0x1000d8f4       0x60 c:/progra~2/gnuarm~1/102021~1.10/bin/../lib/gcc/arm-none-eabi/10.3.1/../../../../arm-none-eabi/lib/thumb/v6-m/nofp\libg.a(lib_a-signal.o)
                0x1000d8f4                raise
 .text._kill_r  0x1000d954       0x28 c:/progra~2/gnuarm~1/102021~1.10/bin/../lib/gcc/arm-none-eabi/10.3.1/../../../../arm-none-eabi/lib/thumb/v6-m/nofp\libg.a(lib_a-signalr.o)
                0x1000d954                _kill_r
 .text._getpid_r
                0x1000d97c        0x8 c:/progra~2/gnuarm~1/102021~1.10/bin/../lib/gcc/arm-none-eabi/10.3.1/../../../../arm-none-eabi/lib/thumb/v6-m/nofp\libg.a(lib_a-signalr.o)
                0x1000d97c                _getpid_r
 .text          0x1000d984       0x88 c:/progra~2/gnuarm~1/102021~1.10/bin/../lib/gcc/arm-none-eabi/10.3.1/../../../../arm-none-eabi/lib/thumb/v6-m/nofp\libg.a(lib_a-strcmp.o)
                0x1000d984                strcmp
 .text.strlen   0x1000da0c       0x5c c:/progra~2/gnuarm~1/102021~1.10/bin/../lib/gcc/arm-none-eabi/10.3.1/../../../../arm-none-eabi/lib/thumb/v6-m/nofp\libg.a(lib_a-strlen-stub.o)
                0x1000da0c                strlen
 .text.strncmp  0x1000da68       0x74 c:/progra~2/gnuarm~1/102021~1.10/bin/../lib/gcc/arm-none-eabi/10.3.1/../../../../arm-none-eabi/lib/thumb/v6-m/nofp\libg.a(lib_a-strncmp.o)
                0x1000da68                strncmp
 .text.__swbuf_r
                0x1000dadc       0xc8 c:/progra~2/gnuarm~1/102021~1.10/bin/../lib/gcc/arm-none-eabi/10.3.1/../../../../arm-none-eabi/lib/thumb/v6-m/nofp\libg.a(lib_a-wbuf.o)
                0x1000dadc                __swbuf_r
 .text._write_r
                0x1000dba4       0x28 c:/progra~2/gnuarm~1/102021~1.10/bin/../lib/gcc/arm-none-eabi/10.3.1/../../../../arm-none-eabi/lib/thumb/v6-m/nofp\libg.a(lib_a-writer.o)
                0x1000dba4                _write_r
 .text.__swsetup_r
                0x1000dbcc       0xdc c:/progra~2/gnuarm~1/102021~1.10/bin/../lib/gcc/arm-none-eabi/10.3.1/../../../../arm-none-eabi/lib/thumb/v6-m/nofp\libg.a(lib_a-wsetup.o)
                0x1000dbcc                __swsetup_r
 .text._close_r
                0x1000dca8       0x24 c:/progra~2/gnuarm~1/102021~1.10/bin/../lib/gcc/arm-none-eabi/10.3.1/../../../../arm-none-eabi/lib/thumb/v6-m/nofp\libg.a(lib_a-closer.o)
                0x1000dca8                _close_r
 .text.__sflush_r
                0x1000dccc      0x140 c:/progra~2/gnuarm~1/102021~1.10/bin/../lib/gcc/arm-none-eabi/10.3.1/../../../../arm-none-eabi/lib/thumb/v6-m/nofp\libg.a(lib_a-fflush.o)
                0x1000dccc                __sflush_r
 .text._fflush_r
                0x1000de0c       0x6c c:/progra~2/gnuarm~1/102021~1.10/bin/../lib/gcc/arm-none-eabi/10.3.1/../../../../arm-none-eabi/lib/thumb/v6-m/nofp\libg.a(lib_a-fflush.o)
                0x1000de0c                _fflush_r
 .text._cleanup_r
                0x1000de78       0x10 c:/progra~2/gnuarm~1/102021~1.10/bin/../lib/gcc/arm-none-eabi/10.3.1/../../../../arm-none-eabi/lib/thumb/v6-m/nofp\libg.a(lib_a-findfp.o)
                0x1000de78                _cleanup_r
 .text.__sinit  0x1000de88      0x120 c:/progra~2/gnuarm~1/102021~1.10/bin/../lib/gcc/arm-none-eabi/10.3.1/../../../../arm-none-eabi/lib/thumb/v6-m/nofp\libg.a(lib_a-findfp.o)
                0x1000de88                __sinit
 .text.__sfp_lock_acquire
                0x1000dfa8       0x10 c:/progra~2/gnuarm~1/102021~1.10/bin/../lib/gcc/arm-none-eabi/10.3.1/../../../../arm-none-eabi/lib/thumb/v6-m/nofp\libg.a(lib_a-findfp.o)
                0x1000dfa8                __sfp_lock_acquire
 .text.__sfp_lock_release
                0x1000dfb8       0x10 c:/progra~2/gnuarm~1/102021~1.10/bin/../lib/gcc/arm-none-eabi/10.3.1/../../../../arm-none-eabi/lib/thumb/v6-m/nofp\libg.a(lib_a-findfp.o)
                0x1000dfb8                __sfp_lock_release
 .text._malloc_trim_r
                0x1000dfc8       0x9c c:/progra~2/gnuarm~1/102021~1.10/bin/../lib/gcc/arm-none-eabi/10.3.1/../../../../arm-none-eabi/lib/thumb/v6-m/nofp\libg.a(lib_a-freer.o)
                0x1000dfc8                _malloc_trim_r
 .text._free_r  0x1000e064      0x1c4 c:/progra~2/gnuarm~1/102021~1.10/bin/../lib/gcc/arm-none-eabi/10.3.1/../../../../arm-none-eabi/lib/thumb/v6-m/nofp\libg.a(lib_a-freer.o)
                0x1000e064                _free_r
 .text._fwalk_reent
                0x1000e228       0x48 c:/progra~2/gnuarm~1/102021~1.10/bin/../lib/gcc/arm-none-eabi/10.3.1/../../../../arm-none-eabi/lib/thumb/v6-m/nofp\libg.a(lib_a-fwalk.o)
                0x1000e228                _fwalk_reent
 .text.__smakebuf_r
                0x1000e270       0xe4 c:/progra~2/gnuarm~1/102021~1.10/bin/../lib/gcc/arm-none-eabi/10.3.1/../../../../arm-none-eabi/lib/thumb/v6-m/nofp\libg.a(lib_a-makebuf.o)
                0x1000e270                __smakebuf_r
 .text.__sread  0x1000e354       0x28 c:/progra~2/gnuarm~1/102021~1.10/bin/../lib/gcc/arm-none-eabi/10.3.1/../../../../arm-none-eabi/lib/thumb/v6-m/nofp\libg.a(lib_a-stdio.o)
                0x1000e354                __sread
 .text.__swrite
                0x1000e37c       0x40 c:/progra~2/gnuarm~1/102021~1.10/bin/../lib/gcc/arm-none-eabi/10.3.1/../../../../arm-none-eabi/lib/thumb/v6-m/nofp\libg.a(lib_a-stdio.o)
                0x1000e37c                __swrite
 .text.__sseek  0x1000e3bc       0x2c c:/progra~2/gnuarm~1/102021~1.10/bin/../lib/gcc/arm-none-eabi/10.3.1/../../../../arm-none-eabi/lib/thumb/v6-m/nofp\libg.a(lib_a-stdio.o)
                0x1000e3bc                __sseek
 .text.__sclose
                0x1000e3e8        0xc c:/progra~2/gnuarm~1/102021~1.10/bin/../lib/gcc/arm-none-eabi/10.3.1/../../../../arm-none-eabi/lib/thumb/v6-m/nofp\libg.a(lib_a-stdio.o)
                0x1000e3e8                __sclose
 .text._fclose_r
                0x1000e3f4       0xdc c:/progra~2/gnuarm~1/102021~1.10/bin/../lib/gcc/arm-none-eabi/10.3.1/../../../../arm-none-eabi/lib/thumb/v6-m/nofp\libg.a(lib_a-fclose.o)
                0x1000e3f4                _fclose_r
 .text._fstat_r
                0x1000e4d0       0x28 c:/progra~2/gnuarm~1/102021~1.10/bin/../lib/gcc/arm-none-eabi/10.3.1/../../../../arm-none-eabi/lib/thumb/v6-m/nofp\libg.a(lib_a-fstatr.o)
                0x1000e4d0                _fstat_r
 .text._isatty_r
                0x1000e4f8       0x24 c:/progra~2/gnuarm~1/102021~1.10/bin/../lib/gcc/arm-none-eabi/10.3.1/../../../../arm-none-eabi/lib/thumb/v6-m/nofp\libg.a(lib_a-isattyr.o)
                0x1000e4f8                _isatty_r
 .text._lseek_r
                0x1000e51c       0x28 c:/progra~2/gnuarm~1/102021~1.10/bin/../lib/gcc/arm-none-eabi/10.3.1/../../../../arm-none-eabi/lib/thumb/v6-m/nofp\libg.a(lib_a-lseekr.o)
                0x1000e51c                _lseek_r
 .text._read_r  0x1000e544       0x28 c:/progra~2/gnuarm~1/102021~1.10/bin/../lib/gcc/arm-none-eabi/10.3.1/../../../../arm-none-eabi/lib/thumb/v6-m/nofp\libg.a(lib_a-readr.o)
                0x1000e544                _read_r
 .text._close   0x1000e56c       0x10 c:/progra~2/gnuarm~1/102021~1.10/bin/../lib/gcc/arm-none-eabi/10.3.1/../../../../arm-none-eabi/lib/thumb/v6-m/nofp\libnosys.a(close.o)
                0x1000e56c                _close
 .text._fstat   0x1000e57c       0x10 c:/progra~2/gnuarm~1/102021~1.10/bin/../lib/gcc/arm-none-eabi/10.3.1/../../../../arm-none-eabi/lib/thumb/v6-m/nofp\libnosys.a(fstat.o)
                0x1000e57c                _fstat
 .text._getpid  0x1000e58c       0x10 c:/progra~2/gnuarm~1/102021~1.10/bin/../lib/gcc/arm-none-eabi/10.3.1/../../../../arm-none-eabi/lib/thumb/v6-m/nofp\libnosys.a(getpid.o)
                0x1000e58c                _getpid
 .text._isatty  0x1000e59c       0x10 c:/progra~2/gnuarm~1/102021~1.10/bin/../lib/gcc/arm-none-eabi/10.3.1/../../../../arm-none-eabi/lib/thumb/v6-m/nofp\libnosys.a(isatty.o)
                0x1000e59c                _isatty
 .text._kill    0x1000e5ac       0x10 c:/progra~2/gnuarm~1/102021~1.10/bin/../lib/gcc/arm-none-eabi/10.3.1/../../../../arm-none-eabi/lib/thumb/v6-m/nofp\libnosys.a(kill.o)
                0x1000e5ac                _kill
 .text._lseek   0x1000e5bc       0x10 c:/progra~2/gnuarm~1/102021~1.10/bin/../lib/gcc/arm-none-eabi/10.3.1/../../../../arm-none-eabi/lib/thumb/v6-m/nofp\libnosys.a(lseek.o)
                0x1000e5bc                _lseek
 *(.fini)
 .fini          0x1000e5cc        0x4 c:/progra~2/gnuarm~1/102021~1.10/bin/../lib/gcc/arm-none-eabi/10.3.1/thumb/v6-m/nofp/crti.o
                0x1000e5cc                _fini
 .fini.__stub   0x1000e5d0      0x110 linker stubs
 *crtbegin.o(.ctors)
 *crtbegin?.o(.ctors)
 *(EXCLUDE_FILE(*crtend.o *crtend?.o) .ctors)
 *(SORT_BY_NAME(.ctors.*))
 *(.ctors)
 *crtbegin.o(.dtors)
 *crtbegin?.o(.dtors)
 *(EXCLUDE_FILE(*crtend.o *crtend?.o) .dtors)
 *(SORT_BY_NAME(.dtors.*))
 *(.dtors)
 *(.eh_frame*)
 .eh_frame      0x1000e6e0        0x0 c:/progra~2/gnuarm~1/102021~1.10/bin/../lib/gcc/arm-none-eabi/10.3.1/thumb/v6-m/nofp/crtbegin.o
                0x1000e6e0                . = ALIGN (0x4)

.glue_7         0x1000e6e0        0x0
 .glue_7        0x1000e6e0        0x0 linker stubs

.glue_7t        0x1000e6e0        0x0
 .glue_7t       0x1000e6e0        0x0 linker stubs

.vfp11_veneer   0x1000e6e0        0x0
 .vfp11_veneer  0x1000e6e0        0x0 linker stubs

.v4_bx          0x1000e6e0        0x0
 .v4_bx         0x1000e6e0        0x0 linker stubs

.iplt           0x1000e6e0        0x0
 .iplt          0x1000e6e0        0x0 c:/progra~2/gnuarm~1/102021~1.10/bin/../lib/gcc/arm-none-eabi/10.3.1/thumb/v6-m/nofp/crtbegin.o

.rodata         0x1000e6e0     0x2da4
 *(EXCLUDE_FILE(*libm.a: *libc.a:*lib_a-mem*.o *libgcc.a:) .rodata*)
 .rodata._ZNSt7__cxx1112basic_stringIcSt11char_traitsIcESaIcEE12_M_constructIPKcEEvT_S8_St20forward_iterator_tag.str1.4
                0x1000e6e0       0x2a CMakeFiles/pio_uart.dir/uart.cpp.obj
 *fill*         0x1000e70a        0x2 
 .rodata.main.str1.4
                0x1000e70c        0xa CMakeFiles/pio_uart.dir/uart.cpp.obj
                                  0xd (size before relaxing)
 *fill*         0x1000e716        0x2 
 .rodata._ZL15uart_rx_program
                0x1000e718        0x6 CMakeFiles/pio_uart.dir/uart.cpp.obj
 *fill*         0x1000e71e        0x2 
 .rodata._ZL15uart_tx_program
                0x1000e720        0x6 CMakeFiles/pio_uart.dir/uart.cpp.obj
 *fill*         0x1000e726        0x2 
 .rodata._ZL28uart_rx_program_instructions
                0x1000e728       0x12 CMakeFiles/pio_uart.dir/uart.cpp.obj
 *fill*         0x1000e73a        0x2 
 .rodata._ZL28uart_tx_program_instructions
                0x1000e73c        0x8 CMakeFiles/pio_uart.dir/uart.cpp.obj
 .rodata.make_branch.str1.4
                0x1000e744       0x73 CMakeFiles/pio_uart.dir/D_/RaspberryPiPico/Pico/pico-sdk/src/rp2_common/hardware_irq/irq.c.obj
 *fill*         0x1000e7b7        0x1 
 .rodata.insert_branch_and_link.str1.4
                0x1000e7b8       0x10 CMakeFiles/pio_uart.dir/D_/RaspberryPiPico/Pico/pico-sdk/src/rp2_common/hardware_irq/irq.c.obj
 .rodata.irq_set_exclusive_handler.str1.4
                0x1000e7c8       0x36 CMakeFiles/pio_uart.dir/D_/RaspberryPiPico/Pico/pico-sdk/src/rp2_common/hardware_irq/irq.c.obj
 *fill*         0x1000e7fe        0x2 
 .rodata.irq_add_shared_handler.str1.4
                0x1000e800       0xd9 CMakeFiles/pio_uart.dir/D_/RaspberryPiPico/Pico/pico-sdk/src/rp2_common/hardware_irq/irq.c.obj
 *fill*         0x1000e8d9        0x3 
 .rodata.irq_remove_handler.str1.4
                0x1000e8dc       0x2a CMakeFiles/pio_uart.dir/D_/RaspberryPiPico/Pico/pico-sdk/src/rp2_common/hardware_irq/irq.c.obj
 *fill*         0x1000e906        0x2 
 .rodata.irq_add_tail_to_free_list.str1.4
                0x1000e908       0x3a CMakeFiles/pio_uart.dir/D_/RaspberryPiPico/Pico/pico-sdk/src/rp2_common/hardware_irq/irq.c.obj
 *fill*         0x1000e942        0x2 
 .rodata.__func__.0
                0x1000e944       0x1a CMakeFiles/pio_uart.dir/D_/RaspberryPiPico/Pico/pico-sdk/src/rp2_common/hardware_irq/irq.c.obj
 *fill*         0x1000e95e        0x2 
 .rodata.__func__.1
                0x1000e960       0x17 CMakeFiles/pio_uart.dir/D_/RaspberryPiPico/Pico/pico-sdk/src/rp2_common/hardware_irq/irq.c.obj
 *fill*         0x1000e977        0x1 
 .rodata.__func__.2
                0x1000e978       0x13 CMakeFiles/pio_uart.dir/D_/RaspberryPiPico/Pico/pico-sdk/src/rp2_common/hardware_irq/irq.c.obj
 *fill*         0x1000e98b        0x1 
 .rodata.__func__.3
                0x1000e98c        0xc CMakeFiles/pio_uart.dir/D_/RaspberryPiPico/Pico/pico-sdk/src/rp2_common/hardware_irq/irq.c.obj
 .rodata.__func__.4
                0x1000e998        0xf CMakeFiles/pio_uart.dir/D_/RaspberryPiPico/Pico/pico-sdk/src/rp2_common/hardware_irq/irq.c.obj
 *fill*         0x1000e9a7        0x1 
 .rodata.__func__.6
                0x1000e9a8       0x1a CMakeFiles/pio_uart.dir/D_/RaspberryPiPico/Pico/pico-sdk/src/rp2_common/hardware_irq/irq.c.obj
 *fill*         0x1000e9c2        0x2 
 .rodata.repeating_timer_callback.str1.4
                0x1000e9c4       0x51 CMakeFiles/pio_uart.dir/D_/RaspberryPiPico/Pico/pico-sdk/src/common/pico_time/time.c.obj
 *fill*         0x1000ea15        0x3 
 .rodata.alarm_pool_dump_key.str1.4
                0x1000ea18       0x33 CMakeFiles/pio_uart.dir/D_/RaspberryPiPico/Pico/pico-sdk/src/common/pico_time/time.c.obj
 *fill*         0x1000ea4b        0x1 
 .rodata.ph_add_child_node.str1.4
                0x1000ea4c       0x9a CMakeFiles/pio_uart.dir/D_/RaspberryPiPico/Pico/pico-sdk/src/common/pico_time/time.c.obj
 *fill*         0x1000eae6        0x2 
 .rodata.add_alarm_under_lock.str1.4
                0x1000eae8       0x28 CMakeFiles/pio_uart.dir/D_/RaspberryPiPico/Pico/pico-sdk/src/common/pico_time/time.c.obj
                                 0x2b (size before relaxing)
 .rodata.alarm_pool_alarm_callback.str1.4
                0x1000eb10       0xea CMakeFiles/pio_uart.dir/D_/RaspberryPiPico/Pico/pico-sdk/src/common/pico_time/time.c.obj
 *fill*         0x1000ebfa        0x2 
 .rodata.alarm_pool_get_default.str1.4
                0x1000ebfc       0x21 CMakeFiles/pio_uart.dir/D_/RaspberryPiPico/Pico/pico-sdk/src/common/pico_time/time.c.obj
 *fill*         0x1000ec1d        0x3 
 .rodata.sleep_until.str1.4
                0x1000ec20       0x4d CMakeFiles/pio_uart.dir/D_/RaspberryPiPico/Pico/pico-sdk/src/common/pico_time/time.c.obj
 *fill*         0x1000ec6d        0x3 
 .rodata.__func__.10
                0x1000ec70       0x15 CMakeFiles/pio_uart.dir/D_/RaspberryPiPico/Pico/pico-sdk/src/common/pico_time/time.c.obj
 *fill*         0x1000ec85        0x3 
 .rodata.__func__.11
                0x1000ec88       0x1a CMakeFiles/pio_uart.dir/D_/RaspberryPiPico/Pico/pico-sdk/src/common/pico_time/time.c.obj
 *fill*         0x1000eca2        0x2 
 .rodata.__func__.12
                0x1000eca4        0xa CMakeFiles/pio_uart.dir/D_/RaspberryPiPico/Pico/pico-sdk/src/common/pico_time/time.c.obj
 *fill*         0x1000ecae        0x2 
 .rodata.__func__.3
                0x1000ecb0       0x17 CMakeFiles/pio_uart.dir/D_/RaspberryPiPico/Pico/pico-sdk/src/common/pico_time/time.c.obj
 *fill*         0x1000ecc7        0x1 
 .rodata.__func__.4
                0x1000ecc8       0x12 CMakeFiles/pio_uart.dir/D_/RaspberryPiPico/Pico/pico-sdk/src/common/pico_time/time.c.obj
 *fill*         0x1000ecda        0x2 
 .rodata.__func__.5
                0x1000ecdc        0xd CMakeFiles/pio_uart.dir/D_/RaspberryPiPico/Pico/pico-sdk/src/common/pico_time/time.c.obj
 *fill*         0x1000ece9        0x3 
 .rodata.__func__.6
                0x1000ecec       0x12 CMakeFiles/pio_uart.dir/D_/RaspberryPiPico/Pico/pico-sdk/src/common/pico_time/time.c.obj
 *fill*         0x1000ecfe        0x2 
 .rodata.__func__.7
                0x1000ed00        0xf CMakeFiles/pio_uart.dir/D_/RaspberryPiPico/Pico/pico-sdk/src/common/pico_time/time.c.obj
 *fill*         0x1000ed0f        0x1 
 .rodata.__func__.8
                0x1000ed10        0xc CMakeFiles/pio_uart.dir/D_/RaspberryPiPico/Pico/pico-sdk/src/common/pico_time/time.c.obj
 .rodata.__func__.9
                0x1000ed1c       0x15 CMakeFiles/pio_uart.dir/D_/RaspberryPiPico/Pico/pico-sdk/src/common/pico_time/time.c.obj
 *fill*         0x1000ed31        0x7 
 .rodata.at_the_end_of_time
                0x1000ed38        0x8 CMakeFiles/pio_uart.dir/D_/RaspberryPiPico/Pico/pico-sdk/src/common/pico_time/time.c.obj
                0x1000ed38                at_the_end_of_time
 .rodata.hardware_alarm_claim.str1.4
                0x1000ed40       0x22 CMakeFiles/pio_uart.dir/D_/RaspberryPiPico/Pico/pico-sdk/src/rp2_common/hardware_timer/timer.c.obj
 .rodata.busy_wait_us.str1.4
                0x1000ed62       0x67 CMakeFiles/pio_uart.dir/D_/RaspberryPiPico/Pico/pico-sdk/src/rp2_common/hardware_timer/timer.c.obj
 *fill*         0x1000ed62        0x2 
 .rodata.hardware_alarm_set_target.str1.4
                0x1000ed64       0x6b CMakeFiles/pio_uart.dir/D_/RaspberryPiPico/Pico/pico-sdk/src/rp2_common/hardware_timer/timer.c.obj
 *fill*         0x1000edcf        0x1 
 .rodata.__func__.0
                0x1000edd0       0x1a CMakeFiles/pio_uart.dir/D_/RaspberryPiPico/Pico/pico-sdk/src/rp2_common/hardware_timer/timer.c.obj
 *fill*         0x1000edea        0x2 
 .rodata.__func__.1
                0x1000edec       0x15 CMakeFiles/pio_uart.dir/D_/RaspberryPiPico/Pico/pico-sdk/src/rp2_common/hardware_timer/timer.c.obj
 .rodata.ph_add_child_node.str1.4
                0x1000ee01       0x9a CMakeFiles/pio_uart.dir/D_/RaspberryPiPico/Pico/pico-sdk/src/common/pico_util/pheap.c.obj
 *fill*         0x1000ee01        0x3 
 .rodata.ph_remove_any_head.str1.4
                0x1000ee04       0x94 CMakeFiles/pio_uart.dir/D_/RaspberryPiPico/Pico/pico-sdk/src/common/pico_util/pheap.c.obj
 .rodata.ph_remove_and_free_node.str1.4
                0x1000ee98       0x1e CMakeFiles/pio_uart.dir/D_/RaspberryPiPico/Pico/pico-sdk/src/common/pico_util/pheap.c.obj
                                 0x26 (size before relaxing)
 *fill*         0x1000eeb6        0x2 
 .rodata.__func__.0
                0x1000eeb8       0x18 CMakeFiles/pio_uart.dir/D_/RaspberryPiPico/Pico/pico-sdk/src/common/pico_util/pheap.c.obj
 .rodata.__func__.1
                0x1000eed0       0x13 CMakeFiles/pio_uart.dir/D_/RaspberryPiPico/Pico/pico-sdk/src/common/pico_util/pheap.c.obj
 *fill*         0x1000eee3        0x1 
 .rodata.__func__.2
                0x1000eee4       0x12 CMakeFiles/pio_uart.dir/D_/RaspberryPiPico/Pico/pico-sdk/src/common/pico_util/pheap.c.obj
 *fill*         0x1000eef6        0x2 
 .rodata.__func__.3
                0x1000eef8        0xc CMakeFiles/pio_uart.dir/D_/RaspberryPiPico/Pico/pico-sdk/src/common/pico_util/pheap.c.obj
 .rodata.str1.4
                0x1000ef04       0x91 CMakeFiles/pio_uart.dir/D_/RaspberryPiPico/Pico/pico-sdk/src/common/pico_sync/mutex.c.obj
                                 0xf9 (size before relaxing)
 *fill*         0x1000ef95        0x3 
 .rodata.__func__.1
                0x1000ef98        0xb CMakeFiles/pio_uart.dir/D_/RaspberryPiPico/Pico/pico-sdk/src/common/pico_sync/mutex.c.obj
 *fill*         0x1000efa3        0x1 
 .rodata.__assert_func.str1.4
                0x1000efa4       0x3f CMakeFiles/pio_uart.dir/D_/RaspberryPiPico/Pico/pico-sdk/src/rp2_common/pico_runtime/runtime.c.obj
                                 0x43 (size before relaxing)
 *fill*         0x1000efe3        0x1 
 .rodata.runtime_init.str1.4
                0x1000efe4       0x67 CMakeFiles/pio_uart.dir/D_/RaspberryPiPico/Pico/pico-sdk/src/rp2_common/pico_runtime/runtime.c.obj
 *fill*         0x1000f04b        0x1 
 .rodata.panic.str1.4
                0x1000f04c       0x10 CMakeFiles/pio_uart.dir/D_/RaspberryPiPico/Pico/pico-sdk/src/rp2_common/pico_runtime/runtime.c.obj
                                 0x12 (size before relaxing)
 .rodata.__func__.1
                0x1000f05c        0xd CMakeFiles/pio_uart.dir/D_/RaspberryPiPico/Pico/pico-sdk/src/rp2_common/pico_runtime/runtime.c.obj
 *fill*         0x1000f069        0x3 
 .rodata.clock_configure.str1.4
                0x1000f06c       0x5d CMakeFiles/pio_uart.dir/D_/RaspberryPiPico/Pico/pico-sdk/src/rp2_common/hardware_clocks/clocks.c.obj
 *fill*         0x1000f0c9        0x3 
 .rodata.__func__.1
                0x1000f0cc       0x10 CMakeFiles/pio_uart.dir/D_/RaspberryPiPico/Pico/pico-sdk/src/rp2_common/hardware_clocks/clocks.c.obj
 .rodata.pll_init.str1.4
                0x1000f0dc      0x13f CMakeFiles/pio_uart.dir/D_/RaspberryPiPico/Pico/pico-sdk/src/rp2_common/hardware_pll/pll.c.obj
 *fill*         0x1000f21b        0x1 
 .rodata.__func__.0
                0x1000f21c        0x9 CMakeFiles/pio_uart.dir/D_/RaspberryPiPico/Pico/pico-sdk/src/rp2_common/hardware_pll/pll.c.obj
 *fill*         0x1000f225        0x3 
 .rodata._ftoa.str1.4
                0x1000f228       0x15 CMakeFiles/pio_uart.dir/D_/RaspberryPiPico/Pico/pico-sdk/src/rp2_common/pico_printf/printf.c.obj
 *fill*         0x1000f23d        0x3 
 .rodata._vsnprintf
                0x1000f240      0x1e0 CMakeFiles/pio_uart.dir/D_/RaspberryPiPico/Pico/pico-sdk/src/rp2_common/pico_printf/printf.c.obj
 .rodata.pow10.0
                0x1000f420       0x50 CMakeFiles/pio_uart.dir/D_/RaspberryPiPico/Pico/pico-sdk/src/rp2_common/pico_printf/printf.c.obj
 .rodata.__aeabi_double_init.str1.4
                0x1000f470       0xae CMakeFiles/pio_uart.dir/D_/RaspberryPiPico/Pico/pico-sdk/src/rp2_common/pico_double/double_init_rom.c.obj
 *fill*         0x1000f51e        0x2 
 .rodata.__func__.0
                0x1000f520       0x14 CMakeFiles/pio_uart.dir/D_/RaspberryPiPico/Pico/pico-sdk/src/rp2_common/pico_double/double_init_rom.c.obj
 .rodata.__aeabi_float_init.str1.4
                0x1000f534       0x80 CMakeFiles/pio_uart.dir/D_/RaspberryPiPico/Pico/pico-sdk/src/rp2_common/pico_float/float_init_rom.c.obj
                                 0x84 (size before relaxing)
 .rodata.__func__.0
                0x1000f5b4       0x13 CMakeFiles/pio_uart.dir/D_/RaspberryPiPico/Pico/pico-sdk/src/rp2_common/pico_float/float_init_rom.c.obj
 *fill*         0x1000f5c7        0x1 
 .rodata.__wrap_malloc.str1.4
                0x1000f5c8        0xe CMakeFiles/pio_uart.dir/D_/RaspberryPiPico/Pico/pico-sdk/src/rp2_common/pico_malloc/pico_malloc.c.obj
 *fill*         0x1000f5d6        0x2 
 .rodata.str1.4
                0x1000f5d8       0x40 CMakeFiles/pio_uart.dir/D_/RaspberryPiPico/Pico/pico-sdk/src/rp2_common/pico_standard_link/binary_info.c.obj
 .rodata.__bi_44
                0x1000f618        0xc CMakeFiles/pio_uart.dir/D_/RaspberryPiPico/Pico/pico-sdk/src/rp2_common/pico_standard_link/binary_info.c.obj
 .rodata.__bi_56
                0x1000f624        0xc CMakeFiles/pio_uart.dir/D_/RaspberryPiPico/Pico/pico-sdk/src/rp2_common/pico_standard_link/binary_info.c.obj
 .rodata.__bi_75
                0x1000f630        0xc CMakeFiles/pio_uart.dir/D_/RaspberryPiPico/Pico/pico-sdk/src/rp2_common/pico_standard_link/binary_info.c.obj
 .rodata.__bi_81
                0x1000f63c        0xc CMakeFiles/pio_uart.dir/D_/RaspberryPiPico/Pico/pico-sdk/src/rp2_common/pico_standard_link/binary_info.c.obj
 .rodata.crlf_str.3
                0x1000f648        0x2 CMakeFiles/pio_uart.dir/D_/RaspberryPiPico/Pico/pico-sdk/src/rp2_common/pico_stdio/stdio.c.obj
 *fill*         0x1000f64a        0x2 
 .rodata.str1.4
                0x1000f64c       0x2c CMakeFiles/pio_uart.dir/D_/RaspberryPiPico/Pico/pico-sdk/src/rp2_common/pico_stdio_uart/stdio_uart.c.obj
 .rodata.__bi_28.4
                0x1000f678        0xc CMakeFiles/pio_uart.dir/D_/RaspberryPiPico/Pico/pico-sdk/src/rp2_common/pico_stdio_uart/stdio_uart.c.obj
 .rodata.__bi_29.5
                0x1000f684        0x8 CMakeFiles/pio_uart.dir/D_/RaspberryPiPico/Pico/pico-sdk/src/rp2_common/pico_stdio_uart/stdio_uart.c.obj
 .rodata._pio_find_offset_for_program.str1.4
                0x1000f68c       0x6f CMakeFiles/pio_uart.dir/D_/RaspberryPiPico/Pico/pico-sdk/src/rp2_common/hardware_pio/pio.c.obj
 *fill*         0x1000f6fb        0x1 
 .rodata._pio_add_program_at_offset.str1.4
                0x1000f6fc       0x11 CMakeFiles/pio_uart.dir/D_/RaspberryPiPico/Pico/pico-sdk/src/rp2_common/hardware_pio/pio.c.obj
 *fill*         0x1000f70d        0x3 
 .rodata.__func__.1
                0x1000f710       0x1d CMakeFiles/pio_uart.dir/D_/RaspberryPiPico/Pico/pico-sdk/src/rp2_common/hardware_pio/pio.c.obj
 *fill*         0x1000f72d        0x3 
 .rodata.str1.4
                0x1000f730       0x18 CMakeFiles/pio_uart.dir/D_/RaspberryPiPico/Pico/pico-sdk/src/rp2_common/pico_bootsel_via_double_reset/pico_bootsel_via_double_reset.c.obj
 .rodata.__bi_35
                0x1000f748        0xc CMakeFiles/pio_uart.dir/D_/RaspberryPiPico/Pico/pico-sdk/src/rp2_common/pico_bootsel_via_double_reset/pico_bootsel_via_double_reset.c.obj
 .rodata.magic_token
                0x1000f754        0xc CMakeFiles/pio_uart.dir/D_/RaspberryPiPico/Pico/pico-sdk/src/rp2_common/pico_bootsel_via_double_reset/pico_bootsel_via_double_reset.c.obj
 .rodata._ZNSt7__cxx1112basic_stringIcSt11char_traitsIcESaIcEE9_M_createERjj.str1.4
                0x1000f760       0x18 c:/progra~2/gnuarm~1/102021~1.10/bin/../lib/gcc/arm-none-eabi/10.3.1/../../../../arm-none-eabi/lib/thumb/v6-m/nofp\libstdc++.a(string-inst.o)
 .rodata._ZNKSt9bad_alloc4whatEv.str1.4
                0x1000f778        0xf c:/progra~2/gnuarm~1/102021~1.10/bin/../lib/gcc/arm-none-eabi/10.3.1/../../../../arm-none-eabi/lib/thumb/v6-m/nofp\libstdc++.a(bad_alloc.o)
 *fill*         0x1000f787        0x1 
 .rodata._ZTISt9bad_alloc
                0x1000f788        0xc c:/progra~2/gnuarm~1/102021~1.10/bin/../lib/gcc/arm-none-eabi/10.3.1/../../../../arm-none-eabi/lib/thumb/v6-m/nofp\libstdc++.a(bad_alloc.o)
                0x1000f788                typeinfo for std::bad_alloc
 .rodata._ZTSSt9bad_alloc
                0x1000f794        0xd c:/progra~2/gnuarm~1/102021~1.10/bin/../lib/gcc/arm-none-eabi/10.3.1/../../../../arm-none-eabi/lib/thumb/v6-m/nofp\libstdc++.a(bad_alloc.o)
                0x1000f794                typeinfo name for std::bad_alloc
 *fill*         0x1000f7a1        0x3 
 .rodata._ZTVSt9bad_alloc
                0x1000f7a4       0x14 c:/progra~2/gnuarm~1/102021~1.10/bin/../lib/gcc/arm-none-eabi/10.3.1/../../../../arm-none-eabi/lib/thumb/v6-m/nofp\libstdc++.a(bad_alloc.o)
                0x1000f7a4                vtable for std::bad_alloc
 .rodata._ZNKSt13bad_exception4whatEv.str1.4
                0x1000f7b8       0x13 c:/progra~2/gnuarm~1/102021~1.10/bin/../lib/gcc/arm-none-eabi/10.3.1/../../../../arm-none-eabi/lib/thumb/v6-m/nofp\libstdc++.a(eh_exception.o)
 *fill*         0x1000f7cb        0x1 
 .rodata._ZTIN10__cxxabiv115__forced_unwindE
                0x1000f7cc        0x8 c:/progra~2/gnuarm~1/102021~1.10/bin/../lib/gcc/arm-none-eabi/10.3.1/../../../../arm-none-eabi/lib/thumb/v6-m/nofp\libstdc++.a(eh_exception.o)
                0x1000f7cc                typeinfo for __cxxabiv1::__forced_unwind
 .rodata._ZTIN10__cxxabiv119__foreign_exceptionE
                0x1000f7d4        0x8 c:/progra~2/gnuarm~1/102021~1.10/bin/../lib/gcc/arm-none-eabi/10.3.1/../../../../arm-none-eabi/lib/thumb/v6-m/nofp\libstdc++.a(eh_exception.o)
                0x1000f7d4                typeinfo for __cxxabiv1::__foreign_exception
 .rodata._ZTISt13bad_exception
                0x1000f7dc        0xc c:/progra~2/gnuarm~1/102021~1.10/bin/../lib/gcc/arm-none-eabi/10.3.1/../../../../arm-none-eabi/lib/thumb/v6-m/nofp\libstdc++.a(eh_exception.o)
                0x1000f7dc                typeinfo for std::bad_exception
 .rodata._ZTISt9exception
                0x1000f7e8        0x8 c:/progra~2/gnuarm~1/102021~1.10/bin/../lib/gcc/arm-none-eabi/10.3.1/../../../../arm-none-eabi/lib/thumb/v6-m/nofp\libstdc++.a(eh_exception.o)
                0x1000f7e8                typeinfo for std::exception
 .rodata._ZTSN10__cxxabiv115__forced_unwindE
                0x1000f7f0       0x20 c:/progra~2/gnuarm~1/102021~1.10/bin/../lib/gcc/arm-none-eabi/10.3.1/../../../../arm-none-eabi/lib/thumb/v6-m/nofp\libstdc++.a(eh_exception.o)