Archive member included to satisfy reference by file (symbol)

c:/progra~2/gnuarm~1/102021~1.10/bin/../lib/gcc/arm-none-eabi/10.3.1/thumb/v6-m/nofp\libgcc.a(_dvmd_tls.o)
                              CMakeFiles/mpu6050_calibration.dir/D_/RaspberryPiPico/Pico/pico-sdk/src/rp2_common/pico_divider/divider.S.obj (__aeabi_idiv0)
c:/progra~2/gnuarm~1/102021~1.10/bin/../lib/gcc/arm-none-eabi/10.3.1/../../../../arm-none-eabi/lib/thumb/v6-m/nofp\libg.a(lib_a-calloc.o)
                              CMakeFiles/mpu6050_calibration.dir/D_/RaspberryPiPico/Pico/pico-sdk/src/rp2_common/pico_malloc/pico_malloc.c.obj (calloc)
c:/progra~2/gnuarm~1/102021~1.10/bin/../lib/gcc/arm-none-eabi/10.3.1/../../../../arm-none-eabi/lib/thumb/v6-m/nofp\libg.a(lib_a-callocr.o)
                              c:/progra~2/gnuarm~1/102021~1.10/bin/../lib/gcc/arm-none-eabi/10.3.1/../../../../arm-none-eabi/lib/thumb/v6-m/nofp\libg.a(lib_a-calloc.o) (_calloc_r)
c:/progra~2/gnuarm~1/102021~1.10/bin/../lib/gcc/arm-none-eabi/10.3.1/../../../../arm-none-eabi/lib/thumb/v6-m/nofp\libg.a(lib_a-ctype_.o)
                              CMakeFiles/mpu6050_calibration.dir/D_/RaspberryPiPico/Pico/pico-sdk/lib/tinyusb/src/tusb.c.obj (_ctype_)
c:/progra~2/gnuarm~1/102021~1.10/bin/../lib/gcc/arm-none-eabi/10.3.1/../../../../arm-none-eabi/lib/thumb/v6-m/nofp\libg.a(lib_a-errno.o)
                              c:/progra~2/gnuarm~1/102021~1.10/bin/../lib/gcc/arm-none-eabi/10.3.1/../../../../arm-none-eabi/lib/thumb/v6-m/nofp\libg.a(lib_a-callocr.o) (__errno)
c:/progra~2/gnuarm~1/102021~1.10/bin/../lib/gcc/arm-none-eabi/10.3.1/../../../../arm-none-eabi/lib/thumb/v6-m/nofp\libg.a(lib_a-impure.o)
                              c:/progra~2/gnuarm~1/102021~1.10/bin/../lib/gcc/arm-none-eabi/10.3.1/../../../../arm-none-eabi/lib/thumb/v6-m/nofp\libg.a(lib_a-calloc.o) (_impure_ptr)
c:/progra~2/gnuarm~1/102021~1.10/bin/../lib/gcc/arm-none-eabi/10.3.1/../../../../arm-none-eabi/lib/thumb/v6-m/nofp\libg.a(lib_a-init.o)
                              c:/progra~2/gnuarm~1/102021~1.10/bin/../lib/gcc/arm-none-eabi/10.3.1/../../../../arm-none-eabi/lib/thumb/v6-m/nofp/crt0.o (__libc_init_array)
c:/progra~2/gnuarm~1/102021~1.10/bin/../lib/gcc/arm-none-eabi/10.3.1/../../../../arm-none-eabi/lib/thumb/v6-m/nofp\libg.a(lib_a-malloc.o)
                              CMakeFiles/mpu6050_calibration.dir/D_/RaspberryPiPico/Pico/pico-sdk/src/rp2_common/pico_malloc/pico_malloc.c.obj (malloc)
c:/progra~2/gnuarm~1/102021~1.10/bin/../lib/gcc/arm-none-eabi/10.3.1/../../../../arm-none-eabi/lib/thumb/v6-m/nofp\libg.a(lib_a-mallocr.o)
                              c:/progra~2/gnuarm~1/102021~1.10/bin/../lib/gcc/arm-none-eabi/10.3.1/../../../../arm-none-eabi/lib/thumb/v6-m/nofp\libg.a(lib_a-callocr.o) (_malloc_r)
c:/progra~2/gnuarm~1/102021~1.10/bin/../lib/gcc/arm-none-eabi/10.3.1/../../../../arm-none-eabi/lib/thumb/v6-m/nofp\libg.a(lib_a-memcmp.o)
                              CMakeFiles/mpu6050_calibration.dir/MPU6050.cpp.obj (memcmp)
c:/progra~2/gnuarm~1/102021~1.10/bin/../lib/gcc/arm-none-eabi/10.3.1/../../../../arm-none-eabi/lib/thumb/v6-m/nofp\libg.a(lib_a-mlock.o)
                              c:/progra~2/gnuarm~1/102021~1.10/bin/../lib/gcc/arm-none-eabi/10.3.1/../../../../arm-none-eabi/lib/thumb/v6-m/nofp\libg.a(lib_a-mallocr.o) (__malloc_lock)
c:/progra~2/gnuarm~1/102021~1.10/bin/../lib/gcc/arm-none-eabi/10.3.1/../../../../arm-none-eabi/lib/thumb/v6-m/nofp\libg.a(lib_a-realloc.o)
                              CMakeFiles/mpu6050_calibration.dir/D_/RaspberryPiPico/Pico/pico-sdk/src/rp2_common/pico_malloc/pico_malloc.c.obj (realloc)
c:/progra~2/gnuarm~1/102021~1.10/bin/../lib/gcc/arm-none-eabi/10.3.1/../../../../arm-none-eabi/lib/thumb/v6-m/nofp\libg.a(lib_a-reallocr.o)
                              c:/progra~2/gnuarm~1/102021~1.10/bin/../lib/gcc/arm-none-eabi/10.3.1/../../../../arm-none-eabi/lib/thumb/v6-m/nofp\libg.a(lib_a-realloc.o) (_realloc_r)
c:/progra~2/gnuarm~1/102021~1.10/bin/../lib/gcc/arm-none-eabi/10.3.1/../../../../arm-none-eabi/lib/thumb/v6-m/nofp\libg.a(lib_a-sbrkr.o)
                              c:/progra~2/gnuarm~1/102021~1.10/bin/../lib/gcc/arm-none-eabi/10.3.1/../../../../arm-none-eabi/lib/thumb/v6-m/nofp\libg.a(lib_a-mallocr.o) (_sbrk_r)
c:/progra~2/gnuarm~1/102021~1.10/bin/../lib/gcc/arm-none-eabi/10.3.1/../../../../arm-none-eabi/lib/thumb/v6-m/nofp\libg.a(lib_a-strlen-stub.o)
                              CMakeFiles/mpu6050_calibration.dir/D_/RaspberryPiPico/Pico/pico-sdk/src/rp2_common/pico_stdio/stdio.c.obj (strlen)
c:/progra~2/gnuarm~1/102021~1.10/bin/../lib/gcc/arm-none-eabi/10.3.1/../../../../arm-none-eabi/lib/thumb/v6-m/nofp\libg.a(lib_a-freer.o)
                              c:/progra~2/gnuarm~1/102021~1.10/bin/../lib/gcc/arm-none-eabi/10.3.1/../../../../arm-none-eabi/lib/thumb/v6-m/nofp\libg.a(lib_a-malloc.o) (_free_r)
c:/progra~2/gnuarm~1/102021~1.10/bin/../lib/gcc/arm-none-eabi/10.3.1/../../../../arm-none-eabi/lib/thumb/v6-m/nofp\libg.a(lib_a-lock.o)
[...]
Memory Configuration

Name             Origin             Length             Attributes
FLASH            0x10000000         0x00200000         xr
RAM              0x20000000         0x00040000         xrw
SCRATCH_X        0x20040000         0x00001000         xrw
SCRATCH_Y        0x20041000         0x00001000         xrw
*default*        0x00000000         0xffffffff

Linker script and memory map

LOAD c:/progra~2/gnuarm~1/102021~1.10/bin/../lib/gcc/arm-none-eabi/10.3.1/thumb/v6-m/nofp/crti.o
LOAD c:/progra~2/gnuarm~1/102021~1.10/bin/../lib/gcc/arm-none-eabi/10.3.1/thumb/v6-m/nofp/crtbegin.o
LOAD c:/progra~2/gnuarm~1/102021~1.10/bin/../lib/gcc/arm-none-eabi/10.3.1/../../../../arm-none-eabi/lib/thumb/v6-m/nofp/crt0.o

.flash_begin    0x10000000        0x0
                0x10000000                __flash_binary_start = .

.boot2          0x10000000      0x100
                0x10000000                __boot2_start__ = .
 *(.boot2)
 .boot2         0x10000000      0x100 C:\Users\Aerkany\AppData\Local\Temp\ccczmd47.o
                0x10000100                __boot2_end__ = .
                0x00000001                ASSERT (((__boot2_end__ - __boot2_start__) == 0x100), ERROR: Pico second stage bootloader must be 256 bytes in size)

.text           0x10000100     0x87d8
                0x10000100                __logical_binary_start = .
 *(.vectors)
 .vectors       0x10000100       0xd4 CMakeFiles/mpu6050_calibration.dir/D_/RaspberryPiPico/Pico/pico-sdk/src/rp2_common/pico_standard_link/crt0.S.obj
                0x10000100                __VECTOR_TABLE
                0x10000100                __vectors
                0x100001c0                isr_invalid
                0x100001c0                __default_isrs_start
                0x100001c2                isr_nmi
                0x100001c4                isr_hardfault
                0x100001c6                isr_svcall
                0x100001c8                isr_pendsv
                0x100001ca                isr_systick
                0x100001cc                isr_irq23
                0x100001cc                isr_irq18
                0x100001cc                isr_irq11
                0x100001cc                isr_irq28
                0x100001cc                isr_irq19
                0x100001cc                isr_irq0
                0x100001cc                isr_irq6
                0x100001cc                isr_irq5
                0x100001cc                isr_irq12
                0x100001cc                isr_irq22
                0x100001cc                isr_irq31
                0x100001cc                isr_irq17
                0x100001cc                isr_irq27
                0x100001cc                isr_irq30
                0x100001cc                isr_irq2
                0x100001cc                isr_irq10
                0x100001cc                isr_irq8
                0x100001cc                isr_irq24
                0x100001cc                isr_irq1
                0x100001cc                isr_irq7
                0x100001cc                isr_irq21
                0x100001cc                isr_irq20
                0x100001cc                isr_irq15
                0x100001cc                isr_irq25
                0x100001cc                isr_irq13
                0x100001cc                __unhandled_user_irq
                0x100001cc                isr_irq4
                0x100001cc                isr_irq16
                0x100001cc                isr_irq29
                0x100001cc                isr_irq26
                0x100001cc                __default_isrs_end
                0x100001cc                isr_irq3
                0x100001cc                isr_irq14
                0x100001cc                isr_irq9
                0x100001d2                unhandled_user_irq_num_in_r0
 *(.binary_info_header)
 .binary_info_header
                0x100001d4       0x14 CMakeFiles/mpu6050_calibration.dir/D_/RaspberryPiPico/Pico/pico-sdk/src/rp2_common/pico_standard_link/crt0.S.obj
                0x100001e8                __binary_info_header_end = .
 *(.reset)
 .reset         0x100001e8       0xa8 CMakeFiles/mpu6050_calibration.dir/D_/RaspberryPiPico/Pico/pico-sdk/src/rp2_common/pico_standard_link/crt0.S.obj
                0x100001e8                _entry_point
                0x10000266                __get_current_exception
 .reset         0x10000290       0x30 CMakeFiles/mpu6050_calibration.dir/D_/RaspberryPiPico/Pico/pico-sdk/src/rp2_common/pico_standard_link/binary_info.c.obj
 *(.init)
 .init          0x100002c0        0x4 c:/progra~2/gnuarm~1/102021~1.10/bin/../lib/gcc/arm-none-eabi/10.3.1/thumb/v6-m/nofp/crti.o
                0x100002c0                _init
 *(EXCLUDE_FILE(*libm.a: *libc.a:*lib_a-mem*.o *libgcc.a:) .text*)
 .text          0x100002c4       0x48 c:/progra~2/gnuarm~1/102021~1.10/bin/../lib/gcc/arm-none-eabi/10.3.1/thumb/v6-m/nofp/crtbegin.o
 .text._Z41__static_initialization_and_destruction_0ii
                0x1000030c       0x20 CMakeFiles/mpu6050_calibration.dir/mpu6050_calibration.cpp.obj
 .text._Z11GetSmoothedv
                0x1000032c       0xb4 CMakeFiles/mpu6050_calibration.dir/mpu6050_calibration.cpp.obj
                0x1000032c                GetSmoothed()
 .text._Z10Initializev
                0x100003e0      0x114 CMakeFiles/mpu6050_calibration.dir/mpu6050_calibration.cpp.obj
                0x100003e0                Initialize()
 .text._Z10SetOffsetsPi
                0x100004f4       0x48 CMakeFiles/mpu6050_calibration.dir/mpu6050_calibration.cpp.obj
                0x100004f4                SetOffsets(int*)
 .text._Z12ShowProgressv
                0x1000053c       0x50 CMakeFiles/mpu6050_calibration.dir/mpu6050_calibration.cpp.obj
                0x1000053c                ShowProgress()
 .text._Z12SetAveragingi
                0x1000058c       0x18 CMakeFiles/mpu6050_calibration.dir/mpu6050_calibration.cpp.obj
                0x1000058c                SetAveraging(int)
 .text._Z14PullBracketsInv
                0x100005a4       0xdc CMakeFiles/mpu6050_calibration.dir/mpu6050_calibration.cpp.obj
                0x100005a4                PullBracketsIn()
 .text._Z15PullBracketsOutv
                0x10000680       0xe4 CMakeFiles/mpu6050_calibration.dir/mpu6050_calibration.cpp.obj
                0x10000680                PullBracketsOut()
 .text._Z7initLEDv
                0x10000764       0x20 CMakeFiles/mpu6050_calibration.dir/mpu6050_calibration.cpp.obj
                0x10000764                initLED()
 .text._Z17waitForUsbConnectv
                0x10000784       0x26 CMakeFiles/mpu6050_calibration.dir/mpu6050_calibration.cpp.obj
                0x10000784                waitForUsbConnect()
 *fill*         0x100007aa        0x2 
 .text.main     0x100007ac       0x94 CMakeFiles/mpu6050_calibration.dir/mpu6050_calibration.cpp.obj
                0x100007ac                main
 .text._GLOBAL__sub_I_accelgyro
                0x10000840       0x10 CMakeFiles/mpu6050_calibration.dir/mpu6050_calibration.cpp.obj
 .text._Z3mapsssss
                0x10000850       0x1c CMakeFiles/mpu6050_calibration.dir/MPU6050.cpp.obj
                0x10000850                map(short, short, short, short, short)
 .text._ZN7MPU6050C2Eh
                0x1000086c        0x4 CMakeFiles/mpu6050_calibration.dir/MPU6050.cpp.obj
                0x1000086c                MPU6050::MPU6050(unsigned char)
                0x1000086c                MPU6050::MPU6050(unsigned char)
 .text._ZN7MPU605021setFullScaleGyroRangeEh
                0x10000870       0x16 CMakeFiles/mpu6050_calibration.dir/MPU6050.cpp.obj
                0x10000870                MPU6050::setFullScaleGyroRange(unsigned char)
 .text._ZN7MPU605022setFullScaleAccelRangeEh
                0x10000886       0x16 CMakeFiles/mpu6050_calibration.dir/MPU6050.cpp.obj
                0x10000886                MPU6050::setFullScaleAccelRange(unsigned char)
 .text._ZN7MPU605010getMotion6EPsS0_S0_S0_S0_S0_
                0x1000089c       0x68 CMakeFiles/mpu6050_calibration.dir/MPU6050.cpp.obj
                0x1000089c                MPU6050::getMotion6(short*, short*, short*, short*, short*, short*)
 .text._ZN7MPU60509resetFIFOEv
                0x10000904       0x10 CMakeFiles/mpu6050_calibration.dir/MPU6050.cpp.obj
                0x10000904                MPU6050::resetFIFO()
 .text._ZN7MPU605015setSleepEnabledEb
                0x10000914       0x10 CMakeFiles/mpu6050_calibration.dir/MPU6050.cpp.obj
                0x10000914                MPU6050::setSleepEnabled(bool)
 .text._ZN7MPU605014setClockSourceEh
                0x10000924       0x16 CMakeFiles/mpu6050_calibration.dir/MPU6050.cpp.obj
                0x10000924                MPU6050::setClockSource(unsigned char)
 .text._ZN7MPU605010initializeEv
                0x1000093a       0x24 CMakeFiles/mpu6050_calibration.dir/MPU6050.cpp.obj
                0x1000093a                MPU6050::initialize()
 *fill*         0x1000095e        0x2 
 .text._ZN7MPU605011getDeviceIDEv
                0x10000960       0x28 CMakeFiles/mpu6050_calibration.dir/MPU6050.cpp.obj
                0x10000960                MPU6050::getDeviceID()
 .text._ZN7MPU605014testConnectionEv
                0x10000988       0x10 CMakeFiles/mpu6050_calibration.dir/MPU6050.cpp.obj
                0x10000988                MPU6050::testConnection()
 .text._ZN7MPU605015setXAccelOffsetEs
                0x10000998       0x1e CMakeFiles/mpu6050_calibration.dir/MPU6050.cpp.obj
                0x10000998                MPU6050::setXAccelOffset(short)
 .text._ZN7MPU605015setYAccelOffsetEs
                0x100009b6       0x1e CMakeFiles/mpu6050_calibration.dir/MPU6050.cpp.obj
                0x100009b6                MPU6050::setYAccelOffset(short)
 .text._ZN7MPU605015setZAccelOffsetEs
                0x100009d4       0x1e CMakeFiles/mpu6050_calibration.dir/MPU6050.cpp.obj
                0x100009d4                MPU6050::setZAccelOffset(short)
 .text._ZN7MPU605014setXGyroOffsetEs
                0x100009f2        0xe CMakeFiles/mpu6050_calibration.dir/MPU6050.cpp.obj
                0x100009f2                MPU6050::setXGyroOffset(short)
 .text._ZN7MPU605014setYGyroOffsetEs
                0x10000a00        0xe CMakeFiles/mpu6050_calibration.dir/MPU6050.cpp.obj
                0x10000a00                MPU6050::setYGyroOffset(short)
 .text._ZN7MPU605014setZGyroOffsetEs
                0x10000a0e        0xe CMakeFiles/mpu6050_calibration.dir/MPU6050.cpp.obj
                0x10000a0e                MPU6050::setZGyroOffset(short)
 .text._ZN7MPU60508resetDMPEv
                0x10000a1c       0x10 CMakeFiles/mpu6050_calibration.dir/MPU6050.cpp.obj
                0x10000a1c                MPU6050::resetDMP()
 .text._ZN7MPU60503PIDEhffh
                0x10000a2c      0x340 CMakeFiles/mpu6050_calibration.dir/MPU6050.cpp.obj
                0x10000a2c                MPU6050::PID(unsigned char, float, float, unsigned char)
 .text._ZN7MPU605013CalibrateGyroEh
                0x10000d6c       0x80 CMakeFiles/mpu6050_calibration.dir/MPU6050.cpp.obj
                0x10000d6c                MPU6050::CalibrateGyro(unsigned char)
 .text._ZN7MPU605014CalibrateAccelEh
                0x10000dec       0x60 CMakeFiles/mpu6050_calibration.dir/MPU6050.cpp.obj
                0x10000dec                MPU6050::CalibrateAccel(unsigned char)
 .text._ZN7MPU605018PrintActiveOffsetsEv
                0x10000e4c       0xa8 CMakeFiles/mpu6050_calibration.dir/MPU6050.cpp.obj
                0x10000e4c                MPU6050::PrintActiveOffsets()
 .text._ZN6I2Cdev9readBytesEhhhPhm
                0x10000ef4       0xa0 CMakeFiles/mpu6050_calibration.dir/I2Cdev.cpp.obj
                0x10000ef4                I2Cdev::readBytes(unsigned char, unsigned char, unsigned char, unsigned char*, unsigned long)
 .text._ZN6I2Cdev8readByteEhhPhm
                0x10000f94       0x12 CMakeFiles/mpu6050_calibration.dir/I2Cdev.cpp.obj
                0x10000f94                I2Cdev::readByte(unsigned char, unsigned char, unsigned char*, unsigned long)
 .text._ZN6I2Cdev8readBitsEhhhhPhm
                0x10000fa6       0x38 CMakeFiles/mpu6050_calibration.dir/I2Cdev.cpp.obj
                0x10000fa6                I2Cdev::readBits(unsigned char, unsigned char, unsigned char, unsigned char, unsigned char*, unsigned long)
 *fill*         0x10000fde        0x2 
 .text._ZN6I2Cdev9readWordsEhhhPtm
                0x10000fe0       0xe8 CMakeFiles/mpu6050_calibration.dir/I2Cdev.cpp.obj
                0x10000fe0                I2Cdev::readWords(unsigned char, unsigned char, unsigned char, unsigned short*, unsigned long)
 .text._ZN6I2Cdev10writeBytesEhhhPh
                0x100010c8       0x4c CMakeFiles/mpu6050_calibration.dir/I2Cdev.cpp.obj
                0x100010c8                I2Cdev::writeBytes(unsigned char, unsigned char, unsigned char, unsigned char*)
 .text._ZN6I2Cdev9writeByteEhhh
                0x10001114       0x14 CMakeFiles/mpu6050_calibration.dir/I2Cdev.cpp.obj
                0x10001114                I2Cdev::writeByte(unsigned char, unsigned char, unsigned char)
 .text._ZN6I2Cdev8writeBitEhhhh
                0x10001128       0x4c CMakeFiles/mpu6050_calibration.dir/I2Cdev.cpp.obj
                0x10001128                I2Cdev::writeBit(unsigned char, unsigned char, unsigned char, unsigned char)
 .text._ZN6I2Cdev9writeBitsEhhhhh
                0x10001174       0x58 CMakeFiles/mpu6050_calibration.dir/I2Cdev.cpp.obj
                0x10001174                I2Cdev::writeBits(unsigned char, unsigned char, unsigned char, unsigned char, unsigned char)
 .text._ZN6I2Cdev10writeWordsEhhhPt
                0x100011cc       0x68 CMakeFiles/mpu6050_calibration.dir/I2Cdev.cpp.obj
                0x100011cc                I2Cdev::writeWords(unsigned char, unsigned char, unsigned char, unsigned short*)
 .text._ZN6I2Cdev9writeWordEhht
                0x10001234       0x14 CMakeFiles/mpu6050_calibration.dir/I2Cdev.cpp.obj
                0x10001234                I2Cdev::writeWord(unsigned char, unsigned char, unsigned short)
 .text.gpio_set_function
                0x10001248       0x30 CMakeFiles/mpu6050_calibration.dir/D_/RaspberryPiPico/Pico/pico-sdk/src/rp2_common/hardware_gpio/gpio.c.obj
                0x10001248                gpio_set_function
 .text.gpio_set_pulls
                0x10001278       0x34 CMakeFiles/mpu6050_calibration.dir/D_/RaspberryPiPico/Pico/pico-sdk/src/rp2_common/hardware_gpio/gpio.c.obj
                0x10001278                gpio_set_pulls
 .text.gpio_init
                0x100012ac       0x16 CMakeFiles/mpu6050_calibration.dir/D_/RaspberryPiPico/Pico/pico-sdk/src/rp2_common/hardware_gpio/gpio.c.obj
                0x100012ac                gpio_init
 *fill*         0x100012c2        0x2 
 .text.hw_claim_lock
                0x100012c4       0x18 CMakeFiles/mpu6050_calibration.dir/D_/RaspberryPiPico/Pico/pico-sdk/src/rp2_common/hardware_claim/claim.c.obj
                0x100012c4                hw_claim_lock
 .text.hw_claim_unlock
                0x100012dc       0x14 CMakeFiles/mpu6050_calibration.dir/D_/RaspberryPiPico/Pico/pico-sdk/src/rp2_common/hardware_claim/claim.c.obj
                0x100012dc                hw_claim_unlock
 .text.hw_claim_or_assert
                0x100012f0       0x32 CMakeFiles/mpu6050_calibration.dir/D_/RaspberryPiPico/Pico/pico-sdk/src/rp2_common/hardware_claim/claim.c.obj
                0x100012f0                hw_claim_or_assert
 .text.hw_claim_unused_from_range
                0x10001322       0x50 CMakeFiles/mpu6050_calibration.dir/D_/RaspberryPiPico/Pico/pico-sdk/src/rp2_common/hardware_claim/claim.c.obj
                0x10001322                hw_claim_unused_from_range
 *fill*         0x10001372        0x2 
 .text.running_on_fpga
                0x10001374       0x14 CMakeFiles/mpu6050_calibration.dir/D_/RaspberryPiPico/Pico/pico-sdk/src/rp2_common/pico_platform/platform.c.obj
                0x10001374                running_on_fpga
 .text.spin_locks_reset
                0x10001388       0x20 CMakeFiles/mpu6050_calibration.dir/D_/RaspberryPiPico/Pico/pico-sdk/src/rp2_common/hardware_sync/sync.c.obj
                0x10001388                spin_locks_reset
 .text.next_striped_spin_lock_num
                0x100013a8       0x1c CMakeFiles/mpu6050_calibration.dir/D_/RaspberryPiPico/Pico/pico-sdk/src/rp2_common/hardware_sync/sync.c.obj
                0x100013a8                next_striped_spin_lock_num
 .text.spin_lock_claim_unused
                0x100013c4       0x20 CMakeFiles/mpu6050_calibration.dir/D_/RaspberryPiPico/Pico/pico-sdk/src/rp2_common/hardware_sync/sync.c.obj
                0x100013c4                spin_lock_claim_unused
 .text.set_raw_irq_handler_and_unlock
                0x100013e4       0x28 CMakeFiles/mpu6050_calibration.dir/D_/RaspberryPiPico/Pico/pico-sdk/src/rp2_common/hardware_irq/irq.c.obj
 .text.make_branch
                0x1000140c       0x48 CMakeFiles/mpu6050_calibration.dir/D_/RaspberryPiPico/Pico/pico-sdk/src/rp2_common/hardware_irq/irq.c.obj
 .text.insert_branch_and_link
                0x10001454       0x40 CMakeFiles/mpu6050_calibration.dir/D_/RaspberryPiPico/Pico/pico-sdk/src/rp2_common/hardware_irq/irq.c.obj
 .text.irq_is_enabled
                0x10001494       0x18 CMakeFiles/mpu6050_calibration.dir/D_/RaspberryPiPico/Pico/pico-sdk/src/rp2_common/hardware_irq/irq.c.obj
                0x10001494                irq_is_enabled
 .text.irq_set_mask_enabled
                0x100014ac       0x20 CMakeFiles/mpu6050_calibration.dir/D_/RaspberryPiPico/Pico/pico-sdk/src/rp2_common/hardware_irq/irq.c.obj
                0x100014ac                irq_set_mask_enabled
 .text.irq_set_enabled
                0x100014cc        0xe CMakeFiles/mpu6050_calibration.dir/D_/RaspberryPiPico/Pico/pico-sdk/src/rp2_common/hardware_irq/irq.c.obj
                0x100014cc                irq_set_enabled
 *fill*         0x100014da        0x2 
 .text.irq_set_pending
                0x100014dc       0x10 CMakeFiles/mpu6050_calibration.dir/D_/RaspberryPiPico/Pico/pico-sdk/src/rp2_common/hardware_irq/irq.c.obj
                0x100014dc                irq_set_pending
 .text.irq_get_vtable_handler
                0x100014ec       0x10 CMakeFiles/mpu6050_calibration.dir/D_/RaspberryPiPico/Pico/pico-sdk/src/rp2_common/hardware_irq/irq.c.obj
                0x100014ec                irq_get_vtable_handler
 .text.irq_has_shared_handler
                0x100014fc       0x24 CMakeFiles/mpu6050_calibration.dir/D_/RaspberryPiPico/Pico/pico-sdk/src/rp2_common/hardware_irq/irq.c.obj
                0x100014fc                irq_has_shared_handler
 .text.irq_set_exclusive_handler
                0x10001520       0x54 CMakeFiles/mpu6050_calibration.dir/D_/RaspberryPiPico/Pico/pico-sdk/src/rp2_common/hardware_irq/irq.c.obj
                0x10001520                irq_set_exclusive_handler
 .text.irq_add_shared_handler
                0x10001574      0x230 CMakeFiles/mpu6050_calibration.dir/D_/RaspberryPiPico/Pico/pico-sdk/src/rp2_common/hardware_irq/irq.c.obj
                0x10001574                irq_add_shared_handler
 .text.irq_remove_handler
                0x100017a4      0x1a8 CMakeFiles/mpu6050_calibration.dir/D_/RaspberryPiPico/Pico/pico-sdk/src/rp2_common/hardware_irq/irq.c.obj
                0x100017a4                irq_remove_handler
 .text.irq_add_tail_to_free_list
                0x1000194c       0xf0 CMakeFiles/mpu6050_calibration.dir/D_/RaspberryPiPico/Pico/pico-sdk/src/rp2_common/hardware_irq/irq.c.obj
                0x1000194c                irq_add_tail_to_free_list
 .text.irq_init_priorities
                0x10001a3c       0x1c CMakeFiles/mpu6050_calibration.dir/D_/RaspberryPiPico/Pico/pico-sdk/src/rp2_common/hardware_irq/irq.c.obj
                0x10001a3c                irq_init_priorities
 .text.user_irq_claim_unused
                0x10001a58       0x30 CMakeFiles/mpu6050_calibration.dir/D_/RaspberryPiPico/Pico/pico-sdk/src/rp2_common/hardware_irq/irq.c.obj
                0x10001a58                user_irq_claim_unused
 .text.lock_init
                0x10001a88       0x10 CMakeFiles/mpu6050_calibration.dir/D_/RaspberryPiPico/Pico/pico-sdk/src/common/pico_sync/lock_core.c.obj
                0x10001a88                lock_init
 .text.alarm_pool_post_alloc_init
                0x10001a98       0x40 CMakeFiles/mpu6050_calibration.dir/D_/RaspberryPiPico/Pico/pico-sdk/src/common/pico_time/time.c.obj
 .text.sleep_until_callback
                0x10001ad8       0x30 CMakeFiles/mpu6050_calibration.dir/D_/RaspberryPiPico/Pico/pico-sdk/src/common/pico_time/time.c.obj
 .text.timer_pool_entry_comparator
                0x10001b08       0x7c CMakeFiles/mpu6050_calibration.dir/D_/RaspberryPiPico/Pico/pico-sdk/src/common/pico_time/time.c.obj
                0x10001b08                timer_pool_entry_comparator
 .text.ph_add_child_node
                0x10001b84       0xa4 CMakeFiles/mpu6050_calibration.dir/D_/RaspberryPiPico/Pico/pico-sdk/src/common/pico_time/time.c.obj
 .text.ph_merge_nodes
                0x10001c28       0x3e CMakeFiles/mpu6050_calibration.dir/D_/RaspberryPiPico/Pico/pico-sdk/src/common/pico_time/time.c.obj
 *fill*         0x10001c66        0x2 
 .text.add_alarm_under_lock
                0x10001c68      0x174 CMakeFiles/mpu6050_calibration.dir/D_/RaspberryPiPico/Pico/pico-sdk/src/common/pico_time/time.c.obj
 .text.alarm_pool_alarm_callback
                0x10001ddc      0x328 CMakeFiles/mpu6050_calibration.dir/D_/RaspberryPiPico/Pico/pico-sdk/src/common/pico_time/time.c.obj
 .text.alarm_pool_init_default
                0x10002104       0x38 CMakeFiles/mpu6050_calibration.dir/D_/RaspberryPiPico/Pico/pico-sdk/src/common/pico_time/time.c.obj
                0x10002104                alarm_pool_init_default
 .text.alarm_pool_get_default
                0x1000213c       0x2c CMakeFiles/mpu6050_calibration.dir/D_/RaspberryPiPico/Pico/pico-sdk/src/common/pico_time/time.c.obj
                0x1000213c                alarm_pool_get_default
 .text.alarm_pool_add_alarm_at
                0x10002168      0x170 CMakeFiles/mpu6050_calibration.dir/D_/RaspberryPiPico/Pico/pico-sdk/src/common/pico_time/time.c.obj
                0x10002168                alarm_pool_add_alarm_at
 .text.alarm_pool_cancel_alarm
                0x100022d8       0xf0 CMakeFiles/mpu6050_calibration.dir/D_/RaspberryPiPico/Pico/pico-sdk/src/common/pico_time/time.c.obj
                0x100022d8                alarm_pool_cancel_alarm
 .text.sleep_until
                0x100023c8       0xfc CMakeFiles/mpu6050_calibration.dir/D_/RaspberryPiPico/Pico/pico-sdk/src/common/pico_time/time.c.obj
                0x100023c8                sleep_until
 .text.sleep_us
                0x100024c4       0x58 CMakeFiles/mpu6050_calibration.dir/D_/RaspberryPiPico/Pico/pico-sdk/src/common/pico_time/time.c.obj
                0x100024c4                sleep_us
 .text.sleep_ms
                0x1000251c       0x14 CMakeFiles/mpu6050_calibration.dir/D_/RaspberryPiPico/Pico/pico-sdk/src/common/pico_time/time.c.obj
                0x1000251c                sleep_ms
 .text.best_effort_wfe_or_timeout
                0x10002530       0x80 CMakeFiles/mpu6050_calibration.dir/D_/RaspberryPiPico/Pico/pico-sdk/src/common/pico_time/time.c.obj
                0x10002530                best_effort_wfe_or_timeout
 .text.check_single_timeout_us
                0x100025b0       0x2c CMakeFiles/mpu6050_calibration.dir/D_/RaspberryPiPico/Pico/pico-sdk/src/common/pico_time/timeout_helper.c.obj
 .text.init_single_timeout_until
                0x100025dc        0xc CMakeFiles/mpu6050_calibration.dir/D_/RaspberryPiPico/Pico/pico-sdk/src/common/pico_time/timeout_helper.c.obj
                0x100025dc                init_single_timeout_until
 .text.hardware_alarm_irq_handler
                0x100025e8       0x8c CMakeFiles/mpu6050_calibration.dir/D_/RaspberryPiPico/Pico/pico-sdk/src/rp2_common/hardware_timer/timer.c.obj
 .text.hardware_alarm_claim
                0x10002674       0x18 CMakeFiles/mpu6050_calibration.dir/D_/RaspberryPiPico/Pico/pico-sdk/src/rp2_common/hardware_timer/timer.c.obj
                0x10002674                hardware_alarm_claim
 .text.time_us_64
                0x1000268c       0x18 CMakeFiles/mpu6050_calibration.dir/D_/RaspberryPiPico/Pico/pico-sdk/src/rp2_common/hardware_timer/timer.c.obj
                0x1000268c                time_us_64
 .text.busy_wait_until
                0x100026a4       0x28 CMakeFiles/mpu6050_calibration.dir/D_/RaspberryPiPico/Pico/pico-sdk/src/rp2_common/hardware_timer/timer.c.obj
                0x100026a4                busy_wait_until
 .text.hardware_alarm_set_callback
                0x100026cc       0x90 CMakeFiles/mpu6050_calibration.dir/D_/RaspberryPiPico/Pico/pico-sdk/src/rp2_common/hardware_timer/timer.c.obj
                0x100026cc                hardware_alarm_set_callback
 .text.hardware_alarm_set_target
                0x1000275c       0xe8 CMakeFiles/mpu6050_calibration.dir/D_/RaspberryPiPico/Pico/pico-sdk/src/rp2_common/hardware_timer/timer.c.obj
                0x1000275c                hardware_alarm_set_target
 .text.hardware_alarm_cancel
                0x10002844       0x40 CMakeFiles/mpu6050_calibration.dir/D_/RaspberryPiPico/Pico/pico-sdk/src/rp2_common/hardware_timer/timer.c.obj
                0x10002844                hardware_alarm_cancel
 .text.ph_add_child_node
                0x10002884       0xa4 CMakeFiles/mpu6050_calibration.dir/D_/RaspberryPiPico/Pico/pico-sdk/src/common/pico_util/pheap.c.obj
 .text.ph_merge_nodes
                0x10002928       0x3e CMakeFiles/mpu6050_calibration.dir/D_/RaspberryPiPico/Pico/pico-sdk/src/common/pico_util/pheap.c.obj
 *fill*         0x10002966        0x2 
 .text.ph_clear
                0x10002968       0x70 CMakeFiles/mpu6050_calibration.dir/D_/RaspberryPiPico/Pico/pico-sdk/src/common/pico_util/pheap.c.obj
                0x10002968                ph_clear
 .text.ph_post_alloc_init
                0x100029d8        0xe CMakeFiles/mpu6050_calibration.dir/D_/RaspberryPiPico/Pico/pico-sdk/src/common/pico_util/pheap.c.obj
                0x100029d8                ph_post_alloc_init
 *fill*         0x100029e6        0x2 
 .text.ph_merge_two_pass
                0x100029e8       0xa8 CMakeFiles/mpu6050_calibration.dir/D_/RaspberryPiPico/Pico/pico-sdk/src/common/pico_util/pheap.c.obj
                0x100029e8                ph_merge_two_pass
 .text.ph_remove_any_head
                0x10002a90      0x108 CMakeFiles/mpu6050_calibration.dir/D_/RaspberryPiPico/Pico/pico-sdk/src/common/pico_util/pheap.c.obj
 .text.ph_remove_head
                0x10002b98       0x14 CMakeFiles/mpu6050_calibration.dir/D_/RaspberryPiPico/Pico/pico-sdk/src/common/pico_util/pheap.c.obj
                0x10002b98                ph_remove_head
 .text.ph_remove_and_free_node
                0x10002bac       0xf8 CMakeFiles/mpu6050_calibration.dir/D_/RaspberryPiPico/Pico/pico-sdk/src/common/pico_util/pheap.c.obj
                0x10002bac                ph_remove_and_free_node
 .text.mutex_init
                0x10002ca4       0x1a CMakeFiles/mpu6050_calibration.dir/D_/RaspberryPiPico/Pico/pico-sdk/src/common/pico_sync/mutex.c.obj
                0x10002ca4                mutex_init
 .text.recursive_mutex_init
                0x10002cbe       0x1e CMakeFiles/mpu6050_calibration.dir/D_/RaspberryPiPico/Pico/pico-sdk/src/common/pico_sync/mutex.c.obj
                0x10002cbe                recursive_mutex_init
 .text.critical_section_init_with_lock_num
                0x10002cdc       0x14 CMakeFiles/mpu6050_calibration.dir/D_/RaspberryPiPico/Pico/pico-sdk/src/common/pico_sync/critical_section.c.obj
                0x10002cdc                critical_section_init_with_lock_num
 .text.critical_section_init
                0x10002cf0       0x14 CMakeFiles/mpu6050_calibration.dir/D_/RaspberryPiPico/Pico/pico-sdk/src/common/pico_sync/critical_section.c.obj
                0x10002cf0                critical_section_init
 .text._exit    0x10002d04        0x4 CMakeFiles/mpu6050_calibration.dir/D_/RaspberryPiPico/Pico/pico-sdk/src/rp2_common/pico_runtime/runtime.c.obj
                0x10002d04                _exit
 .text.exit     0x10002d08        0x6 CMakeFiles/mpu6050_calibration.dir/D_/RaspberryPiPico/Pico/pico-sdk/src/rp2_common/pico_runtime/runtime.c.obj
                0x10002d08                exit
 *fill*         0x10002d0e        0x2 
 .text.__assert_func
                0x10002d10       0x3c CMakeFiles/mpu6050_calibration.dir/D_/RaspberryPiPico/Pico/pico-sdk/src/rp2_common/pico_runtime/runtime.c.obj
                0x10002d10                __assert_func
 .text.runtime_init
                0x10002d4c       0xf8 CMakeFiles/mpu6050_calibration.dir/D_/RaspberryPiPico/Pico/pico-sdk/src/rp2_common/pico_runtime/runtime.c.obj
                0x10002d4c                runtime_init
 .text.panic    0x10002e44       0x30 CMakeFiles/mpu6050_calibration.dir/D_/RaspberryPiPico/Pico/pico-sdk/src/rp2_common/pico_runtime/runtime.c.obj
                0x10002e44                panic
 .text.clock_configure
                0x10002e74      0x104 CMakeFiles/mpu6050_calibration.dir/D_/RaspberryPiPico/Pico/pico-sdk/src/rp2_common/hardware_clocks/clocks.c.obj
                0x10002e74                clock_configure
 .text.clocks_init
                0x10002f78      0x100 CMakeFiles/mpu6050_calibration.dir/D_/RaspberryPiPico/Pico/pico-sdk/src/rp2_common/hardware_clocks/clocks.c.obj
                0x10002f78                clocks_init
 .text.clock_get_hz
                0x10003078        0xc CMakeFiles/mpu6050_calibration.dir/D_/RaspberryPiPico/Pico/pico-sdk/src/rp2_common/hardware_clocks/clocks.c.obj
                0x10003078                clock_get_hz
 .text.pll_init
                0x10003084      0x140 CMakeFiles/mpu6050_calibration.dir/D_/RaspberryPiPico/Pico/pico-sdk/src/rp2_common/hardware_pll/pll.c.obj
                0x10003084                pll_init
 .text.watchdog_start_tick
                0x100031c4       0x10 CMakeFiles/mpu6050_calibration.dir/D_/RaspberryPiPico/Pico/pico-sdk/src/rp2_common/hardware_watchdog/watchdog.c.obj
                0x100031c4                watchdog_start_tick
 .text.watchdog_update
                0x100031d4       0x14 CMakeFiles/mpu6050_calibration.dir/D_/RaspberryPiPico/Pico/pico-sdk/src/rp2_common/hardware_watchdog/watchdog.c.obj
                0x100031d4                watchdog_update
 .text._watchdog_enable
                0x100031e8       0x78 CMakeFiles/mpu6050_calibration.dir/D_/RaspberryPiPico/Pico/pico-sdk/src/rp2_common/hardware_watchdog/watchdog.c.obj
                0x100031e8                _watchdog_enable
 .text.watchdog_reboot
                0x10003260       0x48 CMakeFiles/mpu6050_calibration.dir/D_/RaspberryPiPico/Pico/pico-sdk/src/rp2_common/hardware_watchdog/watchdog.c.obj
                0x10003260                watchdog_reboot
 .text.xosc_init
                0x100032a8       0x28 CMakeFiles/mpu6050_calibration.dir/D_/RaspberryPiPico/Pico/pico-sdk/src/rp2_common/hardware_xosc/xosc.c.obj
                0x100032a8                xosc_init
 .text._out_null
                0x100032d0        0x2 CMakeFiles/mpu6050_calibration.dir/D_/RaspberryPiPico/Pico/pico-sdk/src/rp2_common/pico_printf/printf.c.obj
 .text._out_fct
                0x100032d2        0xe CMakeFiles/mpu6050_calibration.dir/D_/RaspberryPiPico/Pico/pico-sdk/src/rp2_common/pico_printf/printf.c.obj
 .text._atoi    0x100032e0       0x24 CMakeFiles/mpu6050_calibration.dir/D_/RaspberryPiPico/Pico/pico-sdk/src/rp2_common/pico_printf/printf.c.obj
 .text._out_rev
                0x10003304       0xae CMakeFiles/mpu6050_calibration.dir/D_/RaspberryPiPico/Pico/pico-sdk/src/rp2_common/pico_printf/printf.c.obj
 .text._ntoa_format
                0x100033b2      0x112 CMakeFiles/mpu6050_calibration.dir/D_/RaspberryPiPico/Pico/pico-sdk/src/rp2_common/pico_printf/printf.c.obj
 .text._ntoa_long
                0x100034c4       0xbc CMakeFiles/mpu6050_calibration.dir/D_/RaspberryPiPico/Pico/pico-sdk/src/rp2_common/pico_printf/printf.c.obj
 .text._ntoa_long_long
                0x10003580       0xe2 CMakeFiles/mpu6050_calibration.dir/D_/RaspberryPiPico/Pico/pico-sdk/src/rp2_common/pico_printf/printf.c.obj
 *fill*         0x10003662        0x2 
 .text._etoa    0x10003664      0x414 CMakeFiles/mpu6050_calibration.dir/D_/RaspberryPiPico/Pico/pico-sdk/src/rp2_common/pico_printf/printf.c.obj
 .text._ftoa    0x10003a78      0x354 CMakeFiles/mpu6050_calibration.dir/D_/RaspberryPiPico/Pico/pico-sdk/src/rp2_common/pico_printf/printf.c.obj
 .text._vsnprintf
                0x10003dcc      0x624 CMakeFiles/mpu6050_calibration.dir/D_/RaspberryPiPico/Pico/pico-sdk/src/rp2_common/pico_printf/printf.c.obj
 .text.vfctprintf
                0x100043f0       0x20 CMakeFiles/mpu6050_calibration.dir/D_/RaspberryPiPico/Pico/pico-sdk/src/rp2_common/pico_printf/printf.c.obj
                0x100043f0                vfctprintf
 .text          0x10004410       0x10 CMakeFiles/mpu6050_calibration.dir/D_/RaspberryPiPico/Pico/pico-sdk/src/rp2_common/pico_bit_ops/bit_ops_aeabi.S.obj
 .text.rom_func_lookup
                0x10004420       0x10 CMakeFiles/mpu6050_calibration.dir/D_/RaspberryPiPico/Pico/pico-sdk/src/rp2_common/pico_bootrom/bootrom.c.obj
                0x10004420                rom_func_lookup
 .text.rom_data_lookup
                0x10004430       0x10 CMakeFiles/mpu6050_calibration.dir/D_/RaspberryPiPico/Pico/pico-sdk/src/rp2_common/pico_bootrom/bootrom.c.obj
                0x10004430                rom_data_lookup
 .text.rom_funcs_lookup
                0x10004440       0x36 CMakeFiles/mpu6050_calibration.dir/D_/RaspberryPiPico/Pico/pico-sdk/src/rp2_common/pico_bootrom/bootrom.c.obj
                0x10004440                rom_funcs_lookup
 *fill*         0x10004476        0x2 
 .text.__wrap___aeabi_idiv
                0x10004478       0x50 CMakeFiles/mpu6050_calibration.dir/D_/RaspberryPiPico/Pico/pico-sdk/src/rp2_common/pico_divider/divider.S.obj
                0x10004478                __wrap___aeabi_idivmod
                0x10004478                divmod_s32s32
                0x10004478                div_s32s32
                0x10004478                __wrap___aeabi_idiv
                0x10004480                divmod_s32s32_unsafe
                0x100044ac                divmod_s32s32_savestate
 .text.__wrap___aeabi_uidiv
                0x100044c8       0x4c CMakeFiles/mpu6050_calibration.dir/D_/RaspberryPiPico/Pico/pico-sdk/src/rp2_common/pico_divider/divider.S.obj
                0x100044c8                __wrap___aeabi_uidiv
                0x100044c8                __wrap___aeabi_uidivmod
                0x100044c8                div_u32u32
                0x100044c8                divmod_u32u32
                0x100044d0                divmod_u32u32_unsafe
                0x100044f8                divmod_u32u32_savestate
 .text.__wrap___aeabi_ldiv
                0x10004514      0x434 CMakeFiles/mpu6050_calibration.dir/D_/RaspberryPiPico/Pico/pico-sdk/src/rp2_common/pico_divider/divider.S.obj
                0x10004514                div_s64s64
                0x10004514                divmod_s64s64
                0x10004514                __wrap___aeabi_ldivmod
                0x1000454c                divmod_u64u64
                0x1000454c                div_u64u64
                0x1000454c                __wrap___aeabi_uldivmod
                0x1000455c                divmod_u64u64_savestate
                0x10004584                divmod_s64s64_unsafe
                0x1000460c                divmod_u64u64_unsafe
 .text.__wrap___aeabi_darithmetic
                0x10004948       0x80 CMakeFiles/mpu6050_calibration.dir/D_/RaspberryPiPico/Pico/pico-sdk/src/rp2_common/pico_double/double_aeabi.S.obj
                0x10004948                __wrap___aeabi_drsub
                0x1000494e                __wrap___aeabi_dsub
                0x10004960                __wrap___aeabi_dadd
                0x10004972                __wrap___aeabi_ddiv
                0x100049ae                __wrap___aeabi_dmul
 .text.__wrap___aeabi_cdcmple
                0x100049c8       0x6c CMakeFiles/mpu6050_calibration.dir/D_/RaspberryPiPico/Pico/pico-sdk/src/rp2_common/pico_double/double_aeabi.S.obj
                0x100049c8                __wrap___aeabi_cdrcmple
                0x100049d8                __wrap___aeabi_cdcmpeq
                0x100049d8                __wrap___aeabi_cdcmple
 .text.__wrap___aeabi_dcmplt
                0x10004a34        0xc CMakeFiles/mpu6050_calibration.dir/D_/RaspberryPiPico/Pico/pico-sdk/src/rp2_common/pico_double/double_aeabi.S.obj
                0x10004a34                __wrap___aeabi_dcmplt
 .text.__wrap___aeabi_dcmple
                0x10004a40       0x10 CMakeFiles/mpu6050_calibration.dir/D_/RaspberryPiPico/Pico/pico-sdk/src/rp2_common/pico_double/double_aeabi.S.obj
                0x10004a40                __wrap___aeabi_dcmple
 .text.__wrap___aeabi_dcmpge
                0x10004a50       0x10 CMakeFiles/mpu6050_calibration.dir/D_/RaspberryPiPico/Pico/pico-sdk/src/rp2_common/pico_double/double_aeabi.S.obj
                0x10004a50                __wrap___aeabi_dcmpge
 .text.__wrap___aeabi_dcmpgt
                0x10004a60        0xa CMakeFiles/mpu6050_calibration.dir/D_/RaspberryPiPico/Pico/pico-sdk/src/rp2_common/pico_double/double_aeabi.S.obj
                0x10004a60                __wrap___aeabi_dcmpgt
 .text.__wrap___aeabi_dcmpun
                0x10004a6a       0x1c CMakeFiles/mpu6050_calibration.dir/D_/RaspberryPiPico/Pico/pico-sdk/src/rp2_common/pico_double/double_aeabi.S.obj
                0x10004a6a                __wrap___aeabi_dcmpun
 *fill*         0x10004a86        0x2 
 .text.__wrap___aeabi_i2d
                0x10004a88       0x38 CMakeFiles/mpu6050_calibration.dir/D_/RaspberryPiPico/Pico/pico-sdk/src/rp2_common/pico_double/double_aeabi.S.obj
                0x10004a88                __wrap___aeabi_ui2d
                0x10004a90                __wrap___aeabi_i2d
 .text.__wrap___aeabi_d2iz
                0x10004ac0       0x48 CMakeFiles/mpu6050_calibration.dir/D_/RaspberryPiPico/Pico/pico-sdk/src/rp2_common/pico_double/double_aeabi.S.obj
                0x10004ac0                double2int_z
                0x10004ac0                __wrap___aeabi_d2iz
 .text.__wrap___aeabi_d2uiz
                0x10004b08       0x18 CMakeFiles/mpu6050_calibration.dir/D_/RaspberryPiPico/Pico/pico-sdk/src/rp2_common/pico_double/double_aeabi.S.obj
                0x10004b08                __wrap___aeabi_d2uiz
                0x10004b08                double2uint
 .text.__wrap___aeabi_d2f
                0x10004b20       0x18 CMakeFiles/mpu6050_calibration.dir/D_/RaspberryPiPico/Pico/pico-sdk/src/rp2_common/pico_double/double_aeabi.S.obj
                0x10004b20                __wrap___aeabi_d2f
 .text.__aeabi_double_init
                0x10004b38       0xc8 CMakeFiles/mpu6050_calibration.dir/D_/RaspberryPiPico/Pico/pico-sdk/src/rp2_common/pico_double/double_init_rom.c.obj
                0x10004b38                __aeabi_double_init
 .text.__wrap_round
                0x10004c00       0x9c CMakeFiles/mpu6050_calibration.dir/D_/RaspberryPiPico/Pico/pico-sdk/src/rp2_common/pico_double/double_math.c.obj
                0x10004c00                __wrap_round
 .text.double_table_shim_on_use_helper
                0x10004c9c       0x34 CMakeFiles/mpu6050_calibration.dir/D_/RaspberryPiPico/Pico/pico-sdk/src/rp2_common/pico_double/double_v1_rom_shim.S.obj
                0x10004c9c                double_table_shim_on_use_helper
 .text.__wrap___aeabi_dsub
                0x10004cd0       0x10 CMakeFiles/mpu6050_calibration.dir/D_/RaspberryPiPico/Pico/pico-sdk/src/rp2_common/pico_double/double_v1_rom_shim.S.obj
                0x10004cd0                drsub_shim
                0x10004cd6                dsub_shim
 .text.dadd_shim
                0x10004ce0      0x15c CMakeFiles/mpu6050_calibration.dir/D_/RaspberryPiPico/Pico/pico-sdk/src/rp2_common/pico_double/double_v1_rom_shim.S.obj
                0x10004ce0                dadd_shim
 .text.dmul_shim
                0x10004e3c      0x15c CMakeFiles/mpu6050_calibration.dir/D_/RaspberryPiPico/Pico/pico-sdk/src/rp2_common/pico_double/double_v1_rom_shim.S.obj
                0x10004e3c                dmul_shim
 .text.ddiv_shim
                0x10004f98      0x1b0 CMakeFiles/mpu6050_calibration.dir/D_/RaspberryPiPico/Pico/pico-sdk/src/rp2_common/pico_double/double_v1_rom_shim.S.obj
                0x10004f98                ddiv_shim
 .text.double2uint_shim
                0x10005148        0xe CMakeFiles/mpu6050_calibration.dir/D_/RaspberryPiPico/Pico/pico-sdk/src/rp2_common/pico_double/double_v1_rom_shim.S.obj
                0x10005148                double2uint_shim
                0x1000514a                double2ufix_shim
 *fill*         0x10005156        0x2 
 .text.double2uint64_shim
                0x10005158       0x70 CMakeFiles/mpu6050_calibration.dir/D_/RaspberryPiPico/Pico/pico-sdk/src/rp2_common/pico_double/double_v1_rom_shim.S.obj
                0x10005158                double2uint64_shim
                0x1000515a                double2ufix64_shim
                0x1000517a                d2fix_a
 .text.double2float_shim
                0x100051c8       0x5c CMakeFiles/mpu6050_calibration.dir/D_/RaspberryPiPico/Pico/pico-sdk/src/rp2_common/pico_double/double_v1_rom_shim.S.obj
                0x100051c8                double2float_shim
 .text.dunpacks
                0x10005224       0x3c CMakeFiles/mpu6050_calibration.dir/D_/RaspberryPiPico/Pico/pico-sdk/src/rp2_common/pico_double/double_v1_rom_shim.S.obj
                0x10005224                dunpacks
 .text.__aeabi_lmul
                0x10005260       0x32 CMakeFiles/mpu6050_calibration.dir/D_/RaspberryPiPico/Pico/pico-sdk/src/rp2_common/pico_int64_ops/pico_int64_ops_aeabi.S.obj
                0x10005260                __wrap___aeabi_lmul
 *fill*         0x10005292        0x2 
 .text.__wrap___aeabi_farithmetic
                0x10005294       0x58 CMakeFiles/mpu6050_calibration.dir/D_/RaspberryPiPico/Pico/pico-sdk/src/rp2_common/pico_float/float_aeabi.S.obj
                0x10005294                __wrap___aeabi_frsub
                0x1000529a                __wrap___aeabi_fsub
                0x100052a4                __wrap___aeabi_fadd
                0x100052ae                __wrap___aeabi_fdiv
                0x100052da                __wrap___aeabi_fmul
 .text.__wrap___aeabi_i2f
                0x100052ec       0x44 CMakeFiles/mpu6050_calibration.dir/D_/RaspberryPiPico/Pico/pico-sdk/src/rp2_common/pico_float/float_aeabi.S.obj
                0x100052ec                __wrap___aeabi_i2f
 .text.__wrap___aeabi_f2iz
                0x10005330       0x4e CMakeFiles/mpu6050_calibration.dir/D_/RaspberryPiPico/Pico/pico-sdk/src/rp2_common/pico_float/float_aeabi.S.obj
                0x10005330                float2int_z
                0x10005330                __wrap___aeabi_f2iz
 *fill*         0x1000537e        0x2 
 .text.float2int
                0x10005380       0x14 CMakeFiles/mpu6050_calibration.dir/D_/RaspberryPiPico/Pico/pico-sdk/src/rp2_common/pico_float/float_aeabi.S.obj
                0x10005380                float2int
 .text.__wrap___aeabi_f2uiz
                0x10005394       0x10 CMakeFiles/mpu6050_calibration.dir/D_/RaspberryPiPico/Pico/pico-sdk/src/rp2_common/pico_float/float_aeabi.S.obj
                0x10005394                __wrap___aeabi_f2uiz
 .text.__wrap___aeabi_f2d
                0x100053a4       0x14 CMakeFiles/mpu6050_calibration.dir/D_/RaspberryPiPico/Pico/pico-sdk/src/rp2_common/pico_float/float_aeabi.S.obj
                0x100053a4                __wrap___aeabi_f2d
 .text.__aeabi_float_init
                0x100053b8       0xfc CMakeFiles/mpu6050_calibration.dir/D_/RaspberryPiPico/Pico/pico-sdk/src/rp2_common/pico_float/float_init_rom.c.obj
                0x100053b8                __aeabi_float_init
 .text.float_table_shim_on_use_helper
                0x100054b4       0x34 CMakeFiles/mpu6050_calibration.dir/D_/RaspberryPiPico/Pico/pico-sdk/src/rp2_common/pico_float/float_v1_rom_shim.S.obj
                0x100054b4                float_table_shim_on_use_helper
 .text.float232_shims
                0x100054e8       0x18 CMakeFiles/mpu6050_calibration.dir/D_/RaspberryPiPico/Pico/pico-sdk/src/rp2_common/pico_float/float_v1_rom_shim.S.obj
                0x100054e8                float2int_shim
                0x100054ea                float2fix_shim
 .text.float2double_shim
                0x10005500       0x30 CMakeFiles/mpu6050_calibration.dir/D_/RaspberryPiPico/Pico/pico-sdk/src/rp2_common/pico_float/float_v1_rom_shim.S.obj
                0x10005500                float2double_shim
 .text          0x10005530       0x10 CMakeFiles/mpu6050_calibration.dir/D_/RaspberryPiPico/Pico/pico-sdk/src/rp2_common/pico_mem_ops/mem_ops_aeabi.S.obj
                0x10005530                __aeabi_mem_init
 .text.memset   0x10005540        0xc CMakeFiles/mpu6050_calibration.dir/D_/RaspberryPiPico/Pico/pico-sdk/src/rp2_common/pico_mem_ops/mem_ops_aeabi.S.obj
                0x10005540                __wrap_memset
 .text.memcpy   0x1000554c        0xc CMakeFiles/mpu6050_calibration.dir/D_/RaspberryPiPico/Pico/pico-sdk/src/rp2_common/pico_mem_ops/mem_ops_aeabi.S.obj
                0x1000554c                __wrap_memcpy
                0x1000554c                __wrap___aeabi_memcpy
 .text.stdio_out_chars_no_crlf
                0x10005558        0xe CMakeFiles/mpu6050_calibration.dir/D_/RaspberryPiPico/Pico/pico-sdk/src/rp2_common/pico_stdio/stdio.c.obj
 *fill*         0x10005566        0x2 
 .text.stdio_out_chars_crlf
                0x10005568       0x80 CMakeFiles/mpu6050_calibration.dir/D_/RaspberryPiPico/Pico/pico-sdk/src/rp2_common/pico_stdio/stdio.c.obj
 .text.stdio_stack_buffer_flush
                0x100055e8       0x44 CMakeFiles/mpu6050_calibration.dir/D_/RaspberryPiPico/Pico/pico-sdk/src/rp2_common/pico_stdio/stdio.c.obj
 .text.stdio_buffered_printer
                0x1000562c       0x20 CMakeFiles/mpu6050_calibration.dir/D_/RaspberryPiPico/Pico/pico-sdk/src/rp2_common/pico_stdio/stdio.c.obj
 .text.stdout_serialize_begin
                0x1000564c       0x30 CMakeFiles/mpu6050_calibration.dir/D_/RaspberryPiPico/Pico/pico-sdk/src/rp2_common/pico_stdio/stdio.c.obj
                0x1000564c                stdout_serialize_begin
 .text.stdout_serialize_end
                0x1000567c       0x10 CMakeFiles/mpu6050_calibration.dir/D_/RaspberryPiPico/Pico/pico-sdk/src/rp2_common/pico_stdio/stdio.c.obj
                0x1000567c                stdout_serialize_end
 .text.stdio_put_string
                0x1000568c       0x98 CMakeFiles/mpu6050_calibration.dir/D_/RaspberryPiPico/Pico/pico-sdk/src/rp2_common/pico_stdio/stdio.c.obj
 .text.__wrap_putchar
                0x10005724       0x1c CMakeFiles/mpu6050_calibration.dir/D_/RaspberryPiPico/Pico/pico-sdk/src/rp2_common/pico_stdio/stdio.c.obj
                0x10005724                __wrap_putchar
 .text.stdio_set_driver_enabled
                0x10005740       0x2c CMakeFiles/mpu6050_calibration.dir/D_/RaspberryPiPico/Pico/pico-sdk/src/rp2_common/pico_stdio/stdio.c.obj
                0x10005740                stdio_set_driver_enabled
 .text.stdio_flush
                0x1000576c       0x20 CMakeFiles/mpu6050_calibration.dir/D_/RaspberryPiPico/Pico/pico-sdk/src/rp2_common/pico_stdio/stdio.c.obj
                0x1000576c                stdio_flush
 .text.__wrap_puts
                0x1000578c       0x1e CMakeFiles/mpu6050_calibration.dir/D_/RaspberryPiPico/Pico/pico-sdk/src/rp2_common/pico_stdio/stdio.c.obj
                0x1000578c                __wrap_puts
 *fill*         0x100057aa        0x2 
 .text.__wrap_vprintf
                0x100057ac       0x44 CMakeFiles/mpu6050_calibration.dir/D_/RaspberryPiPico/Pico/pico-sdk/src/rp2_common/pico_stdio/stdio.c.obj
                0x100057ac                __wrap_vprintf
 .text.__wrap_printf
                0x100057f0       0x18 CMakeFiles/mpu6050_calibration.dir/D_/RaspberryPiPico/Pico/pico-sdk/src/rp2_common/pico_stdio/stdio.c.obj
                0x100057f0                __wrap_printf
 .text.stdio_init_all
                0x10005808        0x8 CMakeFiles/mpu6050_calibration.dir/D_/RaspberryPiPico/Pico/pico-sdk/src/rp2_common/pico_stdio/stdio.c.obj
                0x10005808                stdio_init_all
 .text.resetd_init
                0x10005810        0x2 CMakeFiles/mpu6050_calibration.dir/D_/RaspberryPiPico/Pico/pico-sdk/src/rp2_common/pico_stdio_usb/reset_interface.c.obj
 *fill*         0x10005812        0x2 
 .text.resetd_reset
                0x10005814        0xc CMakeFiles/mpu6050_calibration.dir/D_/RaspberryPiPico/Pico/pico-sdk/src/rp2_common/pico_stdio_usb/reset_interface.c.obj
 .text.resetd_open
                0x10005820       0x34 CMakeFiles/mpu6050_calibration.dir/D_/RaspberryPiPico/Pico/pico-sdk/src/rp2_common/pico_stdio_usb/reset_interface.c.obj
 .text.resetd_xfer_cb
                0x10005854        0x4 CMakeFiles/mpu6050_calibration.dir/D_/RaspberryPiPico/Pico/pico-sdk/src/rp2_common/pico_stdio_usb/reset_interface.c.obj
 .text.reset_usb_boot
                0x10005858       0x18 CMakeFiles/mpu6050_calibration.dir/D_/RaspberryPiPico/Pico/pico-sdk/src/rp2_common/pico_stdio_usb/reset_interface.c.obj
 .text.resetd_control_xfer_cb
                0x10005870       0x5c CMakeFiles/mpu6050_calibration.dir/D_/RaspberryPiPico/Pico/pico-sdk/src/rp2_common/pico_stdio_usb/reset_interface.c.obj
 .text.usbd_app_driver_get_cb
                0x100058cc        0xc CMakeFiles/mpu6050_calibration.dir/D_/RaspberryPiPico/Pico/pico-sdk/src/rp2_common/pico_stdio_usb/reset_interface.c.obj
                0x100058cc                usbd_app_driver_get_cb
 .text.tud_cdc_line_coding_cb
                0x100058d8       0x28 CMakeFiles/mpu6050_calibration.dir/D_/RaspberryPiPico/Pico/pico-sdk/src/rp2_common/pico_stdio_usb/reset_interface.c.obj
                0x100058d8                tud_cdc_line_coding_cb
 .text.stdio_usb_in_chars
                0x10005900       0x70 CMakeFiles/mpu6050_calibration.dir/D_/RaspberryPiPico/Pico/pico-sdk/src/rp2_common/pico_stdio_usb/stdio_usb.c.obj
                0x10005900                stdio_usb_in_chars
 .text.low_priority_worker_irq
                0x10005970       0x20 CMakeFiles/mpu6050_calibration.dir/D_/RaspberryPiPico/Pico/pico-sdk/src/rp2_common/pico_stdio_usb/stdio_usb.c.obj
 .text.stdio_usb_out_chars
                0x10005990       0xd4 CMakeFiles/mpu6050_calibration.dir/D_/RaspberryPiPico/Pico/pico-sdk/src/rp2_common/pico_stdio_usb/stdio_usb.c.obj
 .text.timer_task
                0x10005a64       0x40 CMakeFiles/mpu6050_calibration.dir/D_/RaspberryPiPico/Pico/pico-sdk/src/rp2_common/pico_stdio_usb/stdio_usb.c.obj
 .text.usb_irq  0x10005aa4       0x10 CMakeFiles/mpu6050_calibration.dir/D_/RaspberryPiPico/Pico/pico-sdk/src/rp2_common/pico_stdio_usb/stdio_usb.c.obj
 .text.stdio_usb_init
                0x10005ab4       0xec CMakeFiles/mpu6050_calibration.dir/D_/RaspberryPiPico/Pico/pico-sdk/src/rp2_common/pico_stdio_usb/stdio_usb.c.obj
                0x10005ab4                stdio_usb_init
 .text.stdio_usb_connected
                0x10005ba0        0xa CMakeFiles/mpu6050_calibration.dir/D_/RaspberryPiPico/Pico/pico-sdk/src/rp2_common/pico_stdio_usb/stdio_usb.c.obj
                0x10005ba0                stdio_usb_connected
 *fill*         0x10005baa        0x2 
 .text.tud_descriptor_device_cb
                0x10005bac        0x8 CMakeFiles/mpu6050_calibration.dir/D_/RaspberryPiPico/Pico/pico-sdk/src/rp2_common/pico_stdio_usb/stdio_usb_descriptors.c.obj
                0x10005bac                tud_descriptor_device_cb
 .text.tud_descriptor_configuration_cb
                0x10005bb4        0x8 CMakeFiles/mpu6050_calibration.dir/D_/RaspberryPiPico/Pico/pico-sdk/src/rp2_common/pico_stdio_usb/stdio_usb_descriptors.c.obj
                0x10005bb4                tud_descriptor_configuration_cb
 .text.tud_descriptor_string_cb
                0x10005bbc       0x6c CMakeFiles/mpu6050_calibration.dir/D_/RaspberryPiPico/Pico/pico-sdk/src/rp2_common/pico_stdio_usb/stdio_usb_descriptors.c.obj
                0x10005bbc                tud_descriptor_string_cb
 .text.hw_endpoint_get_by_addr
                0x10005c28       0x18 CMakeFiles/mpu6050_calibration.dir/D_/RaspberryPiPico/Pico/pico-sdk/lib/tinyusb/src/portable/raspberrypi/rp2040/dcd_rp2040.c.obj
 .text.reset_ep0_pid
                0x10005c40       0x28 CMakeFiles/mpu6050_calibration.dir/D_/RaspberryPiPico/Pico/pico-sdk/lib/tinyusb/src/portable/raspberrypi/rp2040/dcd_rp2040.c.obj
 .text._hw_endpoint_alloc
                0x10005c68       0x70 CMakeFiles/mpu6050_calibration.dir/D_/RaspberryPiPico/Pico/pico-sdk/lib/tinyusb/src/portable/raspberrypi/rp2040/dcd_rp2040.c.obj
 .text.hw_endpoint_init
                0x10005cd8       0x88 CMakeFiles/mpu6050_calibration.dir/D_/RaspberryPiPico/Pico/pico-sdk/lib/tinyusb/src/portable/raspberrypi/rp2040/dcd_rp2040.c.obj
 .text.reset_non_control_endpoints
                0x10005d60       0x40 CMakeFiles/mpu6050_calibration.dir/D_/RaspberryPiPico/Pico/pico-sdk/lib/tinyusb/src/portable/raspberrypi/rp2040/dcd_rp2040.c.obj
 .text.hw_handle_buff_status
                0x10005da0       0x8c CMakeFiles/mpu6050_calibration.dir/D_/RaspberryPiPico/Pico/pico-sdk/lib/tinyusb/src/portable/raspberrypi/rp2040/dcd_rp2040.c.obj
 .text.dcd_rp2040_irq
                0x10005e2c       0xc0 CMakeFiles/mpu6050_calibration.dir/D_/RaspberryPiPico/Pico/pico-sdk/lib/tinyusb/src/portable/raspberrypi/rp2040/dcd_rp2040.c.obj
 .text.hw_endpoint_xfer
                0x10005eec       0x14 CMakeFiles/mpu6050_calibration.dir/D_/RaspberryPiPico/Pico/pico-sdk/lib/tinyusb/src/portable/raspberrypi/rp2040/dcd_rp2040.c.obj
 .text.dcd_int_enable
                0x10005f00       0x2c CMakeFiles/mpu6050_calibration.dir/D_/RaspberryPiPico/Pico/pico-sdk/lib/tinyusb/src/portable/raspberrypi/rp2040/dcd_rp2040.c.obj
                0x10005f00                dcd_int_enable
 .text.dcd_set_address
                0x10005f2c       0x2c CMakeFiles/mpu6050_calibration.dir/D_/RaspberryPiPico/Pico/pico-sdk/lib/tinyusb/src/portable/raspberrypi/rp2040/dcd_rp2040.c.obj
                0x10005f2c                dcd_set_address
 .text.dcd_connect
                0x10005f58       0x10 CMakeFiles/mpu6050_calibration.dir/D_/RaspberryPiPico/Pico/pico-sdk/lib/tinyusb/src/portable/raspberrypi/rp2040/dcd_rp2040.c.obj
                0x10005f58                dcd_connect
 .text.dcd_init
                0x10005f68       0x7c CMakeFiles/mpu6050_calibration.dir/D_/RaspberryPiPico/Pico/pico-sdk/lib/tinyusb/src/portable/raspberrypi/rp2040/dcd_rp2040.c.obj
                0x10005f68                dcd_init
 .text.dcd_edpt0_status_complete
                0x10005fe4       0x1c CMakeFiles/mpu6050_calibration.dir/D_/RaspberryPiPico/Pico/pico-sdk/lib/tinyusb/src/portable/raspberrypi/rp2040/dcd_rp2040.c.obj
                0x10005fe4                dcd_edpt0_status_complete
 .text.dcd_edpt_open
                0x10006000       0x40 CMakeFiles/mpu6050_calibration.dir/D_/RaspberryPiPico/Pico/pico-sdk/lib/tinyusb/src/portable/raspberrypi/rp2040/dcd_rp2040.c.obj
                0x10006000                dcd_edpt_open
 .text.dcd_edpt_close_all
                0x10006040        0x8 CMakeFiles/mpu6050_calibration.dir/D_/RaspberryPiPico/Pico/pico-sdk/lib/tinyusb/src/portable/raspberrypi/rp2040/dcd_rp2040.c.obj
                0x10006040                dcd_edpt_close_all
 .text.dcd_edpt_xfer
                0x10006048       0x30 CMakeFiles/mpu6050_calibration.dir/D_/RaspberryPiPico/Pico/pico-sdk/lib/tinyusb/src/portable/raspberrypi/rp2040/dcd_rp2040.c.obj
                0x10006048                dcd_edpt_xfer
 .text.dcd_edpt_stall
                0x10006078       0x2c CMakeFiles/mpu6050_calibration.dir/D_/RaspberryPiPico/Pico/pico-sdk/lib/tinyusb/src/portable/raspberrypi/rp2040/dcd_rp2040.c.obj
                0x10006078                dcd_edpt_stall
 .text.dcd_edpt_clear_stall
                0x100060a4       0x20 CMakeFiles/mpu6050_calibration.dir/D_/RaspberryPiPico/Pico/pico-sdk/lib/tinyusb/src/portable/raspberrypi/rp2040/dcd_rp2040.c.obj
                0x100060a4                dcd_edpt_clear_stall
 .text.prepare_ep_buffer
                0x100060c4       0x70 CMakeFiles/mpu6050_calibration.dir/D_/RaspberryPiPico/Pico/pico-sdk/lib/tinyusb/src/portable/raspberrypi/rp2040/rp2040_usb.c.obj
 .text.sync_ep_buffer
                0x10006134       0x7c CMakeFiles/mpu6050_calibration.dir/D_/RaspberryPiPico/Pico/pico-sdk/lib/tinyusb/src/portable/raspberrypi/rp2040/rp2040_usb.c.obj
 .text._hw_endpoint_xfer_sync
                0x100061b0       0x28 CMakeFiles/mpu6050_calibration.dir/D_/RaspberryPiPico/Pico/pico-sdk/lib/tinyusb/src/portable/raspberrypi/rp2040/rp2040_usb.c.obj
 .text.rp2040_usb_init
                0x100061d8       0x4c CMakeFiles/mpu6050_calibration.dir/D_/RaspberryPiPico/Pico/pico-sdk/lib/tinyusb/src/portable/raspberrypi/rp2040/rp2040_usb.c.obj
                0x100061d8                rp2040_usb_init
 .text.hw_endpoint_reset_transfer
                0x10006224        0xc CMakeFiles/mpu6050_calibration.dir/D_/RaspberryPiPico/Pico/pico-sdk/lib/tinyusb/src/portable/raspberrypi/rp2040/rp2040_usb.c.obj
                0x10006224                hw_endpoint_reset_transfer
 .text._hw_endpoint_buffer_control_update32
                0x10006230       0x58 CMakeFiles/mpu6050_calibration.dir/D_/RaspberryPiPico/Pico/pico-sdk/lib/tinyusb/src/portable/raspberrypi/rp2040/rp2040_usb.c.obj
                0x10006230                _hw_endpoint_buffer_control_update32
 .text._hw_endpoint_start_next_buffer
                0x10006288       0x74 CMakeFiles/mpu6050_calibration.dir/D_/RaspberryPiPico/Pico/pico-sdk/lib/tinyusb/src/portable/raspberrypi/rp2040/rp2040_usb.c.obj
 .text.hw_endpoint_xfer_start
                0x100062fc       0x48 CMakeFiles/mpu6050_calibration.dir/D_/RaspberryPiPico/Pico/pico-sdk/lib/tinyusb/src/portable/raspberrypi/rp2040/rp2040_usb.c.obj
                0x100062fc                hw_endpoint_xfer_start
 .text.hw_endpoint_xfer_continue
                0x10006344       0x38 CMakeFiles/mpu6050_calibration.dir/D_/RaspberryPiPico/Pico/pico-sdk/lib/tinyusb/src/portable/raspberrypi/rp2040/rp2040_usb.c.obj
                0x10006344                hw_endpoint_xfer_continue
 .text.configuration_reset
                0x1000637c       0x84 CMakeFiles/mpu6050_calibration.dir/D_/RaspberryPiPico/Pico/pico-sdk/lib/tinyusb/src/device/usbd.c.obj
 .text.usbd_reset
                0x10006400        0xc CMakeFiles/mpu6050_calibration.dir/D_/RaspberryPiPico/Pico/pico-sdk/lib/tinyusb/src/device/usbd.c.obj
 .text.invoke_class_control
                0x1000640c       0x1a CMakeFiles/mpu6050_calibration.dir/D_/RaspberryPiPico/Pico/pico-sdk/lib/tinyusb/src/device/usbd.c.obj
 *fill*         0x10006426        0x2 
 .text.process_set_config
                0x10006428      0x1b0 CMakeFiles/mpu6050_calibration.dir/D_/RaspberryPiPico/Pico/pico-sdk/lib/tinyusb/src/device/usbd.c.obj
 .text.process_get_descriptor
                0x100065d8       0xec CMakeFiles/mpu6050_calibration.dir/D_/RaspberryPiPico/Pico/pico-sdk/lib/tinyusb/src/device/usbd.c.obj
 .text.tud_mounted
                0x100066c4       0x10 CMakeFiles/mpu6050_calibration.dir/D_/RaspberryPiPico/Pico/pico-sdk/lib/tinyusb/src/device/usbd.c.obj
                0x100066c4                tud_mounted
 .text.tud_suspended
                0x100066d4       0x10 CMakeFiles/mpu6050_calibration.dir/D_/RaspberryPiPico/Pico/pico-sdk/lib/tinyusb/src/device/usbd.c.obj
                0x100066d4                tud_suspended
 .text.tud_inited
                0x100066e4        0xc CMakeFiles/mpu6050_calibration.dir/D_/RaspberryPiPico/Pico/pico-sdk/lib/tinyusb/src/device/usbd.c.obj
                0x100066e4                tud_inited
 .text.tud_init
                0x100066f0       0xcc CMakeFiles/mpu6050_calibration.dir/D_/RaspberryPiPico/Pico/pico-sdk/lib/tinyusb/src/device/usbd.c.obj
                0x100066f0                tud_init
 .text.dcd_event_handler
                0x100067bc      0x1e0 CMakeFiles/mpu6050_calibration.dir/D_/RaspberryPiPico/Pico/pico-sdk/lib/tinyusb/src/device/usbd.c.obj
                0x100067bc                dcd_event_handler
 .text.dcd_event_bus_signal
                0x1000699c       0x26 CMakeFiles/mpu6050_calibration.dir/D_/RaspberryPiPico/Pico/pico-sdk/lib/tinyusb/src/device/usbd.c.obj
                0x1000699c                dcd_event_bus_signal
 .text.dcd_event_bus_reset
                0x100069c2       0x2a CMakeFiles/mpu6050_calibration.dir/D_/RaspberryPiPico/Pico/pico-sdk/lib/tinyusb/src/device/usbd.c.obj
                0x100069c2                dcd_event_bus_reset
 .text.dcd_event_setup_received
                0x100069ec       0x34 CMakeFiles/mpu6050_calibration.dir/D_/RaspberryPiPico/Pico/pico-sdk/lib/tinyusb/src/device/usbd.c.obj
                0x100069ec                dcd_event_setup_received
 .text.dcd_event_xfer_complete
                0x10006a20       0x44 CMakeFiles/mpu6050_calibration.dir/D_/RaspberryPiPico/Pico/pico-sdk/lib/tinyusb/src/device/usbd.c.obj
                0x10006a20                dcd_event_xfer_complete
 .text.usbd_edpt_open
                0x10006a64       0x58 CMakeFiles/mpu6050_calibration.dir/D_/RaspberryPiPico/Pico/pico-sdk/lib/tinyusb/src/device/usbd.c.obj
                0x10006a64                usbd_edpt_open
 .text.usbd_open_edpt_pair
                0x10006abc       0x8c CMakeFiles/mpu6050_calibration.dir/D_/RaspberryPiPico/Pico/pico-sdk/lib/tinyusb/src/device/usbd.c.obj
                0x10006abc                usbd_open_edpt_pair
 .text.usbd_edpt_claim
                0x10006b48       0x8c CMakeFiles/mpu6050_calibration.dir/D_/RaspberryPiPico/Pico/pico-sdk/lib/tinyusb/src/device/usbd.c.obj
                0x10006b48                usbd_edpt_claim
 .text.usbd_edpt_release
                0x10006bd4       0x68 CMakeFiles/mpu6050_calibration.dir/D_/RaspberryPiPico/Pico/pico-sdk/lib/tinyusb/src/device/usbd.c.obj
                0x10006bd4                usbd_edpt_release
 .text.usbd_edpt_xfer
                0x10006c3c       0x80 CMakeFiles/mpu6050_calibration.dir/D_/RaspberryPiPico/Pico/pico-sdk/lib/tinyusb/src/device/usbd.c.obj
                0x10006c3c                usbd_edpt_xfer
 .text.usbd_edpt_stall
                0x10006cbc       0x40 CMakeFiles/mpu6050_calibration.dir/D_/RaspberryPiPico/Pico/pico-sdk/lib/tinyusb/src/device/usbd.c.obj
                0x10006cbc                usbd_edpt_stall
 .text.usbd_edpt_clear_stall
                0x10006cfc       0x40 CMakeFiles/mpu6050_calibration.dir/D_/RaspberryPiPico/Pico/pico-sdk/lib/tinyusb/src/device/usbd.c.obj
                0x10006cfc                usbd_edpt_clear_stall
 .text.usbd_edpt_stalled
                0x10006d3c       0x1c CMakeFiles/mpu6050_calibration.dir/D_/RaspberryPiPico/Pico/pico-sdk/lib/tinyusb/src/device/usbd.c.obj
                0x10006d3c                usbd_edpt_stalled
 .text.process_control_request
                0x10006d58      0x3b8 CMakeFiles/mpu6050_calibration.dir/D_/RaspberryPiPico/Pico/pico-sdk/lib/tinyusb/src/device/usbd.c.obj
 .text.tud_task
                0x10007110      0x218 CMakeFiles/mpu6050_calibration.dir/D_/RaspberryPiPico/Pico/pico-sdk/lib/tinyusb/src/device/usbd.c.obj
                0x10007110                tud_task
 .text._data_stage_xact
                0x10007328       0x58 CMakeFiles/mpu6050_calibration.dir/D_/RaspberryPiPico/Pico/pico-sdk/lib/tinyusb/src/device/usbd_control.c.obj
 .text.tud_control_status
                0x10007380       0x38 CMakeFiles/mpu6050_calibration.dir/D_/RaspberryPiPico/Pico/pico-sdk/lib/tinyusb/src/device/usbd_control.c.obj
                0x10007380                tud_control_status
 .text.tud_control_xfer
                0x100073b8       0xa8 CMakeFiles/mpu6050_calibration.dir/D_/RaspberryPiPico/Pico/pico-sdk/lib/tinyusb/src/device/usbd_control.c.obj
                0x100073b8                tud_control_xfer
 .text.usbd_control_reset
                0x10007460       0x14 CMakeFiles/mpu6050_calibration.dir/D_/RaspberryPiPico/Pico/pico-sdk/lib/tinyusb/src/device/usbd_control.c.obj
                0x10007460                usbd_control_reset
 .text.usbd_control_set_complete_callback
                0x10007474        0xc CMakeFiles/mpu6050_calibration.dir/D_/RaspberryPiPico/Pico/pico-sdk/lib/tinyusb/src/device/usbd_control.c.obj
                0x10007474                usbd_control_set_complete_callback
 .text.usbd_control_set_request
                0x10007480       0x1c CMakeFiles/mpu6050_calibration.dir/D_/RaspberryPiPico/Pico/pico-sdk/lib/tinyusb/src/device/usbd_control.c.obj
                0x10007480                usbd_control_set_request
 .text.usbd_control_xfer_cb
                0x1000749c       0xfc CMakeFiles/mpu6050_calibration.dir/D_/RaspberryPiPico/Pico/pico-sdk/lib/tinyusb/src/device/usbd_control.c.obj
                0x1000749c                usbd_control_xfer_cb
 .text._prep_out_transaction
                0x10007598       0x46 CMakeFiles/mpu6050_calibration.dir/D_/RaspberryPiPico/Pico/pico-sdk/lib/tinyusb/src/class/cdc/cdc_device.c.obj
 *fill*         0x100075de        0x2 
 .text.tud_cdc_n_connected
                0x100075e0       0x44 CMakeFiles/mpu6050_calibration.dir/D_/RaspberryPiPico/Pico/pico-sdk/lib/tinyusb/src/class/cdc/cdc_device.c.obj
                0x100075e0                tud_cdc_n_connected
 .text.tud_cdc_n_available
                0x10007624       0x18 CMakeFiles/mpu6050_calibration.dir/D_/RaspberryPiPico/Pico/pico-sdk/lib/tinyusb/src/class/cdc/cdc_device.c.obj
                0x10007624                tud_cdc_n_available
 .text.tud_cdc_n_read
                0x1000763c       0x28 CMakeFiles/mpu6050_calibration.dir/D_/RaspberryPiPico/Pico/pico-sdk/lib/tinyusb/src/class/cdc/cdc_device.c.obj
                0x1000763c                tud_cdc_n_read
 .text.tud_cdc_n_write_flush
                0x10007664       0xcc CMakeFiles/mpu6050_calibration.dir/D_/RaspberryPiPico/Pico/pico-sdk/lib/tinyusb/src/class/cdc/cdc_device.c.obj
                0x10007664                tud_cdc_n_write_flush
 .text.tud_cdc_n_write
                0x10007730       0x38 CMakeFiles/mpu6050_calibration.dir/D_/RaspberryPiPico/Pico/pico-sdk/lib/tinyusb/src/class/cdc/cdc_device.c.obj
                0x10007730                tud_cdc_n_write
 .text.tud_cdc_n_write_available
                0x10007768       0x1c CMakeFiles/mpu6050_calibration.dir/D_/RaspberryPiPico/Pico/pico-sdk/lib/tinyusb/src/class/cdc/cdc_device.c.obj
                0x10007768                tud_cdc_n_write_available
 .text.cdcd_init
                0x10007784       0xbc CMakeFiles/mpu6050_calibration.dir/D_/RaspberryPiPico/Pico/pico-sdk/lib/tinyusb/src/class/cdc/cdc_device.c.obj
                0x10007784                cdcd_init
 .text.cdcd_reset
                0x10007840       0x44 CMakeFiles/mpu6050_calibration.dir/D_/RaspberryPiPico/Pico/pico-sdk/lib/tinyusb/src/class/cdc/cdc_device.c.obj
                0x10007840                cdcd_reset
 .text.cdcd_open
                0x10007884       0xf8 CMakeFiles/mpu6050_calibration.dir/D_/RaspberryPiPico/Pico/pico-sdk/lib/tinyusb/src/class/cdc/cdc_device.c.obj
                0x10007884                cdcd_open
 .text.cdcd_control_xfer_cb
                0x1000797c      0x134 CMakeFiles/mpu6050_calibration.dir/D_/RaspberryPiPico/Pico/pico-sdk/lib/tinyusb/src/class/cdc/cdc_device.c.obj
                0x1000797c                cdcd_control_xfer_cb
 .text.cdcd_xfer_cb
                0x10007ab0      0x144 CMakeFiles/mpu6050_calibration.dir/D_/RaspberryPiPico/Pico/pico-sdk/lib/tinyusb/src/class/cdc/cdc_device.c.obj
                0x10007ab0                cdcd_xfer_cb
 .text.tusb_init
                0x10007bf4       0x24 CMakeFiles/mpu6050_calibration.dir/D_/RaspberryPiPico/Pico/pico-sdk/lib/tinyusb/src/tusb.c.obj
                0x10007bf4                tusb_init
 .text.tusb_inited
                0x10007c18        0xe CMakeFiles/mpu6050_calibration.dir/D_/RaspberryPiPico/Pico/pico-sdk/lib/tinyusb/src/tusb.c.obj
                0x10007c18                tusb_inited
 *fill*         0x10007c26        0x2 
 .text.tu_edpt_validate
                0x10007c28       0xa8 CMakeFiles/mpu6050_calibration.dir/D_/RaspberryPiPico/Pico/pico-sdk/lib/tinyusb/src/tusb.c.obj
                0x10007c28                tu_edpt_validate
 .text.tu_edpt_bind_driver
                0x10007cd0       0x2a CMakeFiles/mpu6050_calibration.dir/D_/RaspberryPiPico/Pico/pico-sdk/lib/tinyusb/src/tusb.c.obj
                0x10007cd0                tu_edpt_bind_driver
 .text.advance_pointer
                0x10007cfa       0x18 CMakeFiles/mpu6050_calibration.dir/D_/RaspberryPiPico/Pico/pico-sdk/lib/tinyusb/src/common/tusb_fifo.c.obj
 .text.backward_pointer
                0x10007d12       0x1e CMakeFiles/mpu6050_calibration.dir/D_/RaspberryPiPico/Pico/pico-sdk/lib/tinyusb/src/common/tusb_fifo.c.obj
 .text.get_relative_pointer
                0x10007d30       0x10 CMakeFiles/mpu6050_calibration.dir/D_/RaspberryPiPico/Pico/pico-sdk/lib/tinyusb/src/common/tusb_fifo.c.obj
 .text._tu_fifo_peek
                0x10007d40       0x50 CMakeFiles/mpu6050_calibration.dir/D_/RaspberryPiPico/Pico/pico-sdk/lib/tinyusb/src/common/tusb_fifo.c.obj
 .text._ff_pull_const_addr
                0x10007d90       0x4c CMakeFiles/mpu6050_calibration.dir/D_/RaspberryPiPico/Pico/pico-sdk/lib/tinyusb/src/common/tusb_fifo.c.obj
 .text._ff_pull_n
                0x10007ddc      0x10c CMakeFiles/mpu6050_calibration.dir/D_/RaspberryPiPico/Pico/pico-sdk/lib/tinyusb/src/common/tusb_fifo.c.obj
 .text._tu_fifo_peek_n
                0x10007ee8       0x5e CMakeFiles/mpu6050_calibration.dir/D_/RaspberryPiPico/Pico/pico-sdk/lib/tinyusb/src/common/tusb_fifo.c.obj
 .text._tu_fifo_read_n
                0x10007f46       0x4e CMakeFiles/mpu6050_calibration.dir/D_/RaspberryPiPico/Pico/pico-sdk/lib/tinyusb/src/common/tusb_fifo.c.obj
 .text._ff_push_const_addr
                0x10007f94       0x40 CMakeFiles/mpu6050_calibration.dir/D_/RaspberryPiPico/Pico/pico-sdk/lib/tinyusb/src/common/tusb_fifo.c.obj
 .text._ff_push_n
                0x10007fd4      0x108 CMakeFiles/mpu6050_calibration.dir/D_/RaspberryPiPico/Pico/pico-sdk/lib/tinyusb/src/common/tusb_fifo.c.obj
 .text._tu_fifo_write_n
                0x100080dc       0x9e CMakeFiles/mpu6050_calibration.dir/D_/RaspberryPiPico/Pico/pico-sdk/lib/tinyusb/src/common/tusb_fifo.c.obj
 .text.tu_fifo_config
                0x1000817a       0x72 CMakeFiles/mpu6050_calibration.dir/D_/RaspberryPiPico/Pico/pico-sdk/lib/tinyusb/src/common/tusb_fifo.c.obj
                0x1000817a                tu_fifo_config
 .text.tu_fifo_count
                0x100081ec       0x26 CMakeFiles/mpu6050_calibration.dir/D_/RaspberryPiPico/Pico/pico-sdk/lib/tinyusb/src/common/tusb_fifo.c.obj
                0x100081ec                tu_fifo_count
 .text.tu_fifo_empty
                0x10008212       0x10 CMakeFiles/mpu6050_calibration.dir/D_/RaspberryPiPico/Pico/pico-sdk/lib/tinyusb/src/common/tusb_fifo.c.obj
                0x10008212                tu_fifo_empty
 .text.tu_fifo_remaining
                0x10008222       0x20 CMakeFiles/mpu6050_calibration.dir/D_/RaspberryPiPico/Pico/pico-sdk/lib/tinyusb/src/common/tusb_fifo.c.obj
                0x10008222                tu_fifo_remaining
 .text.tu_fifo_read
                0x10008242       0x42 CMakeFiles/mpu6050_calibration.dir/D_/RaspberryPiPico/Pico/pico-sdk/lib/tinyusb/src/common/tusb_fifo.c.obj
                0x10008242                tu_fifo_read
 .text.tu_fifo_read_n
                0x10008284        0xa CMakeFiles/mpu6050_calibration.dir/D_/RaspberryPiPico/Pico/pico-sdk/lib/tinyusb/src/common/tusb_fifo.c.obj
                0x10008284                tu_fifo_read_n
 .text.tu_fifo_write
                0x1000828e       0x6c CMakeFiles/mpu6050_calibration.dir/D_/RaspberryPiPico/Pico/pico-sdk/lib/tinyusb/src/common/tusb_fifo.c.obj
                0x1000828e                tu_fifo_write
 .text.tu_fifo_write_n
                0x100082fa        0xa CMakeFiles/mpu6050_calibration.dir/D_/RaspberryPiPico/Pico/pico-sdk/lib/tinyusb/src/common/tusb_fifo.c.obj
                0x100082fa                tu_fifo_write_n
 .text.tu_fifo_clear
                0x10008304       0x4c CMakeFiles/mpu6050_calibration.dir/D_/RaspberryPiPico/Pico/pico-sdk/lib/tinyusb/src/common/tusb_fifo.c.obj
                0x10008304                tu_fifo_clear
 .text.tu_fifo_set_overwritable
                0x10008350       0x3c CMakeFiles/mpu6050_calibration.dir/D_/RaspberryPiPico/Pico/pico-sdk/lib/tinyusb/src/common/tusb_fifo.c.obj
                0x10008350                tu_fifo_set_overwritable
 .text._retrieve_unique_id_on_boot
                0x1000838c       0x10 CMakeFiles/mpu6050_calibration.dir/D_/RaspberryPiPico/Pico/pico-sdk/src/rp2_common/pico_unique_id/unique_id.c.obj
 .text.pico_get_unique_board_id_string
                0x1000839c       0x60 CMakeFiles/mpu6050_calibration.dir/D_/RaspberryPiPico/Pico/pico-sdk/src/rp2_common/pico_unique_id/unique_id.c.obj
                0x1000839c                pico_get_unique_board_id_string
 .text.flash_get_unique_id
                0x100083fc       0x46 CMakeFiles/mpu6050_calibration.dir/D_/RaspberryPiPico/Pico/pico-sdk/src/rp2_common/hardware_flash/flash.c.obj
                0x100083fc                flash_get_unique_id
 .text.i2c_write_blocking_internal
                0x10008442      0x140 CMakeFiles/mpu6050_calibration.dir/D_/RaspberryPiPico/Pico/pico-sdk/src/rp2_common/hardware_i2c/i2c.c.obj
 .text.i2c_read_blocking_internal
                0x10008582       0xe6 CMakeFiles/mpu6050_calibration.dir/D_/RaspberryPiPico/Pico/pico-sdk/src/rp2_common/hardware_i2c/i2c.c.obj
 .text.i2c_set_baudrate
                0x10008668       0xf0 CMakeFiles/mpu6050_calibration.dir/D_/RaspberryPiPico/Pico/pico-sdk/src/rp2_common/hardware_i2c/i2c.c.obj
                0x10008668                i2c_set_baudrate
 .text.i2c_init
                0x10008758       0x58 CMakeFiles/mpu6050_calibration.dir/D_/RaspberryPiPico/Pico/pico-sdk/src/rp2_common/hardware_i2c/i2c.c.obj
                0x10008758                i2c_init
 .text.i2c_write_blocking
                0x100087b0       0x18 CMakeFiles/mpu6050_calibration.dir/D_/RaspberryPiPico/Pico/pico-sdk/src/rp2_common/hardware_i2c/i2c.c.obj
                0x100087b0                i2c_write_blocking
 .text.i2c_read_blocking_until
                0x100087c8       0x3e CMakeFiles/mpu6050_calibration.dir/D_/RaspberryPiPico/Pico/pico-sdk/src/rp2_common/hardware_i2c/i2c.c.obj
                0x100087c8                i2c_read_blocking_until
 *fill*         0x10008806        0x2 
 .text.strlen   0x10008808       0x5c c:/progra~2/gnuarm~1/102021~1.10/bin/../lib/gcc/arm-none-eabi/10.3.1/../../../../arm-none-eabi/lib/thumb/v6-m/nofp\libg.a(lib_a-strlen-stub.o)
                0x10008808                strlen
 *(.fini)
 .fini          0x10008864        0x4 c:/progra~2/gnuarm~1/102021~1.10/bin/../lib/gcc/arm-none-eabi/10.3.1/thumb/v6-m/nofp/crti.o
                0x10008864                _fini
 .fini.__stub   0x10008868       0x70 linker stubs
 *crtbegin.o(.ctors)
 *crtbegin?.o(.ctors)
 *(EXCLUDE_FILE(*crtend.o *crtend?.o) .ctors)
 *(SORT_BY_NAME(.ctors.*))
 *(.ctors)
 *crtbegin.o(.dtors)
 *crtbegin?.o(.dtors)
 *(EXCLUDE_FILE(*crtend.o *crtend?.o) .dtors)
 *(SORT_BY_NAME(.dtors.*))
 *(.dtors)
 *(.eh_frame*)
 .eh_frame      0x100088d8        0x0 c:/progra~2/gnuarm~1/102021~1.10/bin/../lib/gcc/arm-none-eabi/10.3.1/thumb/v6-m/nofp/crtbegin.o
                0x100088d8                . = ALIGN (0x4)

.glue_7         0x100088d8        0x0
 .glue_7        0x100088d8        0x0 linker stubs

.glue_7t        0x100088d8        0x0
 .glue_7t       0x100088d8        0x0 linker stubs

.vfp11_veneer   0x100088d8        0x0
 .vfp11_veneer  0x100088d8        0x0 linker stubs

.v4_bx          0x100088d8        0x0
 .v4_bx         0x100088d8        0x0 linker stubs

.iplt           0x100088d8        0x0
 .iplt          0x100088d8        0x0 c:/progra~2/gnuarm~1/102021~1.10/bin/../lib/gcc/arm-none-eabi/10.3.1/thumb/v6-m/nofp/crtbegin.o

.rodata         0x100088d8     0x1a80
 *(EXCLUDE_FILE(*libm.a: *libc.a:*lib_a-mem*.o *libgcc.a:) .rodata*)
 .rodata._Z10Initializev.str1.4
                0x100088d8      0x15a CMakeFiles/mpu6050_calibration.dir/mpu6050_calibration.cpp.obj
 *fill*         0x10008a32        0x2 
 .rodata._Z12ShowProgressv.str1.4
                0x10008a34       0x49 CMakeFiles/mpu6050_calibration.dir/mpu6050_calibration.cpp.obj
 *fill*         0x10008a7d        0x3 
 .rodata._Z12SetAveragingi.str1.4
                0x10008a80       0x22 CMakeFiles/mpu6050_calibration.dir/mpu6050_calibration.cpp.obj
 *fill*         0x10008aa2        0x2 
 .rodata._Z14PullBracketsInv.str1.4
                0x10008aa4        0xd CMakeFiles/mpu6050_calibration.dir/mpu6050_calibration.cpp.obj
 *fill*         0x10008ab1        0x3 
 .rodata._Z15PullBracketsOutv.str1.4
                0x10008ab4        0xc CMakeFiles/mpu6050_calibration.dir/mpu6050_calibration.cpp.obj
 .rodata._Z7initLEDv.str1.4
                0x10008ac0       0x1b CMakeFiles/mpu6050_calibration.dir/mpu6050_calibration.cpp.obj
 *fill*         0x10008adb        0x1 
 .rodata.main.str1.4
                0x10008adc       0x25 CMakeFiles/mpu6050_calibration.dir/mpu6050_calibration.cpp.obj
 *fill*         0x10008b01        0x3 
 .rodata._ZN7MPU605018PrintActiveOffsetsEv.str1.4
                0x10008b04       0x5a CMakeFiles/mpu6050_calibration.dir/MPU6050.cpp.obj
 *fill*         0x10008b5e        0x2 
 .rodata._ZN6I2Cdev9readBytesEhhhPhm.str1.4
                0x10008b60       0x9f CMakeFiles/mpu6050_calibration.dir/I2Cdev.cpp.obj
 *fill*         0x10008bff        0x1 
 .rodata.spin_lock_claim_unused.str1.4
                0x10008c00       0x1b CMakeFiles/mpu6050_calibration.dir/D_/RaspberryPiPico/Pico/pico-sdk/src/rp2_common/hardware_sync/sync.c.obj
 *fill*         0x10008c1b        0x1 
 .rodata.make_branch.str1.4
                0x10008c1c       0x73 CMakeFiles/mpu6050_calibration.dir/D_/RaspberryPiPico/Pico/pico-sdk/src/rp2_common/hardware_irq/irq.c.obj
 *fill*         0x10008c8f        0x1 
 .rodata.insert_branch_and_link.str1.4
                0x10008c90       0x10 CMakeFiles/mpu6050_calibration.dir/D_/RaspberryPiPico/Pico/pico-sdk/src/rp2_common/hardware_irq/irq.c.obj
 .rodata.irq_set_exclusive_handler.str1.4
                0x10008ca0       0x36 CMakeFiles/mpu6050_calibration.dir/D_/RaspberryPiPico/Pico/pico-sdk/src/rp2_common/hardware_irq/irq.c.obj
 *fill*         0x10008cd6        0x2 
 .rodata.irq_add_shared_handler.str1.4
                0x10008cd8       0xd9 CMakeFiles/mpu6050_calibration.dir/D_/RaspberryPiPico/Pico/pico-sdk/src/rp2_common/hardware_irq/irq.c.obj
 *fill*         0x10008db1        0x3 
 .rodata.irq_remove_handler.str1.4
                0x10008db4       0x2a CMakeFiles/mpu6050_calibration.dir/D_/RaspberryPiPico/Pico/pico-sdk/src/rp2_common/hardware_irq/irq.c.obj
 *fill*         0x10008dde        0x2 
 .rodata.irq_add_tail_to_free_list.str1.4
                0x10008de0       0x3a CMakeFiles/mpu6050_calibration.dir/D_/RaspberryPiPico/Pico/pico-sdk/src/rp2_common/hardware_irq/irq.c.obj
 *fill*         0x10008e1a        0x2 
 .rodata.user_irq_claim_unused.str1.4
                0x10008e1c       0x1b CMakeFiles/mpu6050_calibration.dir/D_/RaspberryPiPico/Pico/pico-sdk/src/rp2_common/hardware_irq/irq.c.obj
 *fill*         0x10008e37        0x1 
 .rodata.__func__.0
                0x10008e38       0x1a CMakeFiles/mpu6050_calibration.dir/D_/RaspberryPiPico/Pico/pico-sdk/src/rp2_common/hardware_irq/irq.c.obj
 *fill*         0x10008e52        0x2 
 .rodata.__func__.1
                0x10008e54       0x17 CMakeFiles/mpu6050_calibration.dir/D_/RaspberryPiPico/Pico/pico-sdk/src/rp2_common/hardware_irq/irq.c.obj
 *fill*         0x10008e6b        0x1 
 .rodata.__func__.2
                0x10008e6c       0x13 CMakeFiles/mpu6050_calibration.dir/D_/RaspberryPiPico/Pico/pico-sdk/src/rp2_common/hardware_irq/irq.c.obj
 *fill*         0x10008e7f        0x1 
 .rodata.__func__.3
                0x10008e80        0xc CMakeFiles/mpu6050_calibration.dir/D_/RaspberryPiPico/Pico/pico-sdk/src/rp2_common/hardware_irq/irq.c.obj
 .rodata.__func__.4
                0x10008e8c        0xf CMakeFiles/mpu6050_calibration.dir/D_/RaspberryPiPico/Pico/pico-sdk/src/rp2_common/hardware_irq/irq.c.obj
 *fill*         0x10008e9b        0x1 
 .rodata.__func__.5
                0x10008e9c       0x17 CMakeFiles/mpu6050_calibration.dir/D_/RaspberryPiPico/Pico/pico-sdk/src/rp2_common/hardware_irq/irq.c.obj
 *fill*         0x10008eb3        0x1 
 .rodata.__func__.6
                0x10008eb4       0x1a CMakeFiles/mpu6050_calibration.dir/D_/RaspberryPiPico/Pico/pico-sdk/src/rp2_common/hardware_irq/irq.c.obj
 *fill*         0x10008ece        0x2 
 .rodata.repeating_timer_callback.str1.4
                0x10008ed0       0x51 CMakeFiles/mpu6050_calibration.dir/D_/RaspberryPiPico/Pico/pico-sdk/src/common/pico_time/time.c.obj
 *fill*         0x10008f21        0x3 
 .rodata.alarm_pool_dump_key.str1.4
                0x10008f24       0x33 CMakeFiles/mpu6050_calibration.dir/D_/RaspberryPiPico/Pico/pico-sdk/src/common/pico_time/time.c.obj
 *fill*         0x10008f57        0x1 
 .rodata.ph_add_child_node.str1.4
                0x10008f58       0x9a CMakeFiles/mpu6050_calibration.dir/D_/RaspberryPiPico/Pico/pico-sdk/src/common/pico_time/time.c.obj
 *fill*         0x10008ff2        0x2 
 .rodata.add_alarm_under_lock.str1.4
                0x10008ff4       0x28 CMakeFiles/mpu6050_calibration.dir/D_/RaspberryPiPico/Pico/pico-sdk/src/common/pico_time/time.c.obj
                                 0x2b (size before relaxing)
 .rodata.alarm_pool_alarm_callback.str1.4
                0x1000901c       0x82 CMakeFiles/mpu6050_calibration.dir/D_/RaspberryPiPico/Pico/pico-sdk/src/common/pico_time/time.c.obj
                                 0xea (size before relaxing)
 *fill*         0x1000909e        0x2 
 .rodata.alarm_pool_get_default.str1.4
                0x100090a0       0x21 CMakeFiles/mpu6050_calibration.dir/D_/RaspberryPiPico/Pico/pico-sdk/src/common/pico_time/time.c.obj
 *fill*         0x100090c1        0x3 
 .rodata.alarm_pool_cancel_alarm.str1.4
                0x100090c4       0x27 CMakeFiles/mpu6050_calibration.dir/D_/RaspberryPiPico/Pico/pico-sdk/src/common/pico_time/time.c.obj
 *fill*         0x100090eb        0x1 
 .rodata.sleep_until.str1.4
                0x100090ec       0x4d CMakeFiles/mpu6050_calibration.dir/D_/RaspberryPiPico/Pico/pico-sdk/src/common/pico_time/time.c.obj
 *fill*         0x10009139        0x3 
 .rodata.__func__.1
                0x1000913c       0x18 CMakeFiles/mpu6050_calibration.dir/D_/RaspberryPiPico/Pico/pico-sdk/src/common/pico_time/time.c.obj
 .rodata.__func__.10
                0x10009154       0x15 CMakeFiles/mpu6050_calibration.dir/D_/RaspberryPiPico/Pico/pico-sdk/src/common/pico_time/time.c.obj
 *fill*         0x10009169        0x3 
 .rodata.__func__.11
                0x1000916c       0x1a CMakeFiles/mpu6050_calibration.dir/D_/RaspberryPiPico/Pico/pico-sdk/src/common/pico_time/time.c.obj
 *fill*         0x10009186        0x2 
 .rodata.__func__.12
                0x10009188        0xa CMakeFiles/mpu6050_calibration.dir/D_/RaspberryPiPico/Pico/pico-sdk/src/common/pico_time/time.c.obj
 *fill*         0x10009192        0x2 
 .rodata.__func__.3
                0x10009194       0x17 CMakeFiles/mpu6050_calibration.dir/D_/RaspberryPiPico/Pico/pico-sdk/src/common/pico_time/time.c.obj
 *fill*         0x100091ab        0x1 
 .rodata.__func__.4
                0x100091ac       0x12 CMakeFiles/mpu6050_calibration.dir/D_/RaspberryPiPico/Pico/pico-sdk/src/common/pico_time/time.c.obj
 *fill*         0x100091be        0x2 
 .rodata.__func__.5
                0x100091c0        0xd CMakeFiles/mpu6050_calibration.dir/D_/RaspberryPiPico/Pico/pico-sdk/src/common/pico_time/time.c.obj
 *fill*         0x100091cd        0x3 
 .rodata.__func__.6
                0x100091d0       0x12 CMakeFiles/mpu6050_calibration.dir/D_/RaspberryPiPico/Pico/pico-sdk/src/common/pico_time/time.c.obj
 *fill*         0x100091e2        0x2 
 .rodata.__func__.7
                0x100091e4        0xf CMakeFiles/mpu6050_calibration.dir/D_/RaspberryPiPico/Pico/pico-sdk/src/common/pico_time/time.c.obj
 *fill*         0x100091f3        0x1 
 .rodata.__func__.8
                0x100091f4        0xc CMakeFiles/mpu6050_calibration.dir/D_/RaspberryPiPico/Pico/pico-sdk/src/common/pico_time/time.c.obj
 .rodata.__func__.9
                0x10009200       0x15 CMakeFiles/mpu6050_calibration.dir/D_/RaspberryPiPico/Pico/pico-sdk/src/common/pico_time/time.c.obj
 *fill*         0x10009215        0x3 
 .rodata.hardware_alarm_claim.str1.4
                0x10009218       0x22 CMakeFiles/mpu6050_calibration.dir/D_/RaspberryPiPico/Pico/pico-sdk/src/rp2_common/hardware_timer/timer.c.obj
 *fill*         0x1000923a        0x2 
 .rodata.hardware_alarm_set_target.str1.4
                0x1000923c       0x6b CMakeFiles/mpu6050_calibration.dir/D_/RaspberryPiPico/Pico/pico-sdk/src/rp2_common/hardware_timer/timer.c.obj
 *fill*         0x100092a7        0x1 
 .rodata.__func__.0
                0x100092a8       0x1a CMakeFiles/mpu6050_calibration.dir/D_/RaspberryPiPico/Pico/pico-sdk/src/rp2_common/hardware_timer/timer.c.obj
 .rodata.ph_add_child_node.str1.4
                0x100092c2       0x9a CMakeFiles/mpu6050_calibration.dir/D_/RaspberryPiPico/Pico/pico-sdk/src/common/pico_util/pheap.c.obj
 *fill*         0x100092c2        0x2 
 .rodata.ph_remove_any_head.str1.4
                0x100092c4       0x94 CMakeFiles/mpu6050_calibration.dir/D_/RaspberryPiPico/Pico/pico-sdk/src/common/pico_util/pheap.c.obj
 .rodata.ph_remove_and_free_node.str1.4
                0x10009358       0x1e CMakeFiles/mpu6050_calibration.dir/D_/RaspberryPiPico/Pico/pico-sdk/src/common/pico_util/pheap.c.obj
                                 0x26 (size before relaxing)
 *fill*         0x10009376        0x2 
 .rodata.__func__.0
                0x10009378       0x18 CMakeFiles/mpu6050_calibration.dir/D_/RaspberryPiPico/Pico/pico-sdk/src/common/pico_util/pheap.c.obj
 .rodata.__func__.1
                0x10009390       0x13 CMakeFiles/mpu6050_calibration.dir/D_/RaspberryPiPico/Pico/pico-sdk/src/common/pico_util/pheap.c.obj
 *fill*         0x100093a3        0x1 
 .rodata.__func__.2
                0x100093a4       0x12 CMakeFiles/mpu6050_calibration.dir/D_/RaspberryPiPico/Pico/pico-sdk/src/common/pico_util/pheap.c.obj
 *fill*         0x100093b6        0x2 
 .rodata.__func__.3
                0x100093b8        0xc CMakeFiles/mpu6050_calibration.dir/D_/RaspberryPiPico/Pico/pico-sdk/src/common/pico_util/pheap.c.obj
 .rodata.str1.4
                0x100093c4       0x91 CMakeFiles/mpu6050_calibration.dir/D_/RaspberryPiPico/Pico/pico-sdk/src/common/pico_sync/mutex.c.obj
                                 0xf9 (size before relaxing)
 *fill*         0x10009455        0x3 
 .rodata.__func__.1
                0x10009458        0xb CMakeFiles/mpu6050_calibration.dir/D_/RaspberryPiPico/Pico/pico-sdk/src/common/pico_sync/mutex.c.obj
 *fill*         0x10009463        0x1 
 .rodata.__func__.3
                0x10009464       0x18 CMakeFiles/mpu6050_calibration.dir/D_/RaspberryPiPico/Pico/pico-sdk/src/common/pico_sync/mutex.c.obj
 .rodata.__func__.4
                0x1000947c       0x15 CMakeFiles/mpu6050_calibration.dir/D_/RaspberryPiPico/Pico/pico-sdk/src/common/pico_sync/mutex.c.obj
 *fill*         0x10009491        0x3 
 .rodata.__assert_func.str1.4
                0x10009494       0x3f CMakeFiles/mpu6050_calibration.dir/D_/RaspberryPiPico/Pico/pico-sdk/src/rp2_common/pico_runtime/runtime.c.obj
                                 0x43 (size before relaxing)
 *fill*         0x100094d3        0x1 
 .rodata.runtime_init.str1.4
                0x100094d4       0x67 CMakeFiles/mpu6050_calibration.dir/D_/RaspberryPiPico/Pico/pico-sdk/src/rp2_common/pico_runtime/runtime.c.obj
 *fill*         0x1000953b        0x1 
 .rodata.panic.str1.4
                0x1000953c       0x10 CMakeFiles/mpu6050_calibration.dir/D_/RaspberryPiPico/Pico/pico-sdk/src/rp2_common/pico_runtime/runtime.c.obj
                                 0x12 (size before relaxing)
 .rodata.__func__.1
                0x1000954c        0xd CMakeFiles/mpu6050_calibration.dir/D_/RaspberryPiPico/Pico/pico-sdk/src/rp2_common/pico_runtime/runtime.c.obj
 *fill*         0x10009559        0x3 
 .rodata.clock_configure.str1.4
                0x1000955c       0x5d CMakeFiles/mpu6050_calibration.dir/D_/RaspberryPiPico/Pico/pico-sdk/src/rp2_common/hardware_clocks/clocks.c.obj
 *fill*         0x100095b9        0x3 
 .rodata.__func__.1
                0x100095bc       0x10 CMakeFiles/mpu6050_calibration.dir/D_/RaspberryPiPico/Pico/pico-sdk/src/rp2_common/hardware_clocks/clocks.c.obj
 .rodata.pll_init.str1.4
                0x100095cc      0x13f CMakeFiles/mpu6050_calibration.dir/D_/RaspberryPiPico/Pico/pico-sdk/src/rp2_common/hardware_pll/pll.c.obj
 *fill*         0x1000970b        0x1 
 .rodata.__func__.0
                0x1000970c        0x9 CMakeFiles/mpu6050_calibration.dir/D_/RaspberryPiPico/Pico/pico-sdk/src/rp2_common/hardware_pll/pll.c.obj
 *fill*         0x10009715        0x3 
 .rodata._ftoa.str1.4
                0x10009718       0x15 CMakeFiles/mpu6050_calibration.dir/D_/RaspberryPiPico/Pico/pico-sdk/src/rp2_common/pico_printf/printf.c.obj
 *fill*         0x1000972d        0x3 
 .rodata._vsnprintf
                0x10009730      0x1e0 CMakeFiles/mpu6050_calibration.dir/D_/RaspberryPiPico/Pico/pico-sdk/src/rp2_common/pico_printf/printf.c.obj
 .rodata.pow10.0
                0x10009910       0x50 CMakeFiles/mpu6050_calibration.dir/D_/RaspberryPiPico/Pico/pico-sdk/src/rp2_common/pico_printf/printf.c.obj
 .rodata.__aeabi_double_init.str1.4
                0x10009960       0xae CMakeFiles/mpu6050_calibration.dir/D_/RaspberryPiPico/Pico/pico-sdk/src/rp2_common/pico_double/double_init_rom.c.obj
 *fill*         0x10009a0e        0x2 
 .rodata.__func__.0
                0x10009a10       0x14 CMakeFiles/mpu6050_calibration.dir/D_/RaspberryPiPico/Pico/pico-sdk/src/rp2_common/pico_double/double_init_rom.c.obj
 .rodata.__aeabi_float_init.str1.4
                0x10009a24       0x80 CMakeFiles/mpu6050_calibration.dir/D_/RaspberryPiPico/Pico/pico-sdk/src/rp2_common/pico_float/float_init_rom.c.obj
                                 0x84 (size before relaxing)
 .rodata.__func__.0
                0x10009aa4       0x13 CMakeFiles/mpu6050_calibration.dir/D_/RaspberryPiPico/Pico/pico-sdk/src/rp2_common/pico_float/float_init_rom.c.obj
 *fill*         0x10009ab7        0x1 
 .rodata.str1.4
                0x10009ab8       0x4c CMakeFiles/mpu6050_calibration.dir/D_/RaspberryPiPico/Pico/pico-sdk/src/rp2_common/pico_standard_link/binary_info.c.obj
 .rodata.__bi_44
                0x10009b04        0xc CMakeFiles/mpu6050_calibration.dir/D_/RaspberryPiPico/Pico/pico-sdk/src/rp2_common/pico_standard_link/binary_info.c.obj
 .rodata.__bi_56
                0x10009b10        0xc CMakeFiles/mpu6050_calibration.dir/D_/RaspberryPiPico/Pico/pico-sdk/src/rp2_common/pico_standard_link/binary_info.c.obj
 .rodata.__bi_75
                0x10009b1c        0xc CMakeFiles/mpu6050_calibration.dir/D_/RaspberryPiPico/Pico/pico-sdk/src/rp2_common/pico_standard_link/binary_info.c.obj
 .rodata.__bi_81
                0x10009b28        0xc CMakeFiles/mpu6050_calibration.dir/D_/RaspberryPiPico/Pico/pico-sdk/src/rp2_common/pico_standard_link/binary_info.c.obj
 .rodata.crlf_str.3
                0x10009b34        0x2 CMakeFiles/mpu6050_calibration.dir/D_/RaspberryPiPico/Pico/pico-sdk/src/rp2_common/pico_stdio/stdio.c.obj
 *fill*         0x10009b36        0x2 
 .rodata._resetd_driver
                0x10009b38       0x18 CMakeFiles/mpu6050_calibration.dir/D_/RaspberryPiPico/Pico/pico-sdk/src/rp2_common/pico_stdio_usb/reset_interface.c.obj
 .rodata.timer_task.str1.4
                0x10009b50       0x73 CMakeFiles/mpu6050_calibration.dir/D_/RaspberryPiPico/Pico/pico-sdk/src/rp2_common/pico_stdio_usb/stdio_usb.c.obj
 .rodata.stdio_usb_init.str1.4
                0x10009bc3       0x67 CMakeFiles/mpu6050_calibration.dir/D_/RaspberryPiPico/Pico/pico-sdk/src/rp2_common/pico_stdio_usb/stdio_usb.c.obj
 *fill*         0x10009bc3        0x1 
 .rodata.str1.4
                0x10009bc4       0x13 CMakeFiles/mpu6050_calibration.dir/D_/RaspberryPiPico/Pico/pico-sdk/src/rp2_common/pico_stdio_usb/stdio_usb.c.obj
 *fill*         0x10009bd7        0x1 
 .rodata.__bi_118.2
                0x10009bd8        0xc CMakeFiles/mpu6050_calibration.dir/D_/RaspberryPiPico/Pico/pico-sdk/src/rp2_common/pico_stdio_usb/stdio_usb.c.obj
 .rodata.__func__.0
                0x10009be4       0x15 CMakeFiles/mpu6050_calibration.dir/D_/RaspberryPiPico/Pico/pico-sdk/src/rp2_common/pico_stdio_usb/stdio_usb.c.obj
 *fill*         0x10009bf9        0x3 
 .rodata.__func__.1
                0x10009bfc        0xb CMakeFiles/mpu6050_calibration.dir/D_/RaspberryPiPico/Pico/pico-sdk/src/rp2_common/pico_stdio_usb/stdio_usb.c.obj
 *fill*         0x10009c07        0x1 
 .rodata.str1.4
                0x10009c08       0x2a CMakeFiles/mpu6050_calibration.dir/D_/RaspberryPiPico/Pico/pico-sdk/src/rp2_common/pico_stdio_usb/stdio_usb_descriptors.c.obj
 *fill*         0x10009c32        0x2 
 .rodata.usbd_desc_cfg
                0x10009c34       0x54 CMakeFiles/mpu6050_calibration.dir/D_/RaspberryPiPico/Pico/pico-sdk/src/rp2_common/pico_stdio_usb/stdio_usb_descriptors.c.obj
 .rodata.usbd_desc_device
                0x10009c88       0x12 CMakeFiles/mpu6050_calibration.dir/D_/RaspberryPiPico/Pico/pico-sdk/src/rp2_common/pico_stdio_usb/stdio_usb_descriptors.c.obj
 *fill*         0x10009c9a        0x2 
 .rodata.usbd_desc_str
                0x10009c9c       0x18 CMakeFiles/mpu6050_calibration.dir/D_/RaspberryPiPico/Pico/pico-sdk/src/rp2_common/pico_stdio_usb/stdio_usb_descriptors.c.obj
 .rodata._hw_endpoint_alloc.str1.4
                0x10009cb4       0xbd CMakeFiles/mpu6050_calibration.dir/D_/RaspberryPiPico/Pico/pico-sdk/lib/tinyusb/src/portable/raspberrypi/rp2040/dcd_rp2040.c.obj
 *fill*         0x10009d71        0x3 
 .rodata.dcd_rp2040_irq.str1.4
                0x10009d74       0x14 CMakeFiles/mpu6050_calibration.dir/D_/RaspberryPiPico/Pico/pico-sdk/lib/tinyusb/src/portable/raspberrypi/rp2040/dcd_rp2040.c.obj
 .rodata.dcd_int_enable.str1.4